[2025-02-27T12:22:16.641+0000] {taskinstance.py:1157} INFO - Dependencies all met for dep_context=non-requeueable deps ti=<TaskInstance: yfinance_ingestion_dag.fetch_data scheduled__2025-01-04T00:00:00+00:00 [queued]>
[2025-02-27T12:22:16.701+0000] {taskinstance.py:1157} INFO - Dependencies all met for dep_context=requeueable deps ti=<TaskInstance: yfinance_ingestion_dag.fetch_data scheduled__2025-01-04T00:00:00+00:00 [queued]>
[2025-02-27T12:22:16.706+0000] {taskinstance.py:1359} INFO - Starting attempt 1 of 1
[2025-02-27T12:22:16.857+0000] {taskinstance.py:1380} INFO - Executing <Task(PythonOperator): fetch_data> on 2025-01-04 00:00:00+00:00
[2025-02-27T12:22:16.906+0000] {standard_task_runner.py:57} INFO - Started process 228 to run task
[2025-02-27T12:22:16.941+0000] {standard_task_runner.py:84} INFO - Running: ['***', 'tasks', 'run', 'yfinance_ingestion_dag', 'fetch_data', 'scheduled__2025-01-04T00:00:00+00:00', '--job-id', '7', '--raw', '--subdir', 'DAGS_FOLDER/pipeline.py', '--cfg-path', '/tmp/tmp3o5e5zqt']
[2025-02-27T12:22:16.965+0000] {standard_task_runner.py:85} INFO - Job 7: Subtask fetch_data
[2025-02-27T12:22:17.401+0000] {task_command.py:415} INFO - Running <TaskInstance: yfinance_ingestion_dag.fetch_data scheduled__2025-01-04T00:00:00+00:00 [running]> on host 37788710213d
[2025-02-27T12:22:18.792+0000] {taskinstance.py:1660} INFO - Exporting env vars: AIRFLOW_CTX_DAG_OWNER='etudiant' AIRFLOW_CTX_DAG_ID='yfinance_ingestion_dag' AIRFLOW_CTX_TASK_ID='fetch_data' AIRFLOW_CTX_EXECUTION_DATE='2025-01-04T00:00:00+00:00' AIRFLOW_CTX_TRY_NUMBER='1' AIRFLOW_CTX_DAG_RUN_ID='scheduled__2025-01-04T00:00:00+00:00'
[2025-02-27T12:22:21.636+0000] {logging_mixin.py:151} INFO - [
    {
        "datetime": "2025-01-28T12:00:00.000Z",
        "open_price": 2766.300048828125,
        "high_price": 2768.89990234375,
        "low_price": 2764.800048828125,
        "close_price": 2767.10009765625,
        "volume": 0,
        "asset": "GOLD"
    },
    {
        "datetime": "2025-01-28T13:00:00.000Z",
        "open_price": 2767.10009765625,
        "high_price": 2772.800048828125,
        "low_price": 2766.800048828125,
        "close_price": 2772.199951171875,
        "volume": 12432,
        "asset": "GOLD"
    },
    {
        "datetime": "2025-01-28T14:00:00.000Z",
        "open_price": 2772.10009765625,
        "high_price": 2774.0,
        "low_price": 2771.300048828125,
        "close_price": 2773.199951171875,
        "volume": 5824,
        "asset": "GOLD"
    },
    {
        "datetime": "2025-01-28T15:00:00.000Z",
        "open_price": 2773.199951171875,
        "high_price": 2773.60009765625,
        "low_price": 2770.10009765625,
        "close_price": 2771.89990234375,
        "volume": 4794,
        "asset": "GOLD"
    },
    {
        "datetime": "2025-01-28T16:00:00.000Z",
        "open_price": 2771.800048828125,
        "high_price": 2772.0,
        "low_price": 2770.5,
        "close_price": 2771.5,
        "volume": 2576,
        "asset": "GOLD"
    }
]
[2025-02-27T12:22:21.827+0000] {python.py:194} INFO - Done. Returned value was: None
[2025-02-27T12:22:21.868+0000] {taskinstance.py:1398} INFO - Marking task as SUCCESS. dag_id=yfinance_ingestion_dag, task_id=fetch_data, execution_date=20250104T000000, start_date=20250227T122216, end_date=20250227T122221
[2025-02-27T12:22:22.094+0000] {local_task_job_runner.py:228} INFO - Task exited with return code 0
[2025-02-27T12:22:22.236+0000] {taskinstance.py:2776} INFO - 1 downstream tasks scheduled from follow-on schedule check
