[2025-03-14T12:13:39.903+0000] {taskinstance.py:1157} INFO - Dependencies all met for dep_context=non-requeueable deps ti=<TaskInstance: yfinance_ingestion_dag.update_historic_file_in_hdfs manual__2025-03-14T12:13:35.991165+00:00 [queued]>
[2025-03-14T12:13:39.914+0000] {taskinstance.py:1157} INFO - Dependencies all met for dep_context=requeueable deps ti=<TaskInstance: yfinance_ingestion_dag.update_historic_file_in_hdfs manual__2025-03-14T12:13:35.991165+00:00 [queued]>
[2025-03-14T12:13:39.915+0000] {taskinstance.py:1359} INFO - Starting attempt 1 of 4
[2025-03-14T12:13:39.930+0000] {taskinstance.py:1380} INFO - Executing <Task(PythonOperator): update_historic_file_in_hdfs> on 2025-03-14 12:13:35.991165+00:00
[2025-03-14T12:13:39.935+0000] {standard_task_runner.py:57} INFO - Started process 1278 to run task
[2025-03-14T12:13:39.939+0000] {standard_task_runner.py:84} INFO - Running: ['***', 'tasks', 'run', 'yfinance_ingestion_dag', 'update_historic_file_in_hdfs', 'manual__2025-03-14T12:13:35.991165+00:00', '--job-id', '361', '--raw', '--subdir', 'DAGS_FOLDER/pipeline.py', '--cfg-path', '/tmp/tmp4649vst9']
[2025-03-14T12:13:39.942+0000] {standard_task_runner.py:85} INFO - Job 361: Subtask update_historic_file_in_hdfs
[2025-03-14T12:13:39.990+0000] {task_command.py:415} INFO - Running <TaskInstance: yfinance_ingestion_dag.update_historic_file_in_hdfs manual__2025-03-14T12:13:35.991165+00:00 [running]> on host f8c11d6f9983
[2025-03-14T12:13:40.085+0000] {taskinstance.py:1660} INFO - Exporting env vars: AIRFLOW_CTX_DAG_OWNER='etudiant' AIRFLOW_CTX_DAG_ID='yfinance_ingestion_dag' AIRFLOW_CTX_TASK_ID='update_historic_file_in_hdfs' AIRFLOW_CTX_EXECUTION_DATE='2025-03-14T12:13:35.991165+00:00' AIRFLOW_CTX_TRY_NUMBER='1' AIRFLOW_CTX_DAG_RUN_ID='manual__2025-03-14T12:13:35.991165+00:00'
[2025-03-14T12:13:40.099+0000] {client.py:192} INFO - Instantiated <InsecureClient(url='http://namenode:9870')>.
[2025-03-14T12:13:40.102+0000] {client.py:724} INFO - Reading file '/user/etudiant/crypto/raw/historique_gold/yfinance_raw_historique.json'.
[2025-03-14T12:13:40.188+0000] {logging_mixin.py:151} INFO - Fichier historique chargé, 5825 lignes existantes.
[2025-03-14T12:13:40.190+0000] {logging_mixin.py:151} INFO - La ligne pour 2025-03-14T00:00:00.000Z existe déjà, pas d'ajout.
[2025-03-14T12:13:40.333+0000] {logging_mixin.py:151} INFO - Fichier temporaire /mnt/hadoop_data/yfinance_raw_historique.json créé avec succès.
[2025-03-14T12:13:45.528+0000] {logging_mixin.py:151} INFO - Fichier /user/etudiant/crypto/raw/historique_gold/yfinance_raw_historique.json mis à jour avec succès dans HDFS.
[2025-03-14T12:13:45.529+0000] {logging_mixin.py:151} INFO - Fichier temporaire /mnt/hadoop_data/yfinance_raw_historique.json supprimé.
[2025-03-14T12:13:45.533+0000] {python.py:194} INFO - Done. Returned value was: None
[2025-03-14T12:13:45.544+0000] {taskinstance.py:1398} INFO - Marking task as SUCCESS. dag_id=yfinance_ingestion_dag, task_id=update_historic_file_in_hdfs, execution_date=20250314T121335, start_date=20250314T121339, end_date=20250314T121345
[2025-03-14T12:13:45.597+0000] {local_task_job_runner.py:228} INFO - Task exited with return code 0
[2025-03-14T12:13:45.622+0000] {taskinstance.py:2776} INFO - 1 downstream tasks scheduled from follow-on schedule check
