[2025-02-27T12:27:33.990+0000] {taskinstance.py:1157} INFO - Dependencies all met for dep_context=non-requeueable deps ti=<TaskInstance: yfinance_ingestion_dag.store_raw_data_in_hdfs manual__2025-02-27T12:27:28.563381+00:00 [queued]>
[2025-02-27T12:27:34.002+0000] {taskinstance.py:1157} INFO - Dependencies all met for dep_context=requeueable deps ti=<TaskInstance: yfinance_ingestion_dag.store_raw_data_in_hdfs manual__2025-02-27T12:27:28.563381+00:00 [queued]>
[2025-02-27T12:27:34.003+0000] {taskinstance.py:1359} INFO - Starting attempt 1 of 1
[2025-02-27T12:27:34.025+0000] {taskinstance.py:1380} INFO - Executing <Task(PythonOperator): store_raw_data_in_hdfs> on 2025-02-27 12:27:28.563381+00:00
[2025-02-27T12:27:34.038+0000] {standard_task_runner.py:57} INFO - Started process 644 to run task
[2025-02-27T12:27:34.046+0000] {standard_task_runner.py:84} INFO - Running: ['***', 'tasks', 'run', 'yfinance_ingestion_dag', 'store_raw_data_in_hdfs', 'manual__2025-02-27T12:27:28.563381+00:00', '--job-id', '126', '--raw', '--subdir', 'DAGS_FOLDER/pipeline.py', '--cfg-path', '/tmp/tmpan4yxxe4']
[2025-02-27T12:27:34.054+0000] {standard_task_runner.py:85} INFO - Job 126: Subtask store_raw_data_in_hdfs
[2025-02-27T12:27:34.167+0000] {task_command.py:415} INFO - Running <TaskInstance: yfinance_ingestion_dag.store_raw_data_in_hdfs manual__2025-02-27T12:27:28.563381+00:00 [running]> on host 37788710213d
[2025-02-27T12:27:34.296+0000] {taskinstance.py:1660} INFO - Exporting env vars: AIRFLOW_CTX_DAG_OWNER='etudiant' AIRFLOW_CTX_DAG_ID='yfinance_ingestion_dag' AIRFLOW_CTX_TASK_ID='store_raw_data_in_hdfs' AIRFLOW_CTX_EXECUTION_DATE='2025-02-27T12:27:28.563381+00:00' AIRFLOW_CTX_TRY_NUMBER='1' AIRFLOW_CTX_DAG_RUN_ID='manual__2025-02-27T12:27:28.563381+00:00'
[2025-02-27T12:27:36.893+0000] {logging_mixin.py:151} INFO - Erreur lors de l'exécution de la commande HDFS : Command '['docker', 'exec', 'namenode', '-i', '-u', 'root', 'hdfs', 'dfs', '-put', '-f', '/tmp/yfinance_raw_20250227.json', '/user/etudiant/gold/raw/YYYY=2025/MM=02/DD=27/yfinance_raw.json']' returned non-zero exit status 126.
[2025-02-27T12:27:36.894+0000] {taskinstance.py:1935} ERROR - Task failed with exception
Traceback (most recent call last):
  File "/home/airflow/.local/lib/python3.8/site-packages/airflow/operators/python.py", line 192, in execute
    return_value = self.execute_callable()
  File "/home/airflow/.local/lib/python3.8/site-packages/airflow/operators/python.py", line 209, in execute_callable
    return self.python_callable(*self.op_args, **self.op_kwargs)
  File "/opt/airflow/dags/pipeline.py", line 86, in store_raw_data_in_hdfs
    subprocess.run(
  File "/usr/local/lib/python3.8/subprocess.py", line 516, in run
    raise CalledProcessError(retcode, process.args,
subprocess.CalledProcessError: Command '['docker', 'exec', 'namenode', '-i', '-u', 'root', 'hdfs', 'dfs', '-put', '-f', '/tmp/yfinance_raw_20250227.json', '/user/etudiant/gold/raw/YYYY=2025/MM=02/DD=27/yfinance_raw.json']' returned non-zero exit status 126.
[2025-02-27T12:27:36.910+0000] {taskinstance.py:1398} INFO - Marking task as FAILED. dag_id=yfinance_ingestion_dag, task_id=store_raw_data_in_hdfs, execution_date=20250227T122728, start_date=20250227T122733, end_date=20250227T122736
[2025-02-27T12:27:36.924+0000] {standard_task_runner.py:104} ERROR - Failed to execute job 126 for task store_raw_data_in_hdfs (Command '['docker', 'exec', 'namenode', '-i', '-u', 'root', 'hdfs', 'dfs', '-put', '-f', '/tmp/yfinance_raw_20250227.json', '/user/etudiant/gold/raw/YYYY=2025/MM=02/DD=27/yfinance_raw.json']' returned non-zero exit status 126.; 644)
[2025-02-27T12:27:36.940+0000] {local_task_job_runner.py:228} INFO - Task exited with return code 1
[2025-02-27T12:27:36.960+0000] {taskinstance.py:2776} INFO - 0 downstream tasks scheduled from follow-on schedule check
