[2025-03-14T12:07:56.932+0000] {taskinstance.py:1157} INFO - Dependencies all met for dep_context=non-requeueable deps ti=<TaskInstance: yfinance_ingestion_dag.update_historic_file_in_hdfs manual__2025-03-14T12:07:50.107356+00:00 [queued]>
[2025-03-14T12:07:56.944+0000] {taskinstance.py:1157} INFO - Dependencies all met for dep_context=requeueable deps ti=<TaskInstance: yfinance_ingestion_dag.update_historic_file_in_hdfs manual__2025-03-14T12:07:50.107356+00:00 [queued]>
[2025-03-14T12:07:56.945+0000] {taskinstance.py:1359} INFO - Starting attempt 1 of 4
[2025-03-14T12:07:56.965+0000] {taskinstance.py:1380} INFO - Executing <Task(PythonOperator): update_historic_file_in_hdfs> on 2025-03-14 12:07:50.107356+00:00
[2025-03-14T12:07:56.973+0000] {standard_task_runner.py:57} INFO - Started process 1083 to run task
[2025-03-14T12:07:56.976+0000] {standard_task_runner.py:84} INFO - Running: ['***', 'tasks', 'run', 'yfinance_ingestion_dag', 'update_historic_file_in_hdfs', 'manual__2025-03-14T12:07:50.107356+00:00', '--job-id', '352', '--raw', '--subdir', 'DAGS_FOLDER/ingest_historique.py', '--cfg-path', '/tmp/tmpgz78o7su']
[2025-03-14T12:07:56.979+0000] {standard_task_runner.py:85} INFO - Job 352: Subtask update_historic_file_in_hdfs
[2025-03-14T12:07:57.067+0000] {task_command.py:415} INFO - Running <TaskInstance: yfinance_ingestion_dag.update_historic_file_in_hdfs manual__2025-03-14T12:07:50.107356+00:00 [running]> on host f8c11d6f9983
[2025-03-14T12:07:57.259+0000] {taskinstance.py:1660} INFO - Exporting env vars: AIRFLOW_CTX_DAG_OWNER='etudiant' AIRFLOW_CTX_DAG_ID='yfinance_ingestion_dag' AIRFLOW_CTX_TASK_ID='update_historic_file_in_hdfs' AIRFLOW_CTX_EXECUTION_DATE='2025-03-14T12:07:50.107356+00:00' AIRFLOW_CTX_TRY_NUMBER='1' AIRFLOW_CTX_DAG_RUN_ID='manual__2025-03-14T12:07:50.107356+00:00'
[2025-03-14T12:07:57.279+0000] {client.py:192} INFO - Instantiated <InsecureClient(url='http://namenode:9870')>.
[2025-03-14T12:07:57.281+0000] {client.py:724} INFO - Reading file '/user/etudiant/crypto/raw/historique_gold/yfinance_raw_historique.json'.
[2025-03-14T12:07:57.415+0000] {logging_mixin.py:151} INFO - Fichier historique chargé, 5825 lignes existantes.
[2025-03-14T12:07:57.416+0000] {logging_mixin.py:151} INFO - La ligne pour 2025-03-14T00:00:00.000Z existe déjà, pas d'ajout.
[2025-03-14T12:07:57.435+0000] {logging_mixin.py:151} INFO - Erreur lors de la création du fichier temporaire : Command '['chmod', '775', '/mnt/hadoop_data/']' returned non-zero exit status 1.
[2025-03-14T12:07:57.436+0000] {taskinstance.py:1935} ERROR - Task failed with exception
Traceback (most recent call last):
  File "/opt/airflow/dags/ingest_historique.py", line 96, in update_historic_file_in_hdfs
    subprocess.run(["chmod", "775", "/mnt/hadoop_data/"], check=True)
  File "/usr/local/lib/python3.8/subprocess.py", line 516, in run
    raise CalledProcessError(retcode, process.args,
subprocess.CalledProcessError: Command '['chmod', '775', '/mnt/hadoop_data/']' returned non-zero exit status 1.

During handling of the above exception, another exception occurred:

Traceback (most recent call last):
  File "/home/airflow/.local/lib/python3.8/site-packages/airflow/operators/python.py", line 192, in execute
    return_value = self.execute_callable()
  File "/home/airflow/.local/lib/python3.8/site-packages/airflow/operators/python.py", line 209, in execute_callable
    return self.python_callable(*self.op_args, **self.op_kwargs)
  File "/opt/airflow/dags/ingest_historique.py", line 103, in update_historic_file_in_hdfs
    raise ValueError(f"Échec de la création du fichier temporaire : {e}")
ValueError: Échec de la création du fichier temporaire : Command '['chmod', '775', '/mnt/hadoop_data/']' returned non-zero exit status 1.
[2025-03-14T12:07:57.463+0000] {taskinstance.py:1398} INFO - Marking task as UP_FOR_RETRY. dag_id=yfinance_ingestion_dag, task_id=update_historic_file_in_hdfs, execution_date=20250314T120750, start_date=20250314T120756, end_date=20250314T120757
[2025-03-14T12:07:57.481+0000] {standard_task_runner.py:104} ERROR - Failed to execute job 352 for task update_historic_file_in_hdfs (Échec de la création du fichier temporaire : Command '['chmod', '775', '/mnt/hadoop_data/']' returned non-zero exit status 1.; 1083)
[2025-03-14T12:07:57.520+0000] {local_task_job_runner.py:228} INFO - Task exited with return code 1
[2025-03-14T12:07:57.561+0000] {taskinstance.py:2776} INFO - 0 downstream tasks scheduled from follow-on schedule check
