[2025-03-14T15:37:20.435+0000] {taskinstance.py:1157} INFO - Dependencies all met for dep_context=non-requeueable deps ti=<TaskInstance: yfinance_lstm_training_dag.prepare_data_for_lstm scheduled__2025-03-13T00:00:00+00:00 [queued]>
[2025-03-14T15:37:20.452+0000] {taskinstance.py:1157} INFO - Dependencies all met for dep_context=requeueable deps ti=<TaskInstance: yfinance_lstm_training_dag.prepare_data_for_lstm scheduled__2025-03-13T00:00:00+00:00 [queued]>
[2025-03-14T15:37:20.453+0000] {taskinstance.py:1359} INFO - Starting attempt 1 of 1
[2025-03-14T15:37:20.480+0000] {taskinstance.py:1380} INFO - Executing <Task(PythonOperator): prepare_data_for_lstm> on 2025-03-13 00:00:00+00:00
[2025-03-14T15:37:20.501+0000] {standard_task_runner.py:57} INFO - Started process 4726 to run task
[2025-03-14T15:37:20.507+0000] {standard_task_runner.py:84} INFO - Running: ['***', 'tasks', 'run', 'yfinance_lstm_training_dag', 'prepare_data_for_lstm', 'scheduled__2025-03-13T00:00:00+00:00', '--job-id', '436', '--raw', '--subdir', 'DAGS_FOLDER/re_entrainment_model.py', '--cfg-path', '/tmp/tmpvodj5yc9']
[2025-03-14T15:37:20.513+0000] {standard_task_runner.py:85} INFO - Job 436: Subtask prepare_data_for_lstm
[2025-03-14T15:37:20.590+0000] {task_command.py:415} INFO - Running <TaskInstance: yfinance_lstm_training_dag.prepare_data_for_lstm scheduled__2025-03-13T00:00:00+00:00 [running]> on host cc0110907453
[2025-03-14T15:37:20.731+0000] {taskinstance.py:1660} INFO - Exporting env vars: AIRFLOW_CTX_DAG_OWNER='etudiant' AIRFLOW_CTX_DAG_ID='yfinance_lstm_training_dag' AIRFLOW_CTX_TASK_ID='prepare_data_for_lstm' AIRFLOW_CTX_EXECUTION_DATE='2025-03-13T00:00:00+00:00' AIRFLOW_CTX_TRY_NUMBER='1' AIRFLOW_CTX_DAG_RUN_ID='scheduled__2025-03-13T00:00:00+00:00'
[2025-03-14T15:37:26.160+0000] {taskinstance.py:1935} ERROR - Task failed with exception
Traceback (most recent call last):
  File "/home/airflow/.local/lib/python3.8/site-packages/airflow/operators/python.py", line 192, in execute
    return_value = self.execute_callable()
  File "/home/airflow/.local/lib/python3.8/site-packages/airflow/operators/python.py", line 209, in execute_callable
    return self.python_callable(*self.op_args, **self.op_kwargs)
  File "/opt/airflow/dags/re_entrainment_model.py", line 24, in prepare_data_for_lstm
    cluster = Cluster(['cassandra'], port=9042)
  File "cassandra/cluster.py", line 1231, in cassandra.cluster.Cluster.__init__
cassandra.UnresolvableContactPoints: {}
[2025-03-14T15:37:26.179+0000] {taskinstance.py:1398} INFO - Marking task as FAILED. dag_id=yfinance_lstm_training_dag, task_id=prepare_data_for_lstm, execution_date=20250313T000000, start_date=20250314T153720, end_date=20250314T153726
[2025-03-14T15:37:26.199+0000] {standard_task_runner.py:104} ERROR - Failed to execute job 436 for task prepare_data_for_lstm ({}; 4726)
[2025-03-14T15:37:26.237+0000] {local_task_job_runner.py:228} INFO - Task exited with return code 1
[2025-03-14T15:37:26.282+0000] {taskinstance.py:2776} INFO - 0 downstream tasks scheduled from follow-on schedule check
