[2025-03-14T12:13:57.831+0000] {taskinstance.py:1157} INFO - Dependencies all met for dep_context=non-requeueable deps ti=<TaskInstance: yfinance_ingestion_dag.store_transformed_data_in_cassandra manual__2025-03-14T12:13:35.991165+00:00 [queued]>
[2025-03-14T12:13:57.842+0000] {taskinstance.py:1157} INFO - Dependencies all met for dep_context=requeueable deps ti=<TaskInstance: yfinance_ingestion_dag.store_transformed_data_in_cassandra manual__2025-03-14T12:13:35.991165+00:00 [queued]>
[2025-03-14T12:13:57.845+0000] {taskinstance.py:1359} INFO - Starting attempt 1 of 4
[2025-03-14T12:13:57.864+0000] {taskinstance.py:1380} INFO - Executing <Task(PythonOperator): store_transformed_data_in_cassandra> on 2025-03-14 12:13:35.991165+00:00
[2025-03-14T12:13:57.872+0000] {standard_task_runner.py:57} INFO - Started process 1354 to run task
[2025-03-14T12:13:57.876+0000] {standard_task_runner.py:84} INFO - Running: ['***', 'tasks', 'run', 'yfinance_ingestion_dag', 'store_transformed_data_in_cassandra', 'manual__2025-03-14T12:13:35.991165+00:00', '--job-id', '364', '--raw', '--subdir', 'DAGS_FOLDER/pipeline.py', '--cfg-path', '/tmp/tmpqdhq3821']
[2025-03-14T12:13:57.880+0000] {standard_task_runner.py:85} INFO - Job 364: Subtask store_transformed_data_in_cassandra
[2025-03-14T12:13:57.939+0000] {task_command.py:415} INFO - Running <TaskInstance: yfinance_ingestion_dag.store_transformed_data_in_cassandra manual__2025-03-14T12:13:35.991165+00:00 [running]> on host f8c11d6f9983
[2025-03-14T12:13:58.055+0000] {taskinstance.py:1660} INFO - Exporting env vars: AIRFLOW_CTX_DAG_OWNER='etudiant' AIRFLOW_CTX_DAG_ID='yfinance_ingestion_dag' AIRFLOW_CTX_TASK_ID='store_transformed_data_in_cassandra' AIRFLOW_CTX_EXECUTION_DATE='2025-03-14T12:13:35.991165+00:00' AIRFLOW_CTX_TRY_NUMBER='1' AIRFLOW_CTX_DAG_RUN_ID='manual__2025-03-14T12:13:35.991165+00:00'
[2025-03-14T12:13:58.178+0000] {pipeline.py:205} WARNING - Cluster.__init__ called with contact_points specified, but no load_balancing_policy. In the next major version, this will raise an error; please specify a load-balancing policy. (contact_points = ['cassandra'], lbp = None)
[2025-03-14T12:13:58.191+0000] {pipeline.py:206} WARNING - Downgrading core protocol version from 66 to 65 for 172.18.0.5:9042. To avoid this, it is best practice to explicitly set Cluster(protocol_version) to the version supported by your cluster. http://datastax.github.io/python-driver/api/cassandra/cluster.html#cassandra.cluster.Cluster.protocol_version
[2025-03-14T12:13:58.196+0000] {pipeline.py:206} WARNING - Downgrading core protocol version from 65 to 5 for 172.18.0.5:9042. To avoid this, it is best practice to explicitly set Cluster(protocol_version) to the version supported by your cluster. http://datastax.github.io/python-driver/api/cassandra/cluster.html#cassandra.cluster.Cluster.protocol_version
[2025-03-14T12:13:58.233+0000] {policies.py:289} INFO - Using datacenter 'datacenter1' for DCAwareRoundRobinPolicy (via host '172.18.0.5:9042'); if incorrect, please specify a local_dc to the constructor, or limit contact points to local cluster nodes
[2025-03-14T12:14:00.166+0000] {libevreactor.py:370} WARNING - Server warning: `USE <keyspace>` with prepared statements is considered to be an anti-pattern due to ambiguity in non-qualified table names. Please consider removing instances of `Session#setKeyspace(<keyspace>)`, `Session#execute("USE <keyspace>")` and `cluster.newSession(<keyspace>)` from your code, and always use fully qualified table names (e.g. <keyspace>.<table>). Keyspace used: crypto, statement keyspace: crypto, statement id: 636f22776a502c8092b342a19169bf9e
[2025-03-14T12:14:05.944+0000] {timestamps.py:103} WARNING - Clock skew detected: current tick (1741954445944198) was 2269655 microseconds behind the last generated timestamp (1741954448213853), returned timestamps will be artificially incremented to guarantee monotonicity.
[2025-03-14T12:14:06.944+0000] {timestamps.py:103} WARNING - Clock skew detected: current tick (1741954446944465) was 1269689 microseconds behind the last generated timestamp (1741954448214154), returned timestamps will be artificially incremented to guarantee monotonicity.
[2025-03-14T12:14:19.411+0000] {python.py:194} INFO - Done. Returned value was: None
[2025-03-14T12:14:19.423+0000] {taskinstance.py:1398} INFO - Marking task as SUCCESS. dag_id=yfinance_ingestion_dag, task_id=store_transformed_data_in_cassandra, execution_date=20250314T121335, start_date=20250314T121357, end_date=20250314T121419
[2025-03-14T12:14:19.466+0000] {local_task_job_runner.py:228} INFO - Task exited with return code 0
[2025-03-14T12:14:19.482+0000] {taskinstance.py:2776} INFO - 0 downstream tasks scheduled from follow-on schedule check
