[2025-03-14T15:54:56.015+0000] {taskinstance.py:1157} INFO - Dependencies all met for dep_context=non-requeueable deps ti=<TaskInstance: yfinance_lstm_training_dag.prepare_data_for_lstm manual__2025-03-14T15:54:14.197210+00:00 [queued]>
[2025-03-14T15:54:56.036+0000] {taskinstance.py:1157} INFO - Dependencies all met for dep_context=requeueable deps ti=<TaskInstance: yfinance_lstm_training_dag.prepare_data_for_lstm manual__2025-03-14T15:54:14.197210+00:00 [queued]>
[2025-03-14T15:54:56.037+0000] {taskinstance.py:1359} INFO - Starting attempt 1 of 2
[2025-03-14T15:54:56.065+0000] {taskinstance.py:1380} INFO - Executing <Task(PythonOperator): prepare_data_for_lstm> on 2025-03-14 15:54:14.197210+00:00
[2025-03-14T15:54:56.086+0000] {standard_task_runner.py:57} INFO - Started process 481 to run task
[2025-03-14T15:54:56.090+0000] {standard_task_runner.py:84} INFO - Running: ['***', 'tasks', 'run', 'yfinance_lstm_training_dag', 'prepare_data_for_lstm', 'manual__2025-03-14T15:54:14.197210+00:00', '--job-id', '448', '--raw', '--subdir', 'DAGS_FOLDER/re_entrainment_model.py', '--cfg-path', '/tmp/tmp993qaflh']
[2025-03-14T15:54:56.096+0000] {standard_task_runner.py:85} INFO - Job 448: Subtask prepare_data_for_lstm
[2025-03-14T15:54:56.175+0000] {task_command.py:415} INFO - Running <TaskInstance: yfinance_lstm_training_dag.prepare_data_for_lstm manual__2025-03-14T15:54:14.197210+00:00 [running]> on host bf727b93dd82
[2025-03-14T15:54:56.294+0000] {taskinstance.py:1660} INFO - Exporting env vars: AIRFLOW_CTX_DAG_OWNER='etudiant' AIRFLOW_CTX_DAG_ID='yfinance_lstm_training_dag' AIRFLOW_CTX_TASK_ID='prepare_data_for_lstm' AIRFLOW_CTX_EXECUTION_DATE='2025-03-14T15:54:14.197210+00:00' AIRFLOW_CTX_TRY_NUMBER='1' AIRFLOW_CTX_DAG_RUN_ID='manual__2025-03-14T15:54:14.197210+00:00'
[2025-03-14T15:55:04.316+0000] {logging_mixin.py:151} INFO - Erreur dans prepare_data_for_lstm : {}
[2025-03-14T15:55:04.318+0000] {taskinstance.py:1935} ERROR - Task failed with exception
Traceback (most recent call last):
  File "/home/airflow/.local/lib/python3.8/site-packages/airflow/operators/python.py", line 192, in execute
    return_value = self.execute_callable()
  File "/home/airflow/.local/lib/python3.8/site-packages/airflow/operators/python.py", line 209, in execute_callable
    return self.python_callable(*self.op_args, **self.op_kwargs)
  File "/opt/airflow/dags/re_entrainment_model.py", line 26, in prepare_data_for_lstm
    cluster = Cluster(
  File "cassandra/cluster.py", line 1231, in cassandra.cluster.Cluster.__init__
cassandra.UnresolvableContactPoints: {}
[2025-03-14T15:55:04.339+0000] {taskinstance.py:1398} INFO - Marking task as UP_FOR_RETRY. dag_id=yfinance_lstm_training_dag, task_id=prepare_data_for_lstm, execution_date=20250314T155414, start_date=20250314T155456, end_date=20250314T155504
[2025-03-14T15:55:04.355+0000] {standard_task_runner.py:104} ERROR - Failed to execute job 448 for task prepare_data_for_lstm ({}; 481)
[2025-03-14T15:55:04.384+0000] {local_task_job_runner.py:228} INFO - Task exited with return code 1
[2025-03-14T15:55:04.415+0000] {taskinstance.py:2776} INFO - 0 downstream tasks scheduled from follow-on schedule check
