[2025-02-27T12:22:58.765+0000] {taskinstance.py:1157} INFO - Dependencies all met for dep_context=non-requeueable deps ti=<TaskInstance: yfinance_ingestion_dag.store_raw_data_in_hdfs scheduled__2025-01-27T00:00:00+00:00 [queued]>
[2025-02-27T12:22:58.798+0000] {taskinstance.py:1157} INFO - Dependencies all met for dep_context=requeueable deps ti=<TaskInstance: yfinance_ingestion_dag.store_raw_data_in_hdfs scheduled__2025-01-27T00:00:00+00:00 [queued]>
[2025-02-27T12:22:58.799+0000] {taskinstance.py:1359} INFO - Starting attempt 1 of 1
[2025-02-27T12:22:58.845+0000] {taskinstance.py:1380} INFO - Executing <Task(PythonOperator): store_raw_data_in_hdfs> on 2025-01-27 00:00:00+00:00
[2025-02-27T12:22:58.864+0000] {standard_task_runner.py:57} INFO - Started process 395 to run task
[2025-02-27T12:22:58.878+0000] {standard_task_runner.py:84} INFO - Running: ['***', 'tasks', 'run', 'yfinance_ingestion_dag', 'store_raw_data_in_hdfs', 'scheduled__2025-01-27T00:00:00+00:00', '--job-id', '65', '--raw', '--subdir', 'DAGS_FOLDER/pipeline.py', '--cfg-path', '/tmp/tmpi_bhjbvv']
[2025-02-27T12:22:58.886+0000] {standard_task_runner.py:85} INFO - Job 65: Subtask store_raw_data_in_hdfs
[2025-02-27T12:22:59.136+0000] {task_command.py:415} INFO - Running <TaskInstance: yfinance_ingestion_dag.store_raw_data_in_hdfs scheduled__2025-01-27T00:00:00+00:00 [running]> on host 37788710213d
[2025-02-27T12:22:59.323+0000] {taskinstance.py:1660} INFO - Exporting env vars: AIRFLOW_CTX_DAG_OWNER='etudiant' AIRFLOW_CTX_DAG_ID='yfinance_ingestion_dag' AIRFLOW_CTX_TASK_ID='store_raw_data_in_hdfs' AIRFLOW_CTX_EXECUTION_DATE='2025-01-27T00:00:00+00:00' AIRFLOW_CTX_TRY_NUMBER='1' AIRFLOW_CTX_DAG_RUN_ID='scheduled__2025-01-27T00:00:00+00:00'
[2025-02-27T12:22:59.357+0000] {taskinstance.py:1935} ERROR - Task failed with exception
Traceback (most recent call last):
  File "/home/airflow/.local/lib/python3.8/site-packages/airflow/operators/python.py", line 192, in execute
    return_value = self.execute_callable()
  File "/home/airflow/.local/lib/python3.8/site-packages/airflow/operators/python.py", line 209, in execute_callable
    return self.python_callable(*self.op_args, **self.op_kwargs)
  File "/opt/airflow/dags/pipeline.py", line 78, in store_raw_data_in_hdfs
    with open(local_file, 'w') as f:
PermissionError: [Errno 13] Permission denied: '/mnt/hadoop_data/yfinance_raw.json'
[2025-02-27T12:22:59.401+0000] {taskinstance.py:1398} INFO - Marking task as FAILED. dag_id=yfinance_ingestion_dag, task_id=store_raw_data_in_hdfs, execution_date=20250127T000000, start_date=20250227T122258, end_date=20250227T122259
[2025-02-27T12:22:59.452+0000] {standard_task_runner.py:104} ERROR - Failed to execute job 65 for task store_raw_data_in_hdfs ([Errno 13] Permission denied: '/mnt/hadoop_data/yfinance_raw.json'; 395)
[2025-02-27T12:22:59.522+0000] {local_task_job_runner.py:228} INFO - Task exited with return code 1
[2025-02-27T12:22:59.634+0000] {taskinstance.py:2776} INFO - 0 downstream tasks scheduled from follow-on schedule check
