[2025-03-14T20:16:00.948+0000] {taskinstance.py:1157} INFO - Dependencies all met for dep_context=non-requeueable deps ti=<TaskInstance: yfinance_lstm_training_dag.prepare_data_for_lstm manual__2025-03-14T20:10:41.705885+00:00 [queued]>
[2025-03-14T20:16:00.964+0000] {taskinstance.py:1157} INFO - Dependencies all met for dep_context=requeueable deps ti=<TaskInstance: yfinance_lstm_training_dag.prepare_data_for_lstm manual__2025-03-14T20:10:41.705885+00:00 [queued]>
[2025-03-14T20:16:00.965+0000] {taskinstance.py:1359} INFO - Starting attempt 2 of 2
[2025-03-14T20:16:00.986+0000] {taskinstance.py:1380} INFO - Executing <Task(PythonOperator): prepare_data_for_lstm> on 2025-03-14 20:10:41.705885+00:00
[2025-03-14T20:16:00.996+0000] {standard_task_runner.py:57} INFO - Started process 7214 to run task
[2025-03-14T20:16:01.001+0000] {standard_task_runner.py:84} INFO - Running: ['***', 'tasks', 'run', 'yfinance_lstm_training_dag', 'prepare_data_for_lstm', 'manual__2025-03-14T20:10:41.705885+00:00', '--job-id', '453', '--raw', '--subdir', 'DAGS_FOLDER/re_entrainment_model.py', '--cfg-path', '/tmp/tmp7abnredt']
[2025-03-14T20:16:01.005+0000] {standard_task_runner.py:85} INFO - Job 453: Subtask prepare_data_for_lstm
[2025-03-14T20:16:01.075+0000] {task_command.py:415} INFO - Running <TaskInstance: yfinance_lstm_training_dag.prepare_data_for_lstm manual__2025-03-14T20:10:41.705885+00:00 [running]> on host bf727b93dd82
[2025-03-14T20:16:01.222+0000] {taskinstance.py:1660} INFO - Exporting env vars: AIRFLOW_CTX_DAG_OWNER='etudiant' AIRFLOW_CTX_DAG_ID='yfinance_lstm_training_dag' AIRFLOW_CTX_TASK_ID='prepare_data_for_lstm' AIRFLOW_CTX_EXECUTION_DATE='2025-03-14T20:10:41.705885+00:00' AIRFLOW_CTX_TRY_NUMBER='2' AIRFLOW_CTX_DAG_RUN_ID='manual__2025-03-14T20:10:41.705885+00:00'
[2025-03-14T20:16:03.761+0000] {logging_mixin.py:151} INFO - Erreur dans prepare_data_for_lstm : xcom_pull() got an unexpected keyword argument 'value'
[2025-03-14T20:16:03.762+0000] {taskinstance.py:1935} ERROR - Task failed with exception
Traceback (most recent call last):
  File "/home/airflow/.local/lib/python3.8/site-packages/airflow/operators/python.py", line 192, in execute
    return_value = self.execute_callable()
  File "/home/airflow/.local/lib/python3.8/site-packages/airflow/operators/python.py", line 209, in execute_callable
    return self.python_callable(*self.op_args, **self.op_kwargs)
  File "/opt/airflow/dags/re_entrainment_model.py", line 66, in prepare_data_for_lstm
    context['ti'].xcom_pull(key='y_train', value=y_train.tolist())
  File "/home/airflow/.local/lib/python3.8/site-packages/airflow/utils/session.py", line 77, in wrapper
    return func(*args, session=session, **kwargs)
TypeError: xcom_pull() got an unexpected keyword argument 'value'
[2025-03-14T20:16:03.774+0000] {taskinstance.py:1398} INFO - Marking task as FAILED. dag_id=yfinance_lstm_training_dag, task_id=prepare_data_for_lstm, execution_date=20250314T201041, start_date=20250314T201600, end_date=20250314T201603
[2025-03-14T20:16:03.797+0000] {standard_task_runner.py:104} ERROR - Failed to execute job 453 for task prepare_data_for_lstm (xcom_pull() got an unexpected keyword argument 'value'; 7214)
[2025-03-14T20:16:03.827+0000] {local_task_job_runner.py:228} INFO - Task exited with return code 1
[2025-03-14T20:16:03.870+0000] {taskinstance.py:2776} INFO - 0 downstream tasks scheduled from follow-on schedule check
