[2025-03-14T12:04:03.130+0000] {taskinstance.py:1157} INFO - Dependencies all met for dep_context=non-requeueable deps ti=<TaskInstance: yfinance_ingestion_dag.update_historic_file_in_hdfs manual__2025-03-14T12:01:41.030731+00:00 [queued]>
[2025-03-14T12:04:03.154+0000] {taskinstance.py:1157} INFO - Dependencies all met for dep_context=requeueable deps ti=<TaskInstance: yfinance_ingestion_dag.update_historic_file_in_hdfs manual__2025-03-14T12:01:41.030731+00:00 [queued]>
[2025-03-14T12:04:03.155+0000] {taskinstance.py:1359} INFO - Starting attempt 3 of 4
[2025-03-14T12:04:03.194+0000] {taskinstance.py:1380} INFO - Executing <Task(PythonOperator): update_historic_file_in_hdfs> on 2025-03-14 12:01:41.030731+00:00
[2025-03-14T12:04:03.208+0000] {standard_task_runner.py:57} INFO - Started process 861 to run task
[2025-03-14T12:04:03.213+0000] {standard_task_runner.py:84} INFO - Running: ['***', 'tasks', 'run', 'yfinance_ingestion_dag', 'update_historic_file_in_hdfs', 'manual__2025-03-14T12:01:41.030731+00:00', '--job-id', '343', '--raw', '--subdir', 'DAGS_FOLDER/pipeline.py', '--cfg-path', '/tmp/tmpzn46or_3']
[2025-03-14T12:04:03.218+0000] {standard_task_runner.py:85} INFO - Job 343: Subtask update_historic_file_in_hdfs
[2025-03-14T12:04:03.294+0000] {task_command.py:415} INFO - Running <TaskInstance: yfinance_ingestion_dag.update_historic_file_in_hdfs manual__2025-03-14T12:01:41.030731+00:00 [running]> on host f8c11d6f9983
[2025-03-14T12:04:03.439+0000] {taskinstance.py:1660} INFO - Exporting env vars: AIRFLOW_CTX_DAG_OWNER='etudiant' AIRFLOW_CTX_DAG_ID='yfinance_ingestion_dag' AIRFLOW_CTX_TASK_ID='update_historic_file_in_hdfs' AIRFLOW_CTX_EXECUTION_DATE='2025-03-14T12:01:41.030731+00:00' AIRFLOW_CTX_TRY_NUMBER='3' AIRFLOW_CTX_DAG_RUN_ID='manual__2025-03-14T12:01:41.030731+00:00'
[2025-03-14T12:04:03.464+0000] {client.py:192} INFO - Instantiated <InsecureClient(url='http://namenode:9870')>.
[2025-03-14T12:04:03.467+0000] {client.py:724} INFO - Reading file '/user/etudiant/crypto/raw/historique_gold/yfinance_raw_historique.json'.
[2025-03-14T12:04:03.649+0000] {logging_mixin.py:151} INFO - Fichier historique chargé, 5825 lignes existantes.
[2025-03-14T12:04:03.651+0000] {logging_mixin.py:151} INFO - La ligne pour 2025-03-14T00:00:00.000Z existe déjà, pas d'ajout.
[2025-03-14T12:04:03.757+0000] {logging_mixin.py:151} INFO - Fichier temporaire /tmp/yfinance_raw_historique.json créé avec succès.
[2025-03-14T12:04:09.218+0000] {logging_mixin.py:151} INFO - Erreur lors du transfert vers HDFS : Commande échouée avec sortie - STDOUT: , STDERR: put: `/tmp/yfinance_raw_historique.json': No such file or directory
[2025-03-14T12:04:09.219+0000] {logging_mixin.py:151} INFO - Fichier temporaire /tmp/yfinance_raw_historique.json supprimé.
[2025-03-14T12:04:09.220+0000] {taskinstance.py:1935} ERROR - Task failed with exception
Traceback (most recent call last):
  File "/opt/airflow/dags/pipeline.py", line 106, in update_historic_file_in_hdfs
    result = subprocess.run(["docker", "exec", "-i", "-u", "root", "namenode", "hdfs", "dfs", "-put", "-f", temp_file, hdfs_historic_file], check=True, stdout=subprocess.PIPE, stderr=subprocess.PIPE, text=True)
  File "/usr/local/lib/python3.8/subprocess.py", line 516, in run
    raise CalledProcessError(retcode, process.args,
subprocess.CalledProcessError: Command '['docker', 'exec', '-i', '-u', 'root', 'namenode', 'hdfs', 'dfs', '-put', '-f', '/tmp/yfinance_raw_historique.json', '/user/etudiant/crypto/raw/historique_gold/yfinance_raw_historique.json']' returned non-zero exit status 1.

During handling of the above exception, another exception occurred:

Traceback (most recent call last):
  File "/home/airflow/.local/lib/python3.8/site-packages/airflow/operators/python.py", line 192, in execute
    return_value = self.execute_callable()
  File "/home/airflow/.local/lib/python3.8/site-packages/airflow/operators/python.py", line 209, in execute_callable
    return self.python_callable(*self.op_args, **self.op_kwargs)
  File "/opt/airflow/dags/pipeline.py", line 113, in update_historic_file_in_hdfs
    raise ValueError(f"Échec du transfert vers HDFS : {e}")
ValueError: Échec du transfert vers HDFS : Command '['docker', 'exec', '-i', '-u', 'root', 'namenode', 'hdfs', 'dfs', '-put', '-f', '/tmp/yfinance_raw_historique.json', '/user/etudiant/crypto/raw/historique_gold/yfinance_raw_historique.json']' returned non-zero exit status 1.
[2025-03-14T12:04:09.240+0000] {taskinstance.py:1398} INFO - Marking task as UP_FOR_RETRY. dag_id=yfinance_ingestion_dag, task_id=update_historic_file_in_hdfs, execution_date=20250314T120141, start_date=20250314T120403, end_date=20250314T120409
[2025-03-14T12:04:09.263+0000] {standard_task_runner.py:104} ERROR - Failed to execute job 343 for task update_historic_file_in_hdfs (Échec du transfert vers HDFS : Command '['docker', 'exec', '-i', '-u', 'root', 'namenode', 'hdfs', 'dfs', '-put', '-f', '/tmp/yfinance_raw_historique.json', '/user/etudiant/crypto/raw/historique_gold/yfinance_raw_historique.json']' returned non-zero exit status 1.; 861)
[2025-03-14T12:04:09.287+0000] {local_task_job_runner.py:228} INFO - Task exited with return code 1
[2025-03-14T12:04:09.319+0000] {taskinstance.py:2776} INFO - 0 downstream tasks scheduled from follow-on schedule check
