[2025-02-27T12:23:22.147+0000] {taskinstance.py:1157} INFO - Dependencies all met for dep_context=non-requeueable deps ti=<TaskInstance: yfinance_ingestion_dag.store_raw_data_in_hdfs scheduled__2025-02-14T00:00:00+00:00 [queued]>
[2025-02-27T12:23:22.167+0000] {taskinstance.py:1157} INFO - Dependencies all met for dep_context=requeueable deps ti=<TaskInstance: yfinance_ingestion_dag.store_raw_data_in_hdfs scheduled__2025-02-14T00:00:00+00:00 [queued]>
[2025-02-27T12:23:22.168+0000] {taskinstance.py:1359} INFO - Starting attempt 1 of 1
[2025-02-27T12:23:22.193+0000] {taskinstance.py:1380} INFO - Executing <Task(PythonOperator): store_raw_data_in_hdfs> on 2025-02-14 00:00:00+00:00
[2025-02-27T12:23:22.205+0000] {standard_task_runner.py:57} INFO - Started process 500 to run task
[2025-02-27T12:23:22.211+0000] {standard_task_runner.py:84} INFO - Running: ['***', 'tasks', 'run', 'yfinance_ingestion_dag', 'store_raw_data_in_hdfs', 'scheduled__2025-02-14T00:00:00+00:00', '--job-id', '100', '--raw', '--subdir', 'DAGS_FOLDER/pipeline.py', '--cfg-path', '/tmp/tmpq42ntdsk']
[2025-02-27T12:23:22.216+0000] {standard_task_runner.py:85} INFO - Job 100: Subtask store_raw_data_in_hdfs
[2025-02-27T12:23:22.357+0000] {task_command.py:415} INFO - Running <TaskInstance: yfinance_ingestion_dag.store_raw_data_in_hdfs scheduled__2025-02-14T00:00:00+00:00 [running]> on host 37788710213d
[2025-02-27T12:23:22.559+0000] {taskinstance.py:1660} INFO - Exporting env vars: AIRFLOW_CTX_DAG_OWNER='etudiant' AIRFLOW_CTX_DAG_ID='yfinance_ingestion_dag' AIRFLOW_CTX_TASK_ID='store_raw_data_in_hdfs' AIRFLOW_CTX_EXECUTION_DATE='2025-02-14T00:00:00+00:00' AIRFLOW_CTX_TRY_NUMBER='1' AIRFLOW_CTX_DAG_RUN_ID='scheduled__2025-02-14T00:00:00+00:00'
[2025-02-27T12:23:22.609+0000] {taskinstance.py:1935} ERROR - Task failed with exception
Traceback (most recent call last):
  File "/home/airflow/.local/lib/python3.8/site-packages/airflow/operators/python.py", line 192, in execute
    return_value = self.execute_callable()
  File "/home/airflow/.local/lib/python3.8/site-packages/airflow/operators/python.py", line 209, in execute_callable
    return self.python_callable(*self.op_args, **self.op_kwargs)
  File "/opt/airflow/dags/pipeline.py", line 78, in store_raw_data_in_hdfs
    with open(local_file, 'w') as f:
PermissionError: [Errno 13] Permission denied: '/mnt/hadoop_data/yfinance_raw.json'
[2025-02-27T12:23:22.635+0000] {taskinstance.py:1398} INFO - Marking task as FAILED. dag_id=yfinance_ingestion_dag, task_id=store_raw_data_in_hdfs, execution_date=20250214T000000, start_date=20250227T122322, end_date=20250227T122322
[2025-02-27T12:23:22.670+0000] {standard_task_runner.py:104} ERROR - Failed to execute job 100 for task store_raw_data_in_hdfs ([Errno 13] Permission denied: '/mnt/hadoop_data/yfinance_raw.json'; 500)
[2025-02-27T12:23:22.721+0000] {local_task_job_runner.py:228} INFO - Task exited with return code 1
[2025-02-27T12:23:22.764+0000] {taskinstance.py:2776} INFO - 0 downstream tasks scheduled from follow-on schedule check
