[2025-02-27T14:17:22.497+0000] {taskinstance.py:1157} INFO - Dependencies all met for dep_context=non-requeueable deps ti=<TaskInstance: yfinance_ingestion_dag.fetch_data manual__2025-02-27T14:17:19.499057+00:00 [queued]>
[2025-02-27T14:17:22.510+0000] {taskinstance.py:1157} INFO - Dependencies all met for dep_context=requeueable deps ti=<TaskInstance: yfinance_ingestion_dag.fetch_data manual__2025-02-27T14:17:19.499057+00:00 [queued]>
[2025-02-27T14:17:22.511+0000] {taskinstance.py:1359} INFO - Starting attempt 1 of 1
[2025-02-27T14:17:22.533+0000] {taskinstance.py:1380} INFO - Executing <Task(PythonOperator): fetch_data> on 2025-02-27 14:17:19.499057+00:00
[2025-02-27T14:17:22.540+0000] {standard_task_runner.py:57} INFO - Started process 860 to run task
[2025-02-27T14:17:22.544+0000] {standard_task_runner.py:84} INFO - Running: ['***', 'tasks', 'run', 'yfinance_ingestion_dag', 'fetch_data', 'manual__2025-02-27T14:17:19.499057+00:00', '--job-id', '129', '--raw', '--subdir', 'DAGS_FOLDER/pipeline.py', '--cfg-path', '/tmp/tmpc0me5wuk']
[2025-02-27T14:17:22.553+0000] {standard_task_runner.py:85} INFO - Job 129: Subtask fetch_data
[2025-02-27T14:17:22.639+0000] {task_command.py:415} INFO - Running <TaskInstance: yfinance_ingestion_dag.fetch_data manual__2025-02-27T14:17:19.499057+00:00 [running]> on host 37788710213d
[2025-02-27T14:17:22.763+0000] {taskinstance.py:1660} INFO - Exporting env vars: AIRFLOW_CTX_DAG_OWNER='etudiant' AIRFLOW_CTX_DAG_ID='yfinance_ingestion_dag' AIRFLOW_CTX_TASK_ID='fetch_data' AIRFLOW_CTX_EXECUTION_DATE='2025-02-27T14:17:19.499057+00:00' AIRFLOW_CTX_TRY_NUMBER='1' AIRFLOW_CTX_DAG_RUN_ID='manual__2025-02-27T14:17:19.499057+00:00'
[2025-02-27T14:17:23.986+0000] {logging_mixin.py:151} INFO - [
    {
        "datetime": "2025-02-20T14:18:00.000Z",
        "open_price": 2953.5,
        "high_price": 2954.60009765625,
        "low_price": 2953.5,
        "close_price": 2954.39990234375,
        "volume": 0,
        "asset": "GOLD"
    },
    {
        "datetime": "2025-02-20T14:19:00.000Z",
        "open_price": 2954.199951171875,
        "high_price": 2955.0,
        "low_price": 2954.199951171875,
        "close_price": 2954.699951171875,
        "volume": 52,
        "asset": "GOLD"
    },
    {
        "datetime": "2025-02-20T14:20:00.000Z",
        "open_price": 2954.60009765625,
        "high_price": 2954.800048828125,
        "low_price": 2954.300048828125,
        "close_price": 2954.60009765625,
        "volume": 41,
        "asset": "GOLD"
    },
    {
        "datetime": "2025-02-20T14:21:00.000Z",
        "open_price": 2954.5,
        "high_price": 2955.60009765625,
        "low_price": 2954.5,
        "close_price": 2955.5,
        "volume": 41,
        "asset": "GOLD"
    },
    {
        "datetime": "2025-02-20T14:22:00.000Z",
        "open_price": 2955.300048828125,
        "high_price": 2956.10009765625,
        "low_price": 2955.300048828125,
        "close_price": 2955.300048828125,
        "volume": 82,
        "asset": "GOLD"
    }
]
[2025-02-27T14:17:24.125+0000] {python.py:194} INFO - Done. Returned value was: None
[2025-02-27T14:17:24.141+0000] {taskinstance.py:1398} INFO - Marking task as SUCCESS. dag_id=yfinance_ingestion_dag, task_id=fetch_data, execution_date=20250227T141719, start_date=20250227T141722, end_date=20250227T141724
[2025-02-27T14:17:24.214+0000] {local_task_job_runner.py:228} INFO - Task exited with return code 0
[2025-02-27T14:17:24.241+0000] {taskinstance.py:2776} INFO - 1 downstream tasks scheduled from follow-on schedule check
