[2025-03-14T15:46:06.076+0000] {taskinstance.py:1157} INFO - Dependencies all met for dep_context=non-requeueable deps ti=<TaskInstance: yfinance_lstm_training_dag.prepare_data_for_lstm manual__2025-03-14T15:46:00.359584+00:00 [queued]>
[2025-03-14T15:46:06.096+0000] {taskinstance.py:1157} INFO - Dependencies all met for dep_context=requeueable deps ti=<TaskInstance: yfinance_lstm_training_dag.prepare_data_for_lstm manual__2025-03-14T15:46:00.359584+00:00 [queued]>
[2025-03-14T15:46:06.098+0000] {taskinstance.py:1359} INFO - Starting attempt 1 of 2
[2025-03-14T15:46:06.126+0000] {taskinstance.py:1380} INFO - Executing <Task(PythonOperator): prepare_data_for_lstm> on 2025-03-14 15:46:00.359584+00:00
[2025-03-14T15:46:06.139+0000] {standard_task_runner.py:57} INFO - Started process 227 to run task
[2025-03-14T15:46:06.145+0000] {standard_task_runner.py:84} INFO - Running: ['***', 'tasks', 'run', 'yfinance_lstm_training_dag', 'prepare_data_for_lstm', 'manual__2025-03-14T15:46:00.359584+00:00', '--job-id', '441', '--raw', '--subdir', 'DAGS_FOLDER/re_entrainment_model.py', '--cfg-path', '/tmp/tmpjj4m2ik7']
[2025-03-14T15:46:06.149+0000] {standard_task_runner.py:85} INFO - Job 441: Subtask prepare_data_for_lstm
[2025-03-14T15:46:06.230+0000] {task_command.py:415} INFO - Running <TaskInstance: yfinance_lstm_training_dag.prepare_data_for_lstm manual__2025-03-14T15:46:00.359584+00:00 [running]> on host f60a768f48bc
[2025-03-14T15:46:06.382+0000] {taskinstance.py:1660} INFO - Exporting env vars: AIRFLOW_CTX_DAG_OWNER='etudiant' AIRFLOW_CTX_DAG_ID='yfinance_lstm_training_dag' AIRFLOW_CTX_TASK_ID='prepare_data_for_lstm' AIRFLOW_CTX_EXECUTION_DATE='2025-03-14T15:46:00.359584+00:00' AIRFLOW_CTX_TRY_NUMBER='1' AIRFLOW_CTX_DAG_RUN_ID='manual__2025-03-14T15:46:00.359584+00:00'
[2025-03-14T15:46:09.789+0000] {xcom.py:661} ERROR - Object of type MinMaxScaler is not JSON serializable. If you are using pickle instead of JSON for XCom, then you need to enable pickle support for XCom in your *** config or make sure to decorate your object with attr.
[2025-03-14T15:46:09.792+0000] {logging_mixin.py:151} INFO - Erreur dans prepare_data_for_lstm : Object of type MinMaxScaler is not JSON serializable
[2025-03-14T15:46:09.793+0000] {taskinstance.py:1935} ERROR - Task failed with exception
Traceback (most recent call last):
  File "/home/airflow/.local/lib/python3.8/site-packages/airflow/utils/json.py", line 91, in default
    return serialize(o)
  File "/home/airflow/.local/lib/python3.8/site-packages/airflow/serialization/serde.py", line 178, in serialize
    raise TypeError(f"cannot serialize object of type {cls}")
TypeError: cannot serialize object of type <class 'sklearn.preprocessing._data.MinMaxScaler'>

During handling of the above exception, another exception occurred:

Traceback (most recent call last):
  File "/home/airflow/.local/lib/python3.8/site-packages/airflow/operators/python.py", line 192, in execute
    return_value = self.execute_callable()
  File "/home/airflow/.local/lib/python3.8/site-packages/airflow/operators/python.py", line 209, in execute_callable
    return self.python_callable(*self.op_args, **self.op_kwargs)
  File "/opt/airflow/dags/re_entrainment_model.py", line 69, in prepare_data_for_lstm
    context['ti'].xcom_push(key='scaler', value=scaler)
  File "/home/airflow/.local/lib/python3.8/site-packages/airflow/utils/session.py", line 77, in wrapper
    return func(*args, session=session, **kwargs)
  File "/home/airflow/.local/lib/python3.8/site-packages/airflow/models/taskinstance.py", line 2477, in xcom_push
    XCom.set(
  File "/home/airflow/.local/lib/python3.8/site-packages/airflow/utils/session.py", line 74, in wrapper
    return func(*args, **kwargs)
  File "/home/airflow/.local/lib/python3.8/site-packages/airflow/models/xcom.py", line 244, in set
    value = cls.serialize_value(
  File "/home/airflow/.local/lib/python3.8/site-packages/airflow/models/xcom.py", line 659, in serialize_value
    return json.dumps(value, cls=XComEncoder).encode("UTF-8")
  File "/usr/local/lib/python3.8/json/__init__.py", line 234, in dumps
    return cls(
  File "/home/airflow/.local/lib/python3.8/site-packages/airflow/utils/json.py", line 104, in encode
    return super().encode(o)
  File "/usr/local/lib/python3.8/json/encoder.py", line 199, in encode
    chunks = self.iterencode(o, _one_shot=True)
  File "/usr/local/lib/python3.8/json/encoder.py", line 257, in iterencode
    return _iterencode(o, 0)
  File "/home/airflow/.local/lib/python3.8/site-packages/airflow/utils/json.py", line 93, in default
    return super().default(o)
  File "/usr/local/lib/python3.8/json/encoder.py", line 179, in default
    raise TypeError(f'Object of type {o.__class__.__name__} '
TypeError: Object of type MinMaxScaler is not JSON serializable
[2025-03-14T15:46:09.813+0000] {taskinstance.py:1398} INFO - Marking task as UP_FOR_RETRY. dag_id=yfinance_lstm_training_dag, task_id=prepare_data_for_lstm, execution_date=20250314T154600, start_date=20250314T154606, end_date=20250314T154609
[2025-03-14T15:46:09.845+0000] {standard_task_runner.py:104} ERROR - Failed to execute job 441 for task prepare_data_for_lstm (Object of type MinMaxScaler is not JSON serializable; 227)
[2025-03-14T15:46:09.913+0000] {local_task_job_runner.py:228} INFO - Task exited with return code 1
[2025-03-14T15:46:09.952+0000] {taskinstance.py:2776} INFO - 0 downstream tasks scheduled from follow-on schedule check
