[2025-03-14T15:40:07.389+0000] {taskinstance.py:1157} INFO - Dependencies all met for dep_context=non-requeueable deps ti=<TaskInstance: yfinance_lstn_training_dag.prepare_data_for_lstm scheduled__2025-03-02T00:00:00+00:00 [queued]>
[2025-03-14T15:40:07.407+0000] {taskinstance.py:1157} INFO - Dependencies all met for dep_context=requeueable deps ti=<TaskInstance: yfinance_lstn_training_dag.prepare_data_for_lstm scheduled__2025-03-02T00:00:00+00:00 [queued]>
[2025-03-14T15:40:07.409+0000] {taskinstance.py:1359} INFO - Starting attempt 1 of 2
[2025-03-14T15:40:07.435+0000] {taskinstance.py:1380} INFO - Executing <Task(PythonOperator): prepare_data_for_lstm> on 2025-03-02 00:00:00+00:00
[2025-03-14T15:40:07.451+0000] {standard_task_runner.py:57} INFO - Started process 235 to run task
[2025-03-14T15:40:07.489+0000] {standard_task_runner.py:84} INFO - Running: ['***', 'tasks', 'run', 'yfinance_lstn_training_dag', 'prepare_data_for_lstm', 'scheduled__2025-03-02T00:00:00+00:00', '--job-id', '439', '--raw', '--subdir', 'DAGS_FOLDER/re_entrainment_model.py', '--cfg-path', '/tmp/tmpy5aiaw3u']
[2025-03-14T15:40:07.508+0000] {standard_task_runner.py:85} INFO - Job 439: Subtask prepare_data_for_lstm
[2025-03-14T15:40:07.722+0000] {task_command.py:415} INFO - Running <TaskInstance: yfinance_lstn_training_dag.prepare_data_for_lstm scheduled__2025-03-02T00:00:00+00:00 [running]> on host 7497f7913d9c
[2025-03-14T15:40:07.890+0000] {taskinstance.py:1660} INFO - Exporting env vars: AIRFLOW_CTX_DAG_OWNER='etudiant' AIRFLOW_CTX_DAG_ID='yfinance_lstn_training_dag' AIRFLOW_CTX_TASK_ID='prepare_data_for_lstm' AIRFLOW_CTX_EXECUTION_DATE='2025-03-02T00:00:00+00:00' AIRFLOW_CTX_TRY_NUMBER='1' AIRFLOW_CTX_DAG_RUN_ID='scheduled__2025-03-02T00:00:00+00:00'
[2025-03-14T15:40:07.906+0000] {re_entrainment_model.py:25} WARNING - Cluster.__init__ called with contact_points specified, but no load_balancing_policy. In the next major version, this will raise an error; please specify a load-balancing policy. (contact_points = ['cassandra'], lbp = None)
[2025-03-14T15:40:08.031+0000] {re_entrainment_model.py:26} WARNING - Downgrading core protocol version from 66 to 65 for 172.18.0.6:9042. To avoid this, it is best practice to explicitly set Cluster(protocol_version) to the version supported by your cluster. http://datastax.github.io/python-driver/api/cassandra/cluster.html#cassandra.cluster.Cluster.protocol_version
[2025-03-14T15:40:08.051+0000] {re_entrainment_model.py:26} WARNING - Downgrading core protocol version from 65 to 5 for 172.18.0.6:9042. To avoid this, it is best practice to explicitly set Cluster(protocol_version) to the version supported by your cluster. http://datastax.github.io/python-driver/api/cassandra/cluster.html#cassandra.cluster.Cluster.protocol_version
[2025-03-14T15:40:08.469+0000] {policies.py:289} INFO - Using datacenter 'datacenter1' for DCAwareRoundRobinPolicy (via host '172.18.0.6:9042'); if incorrect, please specify a local_dc to the constructor, or limit contact points to local cluster nodes
[2025-03-14T15:40:08.782+0000] {logging_mixin.py:151} INFO - Erreur dans prepare_data_for_lstm : Error from server: code=2200 [Invalid query] message="ORDER BY is only supported when the partition key is restricted by an EQ or an IN."
[2025-03-14T15:40:08.783+0000] {taskinstance.py:1935} ERROR - Task failed with exception
Traceback (most recent call last):
  File "/home/airflow/.local/lib/python3.8/site-packages/airflow/operators/python.py", line 192, in execute
    return_value = self.execute_callable()
  File "/home/airflow/.local/lib/python3.8/site-packages/airflow/operators/python.py", line 209, in execute_callable
    return self.python_callable(*self.op_args, **self.op_kwargs)
  File "/opt/airflow/dags/re_entrainment_model.py", line 27, in prepare_data_for_lstm
    rows = session.execute("SELECT * FROM gold_transformed ORDER BY datetime")
  File "cassandra/cluster.py", line 2677, in cassandra.cluster.Session.execute
  File "cassandra/cluster.py", line 4956, in cassandra.cluster.ResponseFuture.result
cassandra.InvalidRequest: Error from server: code=2200 [Invalid query] message="ORDER BY is only supported when the partition key is restricted by an EQ or an IN."
[2025-03-14T15:40:08.825+0000] {taskinstance.py:1398} INFO - Marking task as UP_FOR_RETRY. dag_id=yfinance_lstn_training_dag, task_id=prepare_data_for_lstm, execution_date=20250302T000000, start_date=20250314T154007, end_date=20250314T154008
[2025-03-14T15:40:08.861+0000] {standard_task_runner.py:104} ERROR - Failed to execute job 439 for task prepare_data_for_lstm (Error from server: code=2200 [Invalid query] message="ORDER BY is only supported when the partition key is restricted by an EQ or an IN."; 235)
[2025-03-14T15:40:08.915+0000] {local_task_job_runner.py:228} INFO - Task exited with return code 1
[2025-03-14T15:40:08.986+0000] {taskinstance.py:2776} INFO - 0 downstream tasks scheduled from follow-on schedule check
