[2025-03-14T11:55:30.303+0000] {taskinstance.py:1157} INFO - Dependencies all met for dep_context=non-requeueable deps ti=<TaskInstance: yfinance_ingestion_dag.update_historic_file_in_hdfs scheduled__2025-03-02T00:00:00+00:00 [queued]>
[2025-03-14T11:55:30.439+0000] {taskinstance.py:1157} INFO - Dependencies all met for dep_context=requeueable deps ti=<TaskInstance: yfinance_ingestion_dag.update_historic_file_in_hdfs scheduled__2025-03-02T00:00:00+00:00 [queued]>
[2025-03-14T11:55:30.457+0000] {taskinstance.py:1359} INFO - Starting attempt 1 of 1
[2025-03-14T11:55:30.610+0000] {taskinstance.py:1380} INFO - Executing <Task(PythonOperator): update_historic_file_in_hdfs> on 2025-03-02 00:00:00+00:00
[2025-03-14T11:55:30.648+0000] {standard_task_runner.py:57} INFO - Started process 531 to run task
[2025-03-14T11:55:30.660+0000] {standard_task_runner.py:84} INFO - Running: ['***', 'tasks', 'run', 'yfinance_ingestion_dag', 'update_historic_file_in_hdfs', 'scheduled__2025-03-02T00:00:00+00:00', '--job-id', '321', '--raw', '--subdir', 'DAGS_FOLDER/pipeline.py', '--cfg-path', '/tmp/tmpsp3n_4rd']
[2025-03-14T11:55:30.667+0000] {standard_task_runner.py:85} INFO - Job 321: Subtask update_historic_file_in_hdfs
[2025-03-14T11:55:30.793+0000] {task_command.py:415} INFO - Running <TaskInstance: yfinance_ingestion_dag.update_historic_file_in_hdfs scheduled__2025-03-02T00:00:00+00:00 [running]> on host f8c11d6f9983
[2025-03-14T11:55:31.033+0000] {taskinstance.py:1660} INFO - Exporting env vars: AIRFLOW_CTX_DAG_OWNER='etudiant' AIRFLOW_CTX_DAG_ID='yfinance_ingestion_dag' AIRFLOW_CTX_TASK_ID='update_historic_file_in_hdfs' AIRFLOW_CTX_EXECUTION_DATE='2025-03-02T00:00:00+00:00' AIRFLOW_CTX_TRY_NUMBER='1' AIRFLOW_CTX_DAG_RUN_ID='scheduled__2025-03-02T00:00:00+00:00'
[2025-03-14T11:55:31.058+0000] {client.py:192} INFO - Instantiated <InsecureClient(url='http://namenode:9870')>.
[2025-03-14T11:55:31.063+0000] {client.py:724} INFO - Reading file '/user/etudiant/crypto/raw/historique_gold/yfinance_raw_historique.json'.
[2025-03-14T11:55:31.613+0000] {logging_mixin.py:151} INFO - Fichier historique chargé, 5825 lignes existantes.
[2025-03-14T11:55:31.619+0000] {logging_mixin.py:151} INFO - La ligne pour 2025-03-14T00:00:00.000Z existe déjà, pas d'ajout.
[2025-03-14T11:55:31.620+0000] {client.py:496} INFO - Writing to '/user/etudiant/crypto/raw/historique_gold/yfinance_raw_historique.json'.
[2025-03-14T11:55:34.080+0000] {util.py:78} ERROR - Exception in child.
Traceback (most recent call last):
  File "/home/airflow/.local/lib/python3.8/site-packages/urllib3/connectionpool.py", line 714, in urlopen
    httplib_response = self._make_request(
  File "/home/airflow/.local/lib/python3.8/site-packages/urllib3/connectionpool.py", line 413, in _make_request
    conn.request_chunked(method, url, **httplib_request_kw)
  File "/home/airflow/.local/lib/python3.8/site-packages/urllib3/connection.py", line 280, in request_chunked
    self.send(to_send)
  File "/usr/local/lib/python3.8/http/client.py", line 972, in send
    self.sock.sendall(data)
ConnectionResetError: [Errno 104] Connection reset by peer

During handling of the above exception, another exception occurred:

Traceback (most recent call last):
  File "/home/airflow/.local/lib/python3.8/site-packages/requests/adapters.py", line 486, in send
    resp = conn.urlopen(
  File "/home/airflow/.local/lib/python3.8/site-packages/urllib3/connectionpool.py", line 798, in urlopen
    retries = retries.increment(
  File "/home/airflow/.local/lib/python3.8/site-packages/urllib3/util/retry.py", line 550, in increment
    raise six.reraise(type(error), error, _stacktrace)
  File "/home/airflow/.local/lib/python3.8/site-packages/urllib3/packages/six.py", line 769, in reraise
    raise value.with_traceback(tb)
  File "/home/airflow/.local/lib/python3.8/site-packages/urllib3/connectionpool.py", line 714, in urlopen
    httplib_response = self._make_request(
  File "/home/airflow/.local/lib/python3.8/site-packages/urllib3/connectionpool.py", line 413, in _make_request
    conn.request_chunked(method, url, **httplib_request_kw)
  File "/home/airflow/.local/lib/python3.8/site-packages/urllib3/connection.py", line 280, in request_chunked
    self.send(to_send)
  File "/usr/local/lib/python3.8/http/client.py", line 972, in send
    self.sock.sendall(data)
urllib3.exceptions.ProtocolError: ('Connection aborted.', ConnectionResetError(104, 'Connection reset by peer'))

During handling of the above exception, another exception occurred:

Traceback (most recent call last):
  File "/home/airflow/.local/lib/python3.8/site-packages/hdfs/util.py", line 76, in consumer
    self._consumer(data)
  File "/home/airflow/.local/lib/python3.8/site-packages/hdfs/client.py", line 509, in consumer
    res = self._request(
  File "/home/airflow/.local/lib/python3.8/site-packages/hdfs/client.py", line 209, in _request
    return self._session.request(
  File "/home/airflow/.local/lib/python3.8/site-packages/requests/sessions.py", line 589, in request
    resp = self.send(prep, **send_kwargs)
  File "/home/airflow/.local/lib/python3.8/site-packages/requests/sessions.py", line 703, in send
    r = adapter.send(request, **kwargs)
  File "/home/airflow/.local/lib/python3.8/site-packages/requests/adapters.py", line 501, in send
    raise ConnectionError(err, request=request)
requests.exceptions.ConnectionError: ('Connection aborted.', ConnectionResetError(104, 'Connection reset by peer'))
[2025-03-14T11:55:34.119+0000] {logging_mixin.py:151} INFO - Erreur lors de l'écriture dans HDFS : ('Connection aborted.', ConnectionResetError(104, 'Connection reset by peer'))
[2025-03-14T11:55:34.120+0000] {taskinstance.py:1935} ERROR - Task failed with exception
Traceback (most recent call last):
  File "/home/airflow/.local/lib/python3.8/site-packages/urllib3/connectionpool.py", line 714, in urlopen
    httplib_response = self._make_request(
  File "/home/airflow/.local/lib/python3.8/site-packages/urllib3/connectionpool.py", line 413, in _make_request
    conn.request_chunked(method, url, **httplib_request_kw)
  File "/home/airflow/.local/lib/python3.8/site-packages/urllib3/connection.py", line 280, in request_chunked
    self.send(to_send)
  File "/usr/local/lib/python3.8/http/client.py", line 972, in send
    self.sock.sendall(data)
ConnectionResetError: [Errno 104] Connection reset by peer

During handling of the above exception, another exception occurred:

Traceback (most recent call last):
  File "/home/airflow/.local/lib/python3.8/site-packages/requests/adapters.py", line 486, in send
    resp = conn.urlopen(
  File "/home/airflow/.local/lib/python3.8/site-packages/urllib3/connectionpool.py", line 798, in urlopen
    retries = retries.increment(
  File "/home/airflow/.local/lib/python3.8/site-packages/urllib3/util/retry.py", line 550, in increment
    raise six.reraise(type(error), error, _stacktrace)
  File "/home/airflow/.local/lib/python3.8/site-packages/urllib3/packages/six.py", line 769, in reraise
    raise value.with_traceback(tb)
  File "/home/airflow/.local/lib/python3.8/site-packages/urllib3/connectionpool.py", line 714, in urlopen
    httplib_response = self._make_request(
  File "/home/airflow/.local/lib/python3.8/site-packages/urllib3/connectionpool.py", line 413, in _make_request
    conn.request_chunked(method, url, **httplib_request_kw)
  File "/home/airflow/.local/lib/python3.8/site-packages/urllib3/connection.py", line 280, in request_chunked
    self.send(to_send)
  File "/usr/local/lib/python3.8/http/client.py", line 972, in send
    self.sock.sendall(data)
urllib3.exceptions.ProtocolError: ('Connection aborted.', ConnectionResetError(104, 'Connection reset by peer'))

During handling of the above exception, another exception occurred:

Traceback (most recent call last):
  File "/opt/airflow/dags/pipeline.py", line 96, in update_historic_file_in_hdfs
    writer.write(json.dumps(record) + '\n')
  File "/home/airflow/.local/lib/python3.8/site-packages/hdfs/util.py", line 104, in __exit__
    raise self._err # pylint: disable=raising-bad-type
  File "/home/airflow/.local/lib/python3.8/site-packages/hdfs/util.py", line 76, in consumer
    self._consumer(data)
  File "/home/airflow/.local/lib/python3.8/site-packages/hdfs/client.py", line 509, in consumer
    res = self._request(
  File "/home/airflow/.local/lib/python3.8/site-packages/hdfs/client.py", line 209, in _request
    return self._session.request(
  File "/home/airflow/.local/lib/python3.8/site-packages/requests/sessions.py", line 589, in request
    resp = self.send(prep, **send_kwargs)
  File "/home/airflow/.local/lib/python3.8/site-packages/requests/sessions.py", line 703, in send
    r = adapter.send(request, **kwargs)
  File "/home/airflow/.local/lib/python3.8/site-packages/requests/adapters.py", line 501, in send
    raise ConnectionError(err, request=request)
requests.exceptions.ConnectionError: ('Connection aborted.', ConnectionResetError(104, 'Connection reset by peer'))

During handling of the above exception, another exception occurred:

Traceback (most recent call last):
  File "/home/airflow/.local/lib/python3.8/site-packages/airflow/operators/python.py", line 192, in execute
    return_value = self.execute_callable()
  File "/home/airflow/.local/lib/python3.8/site-packages/airflow/operators/python.py", line 209, in execute_callable
    return self.python_callable(*self.op_args, **self.op_kwargs)
  File "/opt/airflow/dags/pipeline.py", line 100, in update_historic_file_in_hdfs
    raise ValueError(f"Échec de l'écriture dans HDFS : {e}")
ValueError: Échec de l'écriture dans HDFS : ('Connection aborted.', ConnectionResetError(104, 'Connection reset by peer'))
[2025-03-14T11:55:34.152+0000] {taskinstance.py:1398} INFO - Marking task as FAILED. dag_id=yfinance_ingestion_dag, task_id=update_historic_file_in_hdfs, execution_date=20250302T000000, start_date=20250314T115530, end_date=20250314T115534
[2025-03-14T11:55:34.197+0000] {standard_task_runner.py:104} ERROR - Failed to execute job 321 for task update_historic_file_in_hdfs (Échec de l'écriture dans HDFS : ('Connection aborted.', ConnectionResetError(104, 'Connection reset by peer')); 531)
[2025-03-14T11:55:34.312+0000] {local_task_job_runner.py:228} INFO - Task exited with return code 1
[2025-03-14T11:55:34.419+0000] {taskinstance.py:2776} INFO - 0 downstream tasks scheduled from follow-on schedule check
