[2025-03-14T15:36:56.852+0000] {taskinstance.py:1157} INFO - Dependencies all met for dep_context=non-requeueable deps ti=<TaskInstance: yfinance_lstm_training_dag.prepare_data_for_lstm scheduled__2025-03-02T00:00:00+00:00 [queued]>
[2025-03-14T15:36:56.894+0000] {taskinstance.py:1157} INFO - Dependencies all met for dep_context=requeueable deps ti=<TaskInstance: yfinance_lstm_training_dag.prepare_data_for_lstm scheduled__2025-03-02T00:00:00+00:00 [queued]>
[2025-03-14T15:36:56.899+0000] {taskinstance.py:1359} INFO - Starting attempt 1 of 1
[2025-03-14T15:36:57.030+0000] {taskinstance.py:1380} INFO - Executing <Task(PythonOperator): prepare_data_for_lstm> on 2025-03-02 00:00:00+00:00
[2025-03-14T15:36:57.061+0000] {standard_task_runner.py:57} INFO - Started process 4638 to run task
[2025-03-14T15:36:57.126+0000] {standard_task_runner.py:84} INFO - Running: ['***', 'tasks', 'run', 'yfinance_lstm_training_dag', 'prepare_data_for_lstm', 'scheduled__2025-03-02T00:00:00+00:00', '--job-id', '424', '--raw', '--subdir', 'DAGS_FOLDER/re_entrainment_model.py', '--cfg-path', '/tmp/tmpecacczcb']
[2025-03-14T15:36:57.149+0000] {standard_task_runner.py:85} INFO - Job 424: Subtask prepare_data_for_lstm
[2025-03-14T15:36:57.342+0000] {task_command.py:415} INFO - Running <TaskInstance: yfinance_lstm_training_dag.prepare_data_for_lstm scheduled__2025-03-02T00:00:00+00:00 [running]> on host cc0110907453
[2025-03-14T15:36:57.555+0000] {taskinstance.py:1660} INFO - Exporting env vars: AIRFLOW_CTX_DAG_OWNER='etudiant' AIRFLOW_CTX_DAG_ID='yfinance_lstm_training_dag' AIRFLOW_CTX_TASK_ID='prepare_data_for_lstm' AIRFLOW_CTX_EXECUTION_DATE='2025-03-02T00:00:00+00:00' AIRFLOW_CTX_TRY_NUMBER='1' AIRFLOW_CTX_DAG_RUN_ID='scheduled__2025-03-02T00:00:00+00:00'
[2025-03-14T15:36:59.598+0000] {taskinstance.py:1935} ERROR - Task failed with exception
Traceback (most recent call last):
  File "/home/airflow/.local/lib/python3.8/site-packages/airflow/operators/python.py", line 192, in execute
    return_value = self.execute_callable()
  File "/home/airflow/.local/lib/python3.8/site-packages/airflow/operators/python.py", line 209, in execute_callable
    return self.python_callable(*self.op_args, **self.op_kwargs)
  File "/opt/airflow/dags/re_entrainment_model.py", line 24, in prepare_data_for_lstm
    cluster = Cluster(['cassandra'], port=9042)
  File "cassandra/cluster.py", line 1231, in cassandra.cluster.Cluster.__init__
cassandra.UnresolvableContactPoints: {}
[2025-03-14T15:36:59.656+0000] {taskinstance.py:1398} INFO - Marking task as FAILED. dag_id=yfinance_lstm_training_dag, task_id=prepare_data_for_lstm, execution_date=20250302T000000, start_date=20250314T153656, end_date=20250314T153659
[2025-03-14T15:36:59.684+0000] {standard_task_runner.py:104} ERROR - Failed to execute job 424 for task prepare_data_for_lstm ({}; 4638)
[2025-03-14T15:36:59.715+0000] {local_task_job_runner.py:228} INFO - Task exited with return code 1
[2025-03-14T15:36:59.785+0000] {taskinstance.py:2776} INFO - 0 downstream tasks scheduled from follow-on schedule check
[2025-03-14T15:53:39.806+0000] {taskinstance.py:1157} INFO - Dependencies all met for dep_context=non-requeueable deps ti=<TaskInstance: yfinance_lstm_training_dag.prepare_data_for_lstm scheduled__2025-03-02T00:00:00+00:00 [queued]>
[2025-03-14T15:53:39.832+0000] {taskinstance.py:1157} INFO - Dependencies all met for dep_context=requeueable deps ti=<TaskInstance: yfinance_lstm_training_dag.prepare_data_for_lstm scheduled__2025-03-02T00:00:00+00:00 [queued]>
[2025-03-14T15:53:39.835+0000] {taskinstance.py:1359} INFO - Starting attempt 1 of 2
[2025-03-14T15:53:39.869+0000] {taskinstance.py:1380} INFO - Executing <Task(PythonOperator): prepare_data_for_lstm> on 2025-03-02 00:00:00+00:00
[2025-03-14T15:53:39.883+0000] {standard_task_runner.py:57} INFO - Started process 304 to run task
[2025-03-14T15:53:39.891+0000] {standard_task_runner.py:84} INFO - Running: ['***', 'tasks', 'run', 'yfinance_lstm_training_dag', 'prepare_data_for_lstm', 'scheduled__2025-03-02T00:00:00+00:00', '--job-id', '447', '--raw', '--subdir', 'DAGS_FOLDER/re_entrainment_model.py', '--cfg-path', '/tmp/tmpu9k992xa']
[2025-03-14T15:53:39.897+0000] {standard_task_runner.py:85} INFO - Job 447: Subtask prepare_data_for_lstm
[2025-03-14T15:53:39.982+0000] {task_command.py:415} INFO - Running <TaskInstance: yfinance_lstm_training_dag.prepare_data_for_lstm scheduled__2025-03-02T00:00:00+00:00 [running]> on host bf727b93dd82
[2025-03-14T15:53:40.128+0000] {taskinstance.py:1660} INFO - Exporting env vars: AIRFLOW_CTX_DAG_OWNER='etudiant' AIRFLOW_CTX_DAG_ID='yfinance_lstm_training_dag' AIRFLOW_CTX_TASK_ID='prepare_data_for_lstm' AIRFLOW_CTX_EXECUTION_DATE='2025-03-02T00:00:00+00:00' AIRFLOW_CTX_TRY_NUMBER='1' AIRFLOW_CTX_DAG_RUN_ID='scheduled__2025-03-02T00:00:00+00:00'
[2025-03-14T15:53:42.534+0000] {xcom.py:661} ERROR - Object of type MinMaxScaler is not JSON serializable. If you are using pickle instead of JSON for XCom, then you need to enable pickle support for XCom in your *** config or make sure to decorate your object with attr.
[2025-03-14T15:53:42.537+0000] {logging_mixin.py:151} INFO - Erreur dans prepare_data_for_lstm : Object of type MinMaxScaler is not JSON serializable
[2025-03-14T15:53:42.537+0000] {taskinstance.py:1935} ERROR - Task failed with exception
Traceback (most recent call last):
  File "/home/airflow/.local/lib/python3.8/site-packages/airflow/utils/json.py", line 91, in default
    return serialize(o)
  File "/home/airflow/.local/lib/python3.8/site-packages/airflow/serialization/serde.py", line 178, in serialize
    raise TypeError(f"cannot serialize object of type {cls}")
TypeError: cannot serialize object of type <class 'sklearn.preprocessing._data.MinMaxScaler'>

During handling of the above exception, another exception occurred:

Traceback (most recent call last):
  File "/home/airflow/.local/lib/python3.8/site-packages/airflow/operators/python.py", line 192, in execute
    return_value = self.execute_callable()
  File "/home/airflow/.local/lib/python3.8/site-packages/airflow/operators/python.py", line 209, in execute_callable
    return self.python_callable(*self.op_args, **self.op_kwargs)
  File "/opt/airflow/dags/re_entrainment_model.py", line 69, in prepare_data_for_lstm
    context['ti'].xcom_push(key='scaler', value=scaler)
  File "/home/airflow/.local/lib/python3.8/site-packages/airflow/utils/session.py", line 77, in wrapper
    return func(*args, session=session, **kwargs)
  File "/home/airflow/.local/lib/python3.8/site-packages/airflow/models/taskinstance.py", line 2477, in xcom_push
    XCom.set(
  File "/home/airflow/.local/lib/python3.8/site-packages/airflow/utils/session.py", line 74, in wrapper
    return func(*args, **kwargs)
  File "/home/airflow/.local/lib/python3.8/site-packages/airflow/models/xcom.py", line 244, in set
    value = cls.serialize_value(
  File "/home/airflow/.local/lib/python3.8/site-packages/airflow/models/xcom.py", line 659, in serialize_value
    return json.dumps(value, cls=XComEncoder).encode("UTF-8")
  File "/usr/local/lib/python3.8/json/__init__.py", line 234, in dumps
    return cls(
  File "/home/airflow/.local/lib/python3.8/site-packages/airflow/utils/json.py", line 104, in encode
    return super().encode(o)
  File "/usr/local/lib/python3.8/json/encoder.py", line 199, in encode
    chunks = self.iterencode(o, _one_shot=True)
  File "/usr/local/lib/python3.8/json/encoder.py", line 257, in iterencode
    return _iterencode(o, 0)
  File "/home/airflow/.local/lib/python3.8/site-packages/airflow/utils/json.py", line 93, in default
    return super().default(o)
  File "/usr/local/lib/python3.8/json/encoder.py", line 179, in default
    raise TypeError(f'Object of type {o.__class__.__name__} '
TypeError: Object of type MinMaxScaler is not JSON serializable
[2025-03-14T15:53:42.568+0000] {taskinstance.py:1398} INFO - Marking task as UP_FOR_RETRY. dag_id=yfinance_lstm_training_dag, task_id=prepare_data_for_lstm, execution_date=20250302T000000, start_date=20250314T155339, end_date=20250314T155342
[2025-03-14T15:53:42.588+0000] {standard_task_runner.py:104} ERROR - Failed to execute job 447 for task prepare_data_for_lstm (Object of type MinMaxScaler is not JSON serializable; 304)
[2025-03-14T15:53:42.646+0000] {local_task_job_runner.py:228} INFO - Task exited with return code 1
[2025-03-14T15:53:42.690+0000] {taskinstance.py:2776} INFO - 0 downstream tasks scheduled from follow-on schedule check
[2025-03-14T15:55:27.926+0000] {taskinstance.py:1157} INFO - Dependencies all met for dep_context=non-requeueable deps ti=<TaskInstance: yfinance_lstm_training_dag.prepare_data_for_lstm scheduled__2025-03-02T00:00:00+00:00 [queued]>
[2025-03-14T15:55:27.940+0000] {taskinstance.py:1157} INFO - Dependencies all met for dep_context=requeueable deps ti=<TaskInstance: yfinance_lstm_training_dag.prepare_data_for_lstm scheduled__2025-03-02T00:00:00+00:00 [queued]>
[2025-03-14T15:55:27.941+0000] {taskinstance.py:1359} INFO - Starting attempt 1 of 2
[2025-03-14T15:55:27.961+0000] {taskinstance.py:1380} INFO - Executing <Task(PythonOperator): prepare_data_for_lstm> on 2025-03-02 00:00:00+00:00
[2025-03-14T15:55:27.974+0000] {standard_task_runner.py:57} INFO - Started process 516 to run task
[2025-03-14T15:55:27.978+0000] {standard_task_runner.py:84} INFO - Running: ['***', 'tasks', 'run', 'yfinance_lstm_training_dag', 'prepare_data_for_lstm', 'scheduled__2025-03-02T00:00:00+00:00', '--job-id', '449', '--raw', '--subdir', 'DAGS_FOLDER/re_entrainment_model.py', '--cfg-path', '/tmp/tmptt89k6ly']
[2025-03-14T15:55:27.983+0000] {standard_task_runner.py:85} INFO - Job 449: Subtask prepare_data_for_lstm
[2025-03-14T15:55:28.045+0000] {task_command.py:415} INFO - Running <TaskInstance: yfinance_lstm_training_dag.prepare_data_for_lstm scheduled__2025-03-02T00:00:00+00:00 [running]> on host bf727b93dd82
[2025-03-14T15:55:28.130+0000] {taskinstance.py:1660} INFO - Exporting env vars: AIRFLOW_CTX_DAG_OWNER='etudiant' AIRFLOW_CTX_DAG_ID='yfinance_lstm_training_dag' AIRFLOW_CTX_TASK_ID='prepare_data_for_lstm' AIRFLOW_CTX_EXECUTION_DATE='2025-03-02T00:00:00+00:00' AIRFLOW_CTX_TRY_NUMBER='1' AIRFLOW_CTX_DAG_RUN_ID='scheduled__2025-03-02T00:00:00+00:00'
[2025-03-14T15:55:36.141+0000] {logging_mixin.py:151} INFO - Erreur dans prepare_data_for_lstm : {}
[2025-03-14T15:55:36.142+0000] {taskinstance.py:1935} ERROR - Task failed with exception
Traceback (most recent call last):
  File "/home/airflow/.local/lib/python3.8/site-packages/airflow/operators/python.py", line 192, in execute
    return_value = self.execute_callable()
  File "/home/airflow/.local/lib/python3.8/site-packages/airflow/operators/python.py", line 209, in execute_callable
    return self.python_callable(*self.op_args, **self.op_kwargs)
  File "/opt/airflow/dags/re_entrainment_model.py", line 26, in prepare_data_for_lstm
    cluster = Cluster(
  File "cassandra/cluster.py", line 1231, in cassandra.cluster.Cluster.__init__
cassandra.UnresolvableContactPoints: {}
[2025-03-14T15:55:36.162+0000] {taskinstance.py:1398} INFO - Marking task as UP_FOR_RETRY. dag_id=yfinance_lstm_training_dag, task_id=prepare_data_for_lstm, execution_date=20250302T000000, start_date=20250314T155527, end_date=20250314T155536
[2025-03-14T15:55:36.182+0000] {standard_task_runner.py:104} ERROR - Failed to execute job 449 for task prepare_data_for_lstm ({}; 516)
[2025-03-14T15:55:36.234+0000] {local_task_job_runner.py:228} INFO - Task exited with return code 1
[2025-03-14T15:55:36.268+0000] {taskinstance.py:2776} INFO - 0 downstream tasks scheduled from follow-on schedule check
