[2025-03-14T11:25:52.366+0000] {taskinstance.py:1157} INFO - Dependencies all met for dep_context=non-requeueable deps ti=<TaskInstance: yfinance_ingestion_dag.update_historic_file_in_hdfs scheduled__2025-01-17T00:00:00+00:00 [queued]>
[2025-03-14T11:25:52.535+0000] {taskinstance.py:1157} INFO - Dependencies all met for dep_context=requeueable deps ti=<TaskInstance: yfinance_ingestion_dag.update_historic_file_in_hdfs scheduled__2025-01-17T00:00:00+00:00 [queued]>
[2025-03-14T11:25:52.537+0000] {taskinstance.py:1359} INFO - Starting attempt 1 of 1
[2025-03-14T11:25:52.758+0000] {taskinstance.py:1380} INFO - Executing <Task(PythonOperator): update_historic_file_in_hdfs> on 2025-01-17 00:00:00+00:00
[2025-03-14T11:25:52.791+0000] {standard_task_runner.py:57} INFO - Started process 1141 to run task
[2025-03-14T11:25:52.831+0000] {standard_task_runner.py:84} INFO - Running: ['***', 'tasks', 'run', 'yfinance_ingestion_dag', 'update_historic_file_in_hdfs', 'scheduled__2025-01-17T00:00:00+00:00', '--job-id', '156', '--raw', '--subdir', 'DAGS_FOLDER/pipeline.py', '--cfg-path', '/tmp/tmpfopmdwbi']
[2025-03-14T11:25:52.885+0000] {standard_task_runner.py:85} INFO - Job 156: Subtask update_historic_file_in_hdfs
[2025-03-14T11:25:53.298+0000] {task_command.py:415} INFO - Running <TaskInstance: yfinance_ingestion_dag.update_historic_file_in_hdfs scheduled__2025-01-17T00:00:00+00:00 [running]> on host 84d5e306d956
[2025-03-14T11:25:54.717+0000] {taskinstance.py:1660} INFO - Exporting env vars: AIRFLOW_CTX_DAG_OWNER='etudiant' AIRFLOW_CTX_DAG_ID='yfinance_ingestion_dag' AIRFLOW_CTX_TASK_ID='update_historic_file_in_hdfs' AIRFLOW_CTX_EXECUTION_DATE='2025-01-17T00:00:00+00:00' AIRFLOW_CTX_TRY_NUMBER='1' AIRFLOW_CTX_DAG_RUN_ID='scheduled__2025-01-17T00:00:00+00:00'
[2025-03-14T11:25:54.838+0000] {client.py:192} INFO - Instantiated <InsecureClient(url='http://namenode:9870')>.
[2025-03-14T11:25:54.842+0000] {client.py:724} INFO - Reading file '/user/etudiant/crypto/raw/historique_gold/yfinance_raw_historique.json'.
[2025-03-14T11:26:04.265+0000] {local_task_job_runner.py:115} ERROR - Received SIGTERM. Terminating subprocesses
[2025-03-14T11:26:04.345+0000] {process_utils.py:131} INFO - Sending 15 to group 1141. PIDs of all processes in the group: [1185, 1141]
[2025-03-14T11:26:04.430+0000] {process_utils.py:86} INFO - Sending the signal 15 to group 1141
[2025-03-14T11:26:04.479+0000] {taskinstance.py:1630} ERROR - Received SIGTERM. Terminating subprocesses.
[2025-03-14T11:26:04.741+0000] {process_utils.py:79} INFO - Process psutil.Process(pid=1185, status='terminated', started='11:25:55') (1185) terminated with exit code None
[2025-03-14T11:26:05.046+0000] {taskinstance.py:1935} ERROR - Task failed with exception
Traceback (most recent call last):
  File "/home/airflow/.local/lib/python3.8/site-packages/airflow/operators/python.py", line 192, in execute
    return_value = self.execute_callable()
  File "/home/airflow/.local/lib/python3.8/site-packages/airflow/operators/python.py", line 209, in execute_callable
    return self.python_callable(*self.op_args, **self.op_kwargs)
  File "/opt/airflow/dags/pipeline.py", line 95, in update_historic_file_in_hdfs
    subprocess.run(["docker", "exec", "-i", "-u", "root", "namenode", "hdfs", "dfs", "-mkdir", "-p", hdfs_historic_dir])
  File "/usr/local/lib/python3.8/subprocess.py", line 495, in run
    stdout, stderr = process.communicate(input, timeout=timeout)
  File "/usr/local/lib/python3.8/subprocess.py", line 1020, in communicate
    self.wait()
  File "/usr/local/lib/python3.8/subprocess.py", line 1083, in wait
    return self._wait(timeout=timeout)
  File "/usr/local/lib/python3.8/subprocess.py", line 1822, in _wait
    (pid, sts) = self._try_wait(0)
  File "/usr/local/lib/python3.8/subprocess.py", line 1780, in _try_wait
    (pid, sts) = os.waitpid(self.pid, wait_flags)
  File "/home/airflow/.local/lib/python3.8/site-packages/airflow/models/taskinstance.py", line 1632, in signal_handler
    raise AirflowException("Task received SIGTERM signal")
airflow.exceptions.AirflowException: Task received SIGTERM signal
[2025-03-14T11:26:05.331+0000] {taskinstance.py:1398} INFO - Marking task as FAILED. dag_id=yfinance_ingestion_dag, task_id=update_historic_file_in_hdfs, execution_date=20250117T000000, start_date=20250314T112552, end_date=20250314T112605
[2025-03-14T11:26:12.218+0000] {standard_task_runner.py:104} ERROR - Failed to execute job 156 for task update_historic_file_in_hdfs (Task received SIGTERM signal; 1141)
[2025-03-14T11:26:12.368+0000] {process_utils.py:79} INFO - Process psutil.Process(pid=1141, status='terminated', exitcode=1, started='11:25:51') (1141) terminated with exit code 1
[2025-03-14T11:26:12.377+0000] {local_task_job_runner.py:228} INFO - Task exited with return code 143
[2025-03-14T11:26:12.567+0000] {taskinstance.py:2776} INFO - 0 downstream tasks scheduled from follow-on schedule check
