[2025-02-27T12:22:42.715+0000] {taskinstance.py:1157} INFO - Dependencies all met for dep_context=non-requeueable deps ti=<TaskInstance: yfinance_ingestion_dag.fetch_data scheduled__2025-01-19T00:00:00+00:00 [queued]>
[2025-02-27T12:22:42.814+0000] {taskinstance.py:1157} INFO - Dependencies all met for dep_context=requeueable deps ti=<TaskInstance: yfinance_ingestion_dag.fetch_data scheduled__2025-01-19T00:00:00+00:00 [queued]>
[2025-02-27T12:22:42.823+0000] {taskinstance.py:1359} INFO - Starting attempt 1 of 1
[2025-02-27T12:22:43.346+0000] {taskinstance.py:1380} INFO - Executing <Task(PythonOperator): fetch_data> on 2025-01-19 00:00:00+00:00
[2025-02-27T12:22:43.375+0000] {standard_task_runner.py:57} INFO - Started process 326 to run task
[2025-02-27T12:22:43.413+0000] {standard_task_runner.py:84} INFO - Running: ['***', 'tasks', 'run', 'yfinance_ingestion_dag', 'fetch_data', 'scheduled__2025-01-19T00:00:00+00:00', '--job-id', '42', '--raw', '--subdir', 'DAGS_FOLDER/pipeline.py', '--cfg-path', '/tmp/tmpa21i26pa']
[2025-02-27T12:22:43.452+0000] {standard_task_runner.py:85} INFO - Job 42: Subtask fetch_data
[2025-02-27T12:22:43.731+0000] {task_command.py:415} INFO - Running <TaskInstance: yfinance_ingestion_dag.fetch_data scheduled__2025-01-19T00:00:00+00:00 [running]> on host 37788710213d
[2025-02-27T12:22:44.164+0000] {taskinstance.py:1660} INFO - Exporting env vars: AIRFLOW_CTX_DAG_OWNER='etudiant' AIRFLOW_CTX_DAG_ID='yfinance_ingestion_dag' AIRFLOW_CTX_TASK_ID='fetch_data' AIRFLOW_CTX_EXECUTION_DATE='2025-01-19T00:00:00+00:00' AIRFLOW_CTX_TRY_NUMBER='1' AIRFLOW_CTX_DAG_RUN_ID='scheduled__2025-01-19T00:00:00+00:00'
[2025-02-27T12:22:45.647+0000] {logging_mixin.py:151} INFO - [
    {
        "datetime": "2025-01-28T12:00:00.000Z",
        "open_price": 2766.300048828125,
        "high_price": 2768.89990234375,
        "low_price": 2764.800048828125,
        "close_price": 2767.10009765625,
        "volume": 0,
        "asset": "GOLD"
    },
    {
        "datetime": "2025-01-28T13:00:00.000Z",
        "open_price": 2767.10009765625,
        "high_price": 2772.800048828125,
        "low_price": 2766.800048828125,
        "close_price": 2772.199951171875,
        "volume": 12432,
        "asset": "GOLD"
    },
    {
        "datetime": "2025-01-28T14:00:00.000Z",
        "open_price": 2772.10009765625,
        "high_price": 2774.0,
        "low_price": 2771.300048828125,
        "close_price": 2773.199951171875,
        "volume": 5824,
        "asset": "GOLD"
    },
    {
        "datetime": "2025-01-28T15:00:00.000Z",
        "open_price": 2773.199951171875,
        "high_price": 2773.60009765625,
        "low_price": 2770.10009765625,
        "close_price": 2771.89990234375,
        "volume": 4794,
        "asset": "GOLD"
    },
    {
        "datetime": "2025-01-28T16:00:00.000Z",
        "open_price": 2771.800048828125,
        "high_price": 2772.0,
        "low_price": 2770.5,
        "close_price": 2771.5,
        "volume": 2576,
        "asset": "GOLD"
    }
]
[2025-02-27T12:22:45.858+0000] {python.py:194} INFO - Done. Returned value was: None
[2025-02-27T12:22:45.949+0000] {taskinstance.py:1398} INFO - Marking task as SUCCESS. dag_id=yfinance_ingestion_dag, task_id=fetch_data, execution_date=20250119T000000, start_date=20250227T122242, end_date=20250227T122245
[2025-02-27T12:22:46.074+0000] {local_task_job_runner.py:228} INFO - Task exited with return code 0
[2025-02-27T12:22:46.188+0000] {taskinstance.py:2776} INFO - 1 downstream tasks scheduled from follow-on schedule check
[2025-03-14T11:25:31.279+0000] {taskinstance.py:1157} INFO - Dependencies all met for dep_context=non-requeueable deps ti=<TaskInstance: yfinance_ingestion_dag.fetch_data scheduled__2025-01-19T00:00:00+00:00 [queued]>
[2025-03-14T11:25:31.383+0000] {taskinstance.py:1157} INFO - Dependencies all met for dep_context=requeueable deps ti=<TaskInstance: yfinance_ingestion_dag.fetch_data scheduled__2025-01-19T00:00:00+00:00 [queued]>
[2025-03-14T11:25:31.392+0000] {taskinstance.py:1359} INFO - Starting attempt 1 of 1
[2025-03-14T11:25:31.912+0000] {taskinstance.py:1380} INFO - Executing <Task(PythonOperator): fetch_data> on 2025-01-19 00:00:00+00:00
[2025-03-14T11:25:32.033+0000] {standard_task_runner.py:57} INFO - Started process 1083 to run task
[2025-03-14T11:25:32.055+0000] {standard_task_runner.py:84} INFO - Running: ['***', 'tasks', 'run', 'yfinance_ingestion_dag', 'fetch_data', 'scheduled__2025-01-19T00:00:00+00:00', '--job-id', '139', '--raw', '--subdir', 'DAGS_FOLDER/pipeline.py', '--cfg-path', '/tmp/tmp404nqj7q']
[2025-03-14T11:25:32.072+0000] {standard_task_runner.py:85} INFO - Job 139: Subtask fetch_data
[2025-03-14T11:25:32.296+0000] {task_command.py:415} INFO - Running <TaskInstance: yfinance_ingestion_dag.fetch_data scheduled__2025-01-19T00:00:00+00:00 [running]> on host 84d5e306d956
[2025-03-14T11:25:32.749+0000] {taskinstance.py:1660} INFO - Exporting env vars: AIRFLOW_CTX_DAG_OWNER='etudiant' AIRFLOW_CTX_DAG_ID='yfinance_ingestion_dag' AIRFLOW_CTX_TASK_ID='fetch_data' AIRFLOW_CTX_EXECUTION_DATE='2025-01-19T00:00:00+00:00' AIRFLOW_CTX_TRY_NUMBER='1' AIRFLOW_CTX_DAG_RUN_ID='scheduled__2025-01-19T00:00:00+00:00'
[2025-03-14T11:25:33.889+0000] {logging_mixin.py:151} INFO - [
    {
        "datetime": "2025-03-14T00:00:00.000Z",
        "open_price": 3001.39990234375,
        "high_price": 3017.10009765625,
        "low_price": 2994.300048828125,
        "close_price": 3009.199951171875,
        "volume": 72606.0,
        "asset": "GOLD"
    }
]
[2025-03-14T11:25:33.995+0000] {python.py:194} INFO - Done. Returned value was: None
[2025-03-14T11:25:34.084+0000] {taskinstance.py:1398} INFO - Marking task as SUCCESS. dag_id=yfinance_ingestion_dag, task_id=fetch_data, execution_date=20250119T000000, start_date=20250314T112531, end_date=20250314T112534
[2025-03-14T11:25:34.532+0000] {local_task_job_runner.py:228} INFO - Task exited with return code 0
[2025-03-14T11:25:34.753+0000] {taskinstance.py:2776} INFO - 1 downstream tasks scheduled from follow-on schedule check
