[2025-02-27T12:23:06.629+0000] {taskinstance.py:1157} INFO - Dependencies all met for dep_context=non-requeueable deps ti=<TaskInstance: yfinance_ingestion_dag.fetch_data scheduled__2025-02-04T00:00:00+00:00 [queued]>
[2025-02-27T12:23:06.651+0000] {taskinstance.py:1157} INFO - Dependencies all met for dep_context=requeueable deps ti=<TaskInstance: yfinance_ingestion_dag.fetch_data scheduled__2025-02-04T00:00:00+00:00 [queued]>
[2025-02-27T12:23:06.661+0000] {taskinstance.py:1359} INFO - Starting attempt 1 of 1
[2025-02-27T12:23:07.224+0000] {taskinstance.py:1380} INFO - Executing <Task(PythonOperator): fetch_data> on 2025-02-04 00:00:00+00:00
[2025-02-27T12:23:07.267+0000] {standard_task_runner.py:57} INFO - Started process 425 to run task
[2025-02-27T12:23:07.304+0000] {standard_task_runner.py:84} INFO - Running: ['***', 'tasks', 'run', 'yfinance_ingestion_dag', 'fetch_data', 'scheduled__2025-02-04T00:00:00+00:00', '--job-id', '74', '--raw', '--subdir', 'DAGS_FOLDER/pipeline.py', '--cfg-path', '/tmp/tmp7heq46nb']
[2025-02-27T12:23:07.320+0000] {standard_task_runner.py:85} INFO - Job 74: Subtask fetch_data
[2025-02-27T12:23:07.555+0000] {task_command.py:415} INFO - Running <TaskInstance: yfinance_ingestion_dag.fetch_data scheduled__2025-02-04T00:00:00+00:00 [running]> on host 37788710213d
[2025-02-27T12:23:07.911+0000] {taskinstance.py:1660} INFO - Exporting env vars: AIRFLOW_CTX_DAG_OWNER='etudiant' AIRFLOW_CTX_DAG_ID='yfinance_ingestion_dag' AIRFLOW_CTX_TASK_ID='fetch_data' AIRFLOW_CTX_EXECUTION_DATE='2025-02-04T00:00:00+00:00' AIRFLOW_CTX_TRY_NUMBER='1' AIRFLOW_CTX_DAG_RUN_ID='scheduled__2025-02-04T00:00:00+00:00'
[2025-02-27T12:23:09.074+0000] {logging_mixin.py:151} INFO - [
    {
        "datetime": "2025-01-28T12:00:00.000Z",
        "open_price": 2766.300048828125,
        "high_price": 2768.89990234375,
        "low_price": 2764.800048828125,
        "close_price": 2767.10009765625,
        "volume": 0,
        "asset": "GOLD"
    },
    {
        "datetime": "2025-01-28T13:00:00.000Z",
        "open_price": 2767.10009765625,
        "high_price": 2772.800048828125,
        "low_price": 2766.800048828125,
        "close_price": 2772.199951171875,
        "volume": 12432,
        "asset": "GOLD"
    },
    {
        "datetime": "2025-01-28T14:00:00.000Z",
        "open_price": 2772.10009765625,
        "high_price": 2774.0,
        "low_price": 2771.300048828125,
        "close_price": 2773.199951171875,
        "volume": 5824,
        "asset": "GOLD"
    },
    {
        "datetime": "2025-01-28T15:00:00.000Z",
        "open_price": 2773.199951171875,
        "high_price": 2773.60009765625,
        "low_price": 2770.10009765625,
        "close_price": 2771.89990234375,
        "volume": 4794,
        "asset": "GOLD"
    },
    {
        "datetime": "2025-01-28T16:00:00.000Z",
        "open_price": 2771.800048828125,
        "high_price": 2772.0,
        "low_price": 2770.5,
        "close_price": 2771.5,
        "volume": 2576,
        "asset": "GOLD"
    }
]
[2025-02-27T12:23:09.180+0000] {python.py:194} INFO - Done. Returned value was: None
[2025-02-27T12:23:09.211+0000] {taskinstance.py:1398} INFO - Marking task as SUCCESS. dag_id=yfinance_ingestion_dag, task_id=fetch_data, execution_date=20250204T000000, start_date=20250227T122306, end_date=20250227T122309
[2025-02-27T12:23:09.860+0000] {local_task_job_runner.py:228} INFO - Task exited with return code 0
[2025-02-27T12:23:09.945+0000] {taskinstance.py:2776} INFO - 1 downstream tasks scheduled from follow-on schedule check
[2025-03-14T11:27:33.746+0000] {taskinstance.py:1157} INFO - Dependencies all met for dep_context=non-requeueable deps ti=<TaskInstance: yfinance_ingestion_dag.fetch_data scheduled__2025-02-04T00:00:00+00:00 [queued]>
[2025-03-14T11:27:33.820+0000] {taskinstance.py:1157} INFO - Dependencies all met for dep_context=requeueable deps ti=<TaskInstance: yfinance_ingestion_dag.fetch_data scheduled__2025-02-04T00:00:00+00:00 [queued]>
[2025-03-14T11:27:33.824+0000] {taskinstance.py:1359} INFO - Starting attempt 1 of 1
[2025-03-14T11:27:33.949+0000] {taskinstance.py:1380} INFO - Executing <Task(PythonOperator): fetch_data> on 2025-02-04 00:00:00+00:00
[2025-03-14T11:27:34.049+0000] {standard_task_runner.py:57} INFO - Started process 309 to run task
[2025-03-14T11:27:34.052+0000] {standard_task_runner.py:84} INFO - Running: ['***', 'tasks', 'run', 'yfinance_ingestion_dag', 'fetch_data', 'scheduled__2025-02-04T00:00:00+00:00', '--job-id', '173', '--raw', '--subdir', 'DAGS_FOLDER/pipeline.py', '--cfg-path', '/tmp/tmpoq7nq4zc']
[2025-03-14T11:27:34.086+0000] {standard_task_runner.py:85} INFO - Job 173: Subtask fetch_data
[2025-03-14T11:27:34.596+0000] {task_command.py:415} INFO - Running <TaskInstance: yfinance_ingestion_dag.fetch_data scheduled__2025-02-04T00:00:00+00:00 [running]> on host b54835a3049d
[2025-03-14T11:27:35.242+0000] {taskinstance.py:1660} INFO - Exporting env vars: AIRFLOW_CTX_DAG_OWNER='etudiant' AIRFLOW_CTX_DAG_ID='yfinance_ingestion_dag' AIRFLOW_CTX_TASK_ID='fetch_data' AIRFLOW_CTX_EXECUTION_DATE='2025-02-04T00:00:00+00:00' AIRFLOW_CTX_TRY_NUMBER='1' AIRFLOW_CTX_DAG_RUN_ID='scheduled__2025-02-04T00:00:00+00:00'
[2025-03-14T11:27:36.485+0000] {logging_mixin.py:151} INFO - [
    {
        "datetime": "2025-03-14T00:00:00.000Z",
        "open_price": 3001.39990234375,
        "high_price": 3017.10009765625,
        "low_price": 2994.300048828125,
        "close_price": 3008.699951171875,
        "volume": 72791.0,
        "asset": "GOLD"
    }
]
[2025-03-14T11:27:36.547+0000] {python.py:194} INFO - Done. Returned value was: None
[2025-03-14T11:27:36.582+0000] {taskinstance.py:1398} INFO - Marking task as SUCCESS. dag_id=yfinance_ingestion_dag, task_id=fetch_data, execution_date=20250204T000000, start_date=20250314T112733, end_date=20250314T112736
[2025-03-14T11:27:36.661+0000] {local_task_job_runner.py:228} INFO - Task exited with return code 0
[2025-03-14T11:27:36.761+0000] {taskinstance.py:2776} INFO - 1 downstream tasks scheduled from follow-on schedule check
