[2025-02-27T12:22:23.193+0000] {taskinstance.py:1157} INFO - Dependencies all met for dep_context=non-requeueable deps ti=<TaskInstance: yfinance_ingestion_dag.fetch_data scheduled__2025-01-10T00:00:00+00:00 [queued]>
[2025-02-27T12:22:23.220+0000] {taskinstance.py:1157} INFO - Dependencies all met for dep_context=requeueable deps ti=<TaskInstance: yfinance_ingestion_dag.fetch_data scheduled__2025-01-10T00:00:00+00:00 [queued]>
[2025-02-27T12:22:23.225+0000] {taskinstance.py:1359} INFO - Starting attempt 1 of 1
[2025-02-27T12:22:23.626+0000] {taskinstance.py:1380} INFO - Executing <Task(PythonOperator): fetch_data> on 2025-01-10 00:00:00+00:00
[2025-02-27T12:22:23.677+0000] {standard_task_runner.py:57} INFO - Started process 254 to run task
[2025-02-27T12:22:23.699+0000] {standard_task_runner.py:84} INFO - Running: ['***', 'tasks', 'run', 'yfinance_ingestion_dag', 'fetch_data', 'scheduled__2025-01-10T00:00:00+00:00', '--job-id', '18', '--raw', '--subdir', 'DAGS_FOLDER/pipeline.py', '--cfg-path', '/tmp/tmpftw0vr3q']
[2025-02-27T12:22:23.712+0000] {standard_task_runner.py:85} INFO - Job 18: Subtask fetch_data
[2025-02-27T12:22:23.901+0000] {task_command.py:415} INFO - Running <TaskInstance: yfinance_ingestion_dag.fetch_data scheduled__2025-01-10T00:00:00+00:00 [running]> on host 37788710213d
[2025-02-27T12:22:24.227+0000] {taskinstance.py:1660} INFO - Exporting env vars: AIRFLOW_CTX_DAG_OWNER='etudiant' AIRFLOW_CTX_DAG_ID='yfinance_ingestion_dag' AIRFLOW_CTX_TASK_ID='fetch_data' AIRFLOW_CTX_EXECUTION_DATE='2025-01-10T00:00:00+00:00' AIRFLOW_CTX_TRY_NUMBER='1' AIRFLOW_CTX_DAG_RUN_ID='scheduled__2025-01-10T00:00:00+00:00'
[2025-02-27T12:22:25.500+0000] {logging_mixin.py:151} INFO - [
    {
        "datetime": "2025-01-28T12:00:00.000Z",
        "open_price": 2766.300048828125,
        "high_price": 2768.89990234375,
        "low_price": 2764.800048828125,
        "close_price": 2767.10009765625,
        "volume": 0,
        "asset": "GOLD"
    },
    {
        "datetime": "2025-01-28T13:00:00.000Z",
        "open_price": 2767.10009765625,
        "high_price": 2772.800048828125,
        "low_price": 2766.800048828125,
        "close_price": 2772.199951171875,
        "volume": 12432,
        "asset": "GOLD"
    },
    {
        "datetime": "2025-01-28T14:00:00.000Z",
        "open_price": 2772.10009765625,
        "high_price": 2774.0,
        "low_price": 2771.300048828125,
        "close_price": 2773.199951171875,
        "volume": 5824,
        "asset": "GOLD"
    },
    {
        "datetime": "2025-01-28T15:00:00.000Z",
        "open_price": 2773.199951171875,
        "high_price": 2773.60009765625,
        "low_price": 2770.10009765625,
        "close_price": 2771.89990234375,
        "volume": 4794,
        "asset": "GOLD"
    },
    {
        "datetime": "2025-01-28T16:00:00.000Z",
        "open_price": 2771.800048828125,
        "high_price": 2772.0,
        "low_price": 2770.5,
        "close_price": 2771.5,
        "volume": 2576,
        "asset": "GOLD"
    }
]
[2025-02-27T12:22:25.619+0000] {python.py:194} INFO - Done. Returned value was: None
[2025-02-27T12:22:25.644+0000] {taskinstance.py:1398} INFO - Marking task as SUCCESS. dag_id=yfinance_ingestion_dag, task_id=fetch_data, execution_date=20250110T000000, start_date=20250227T122223, end_date=20250227T122225
[2025-02-27T12:22:26.014+0000] {local_task_job_runner.py:228} INFO - Task exited with return code 0
[2025-02-27T12:22:26.152+0000] {taskinstance.py:2776} INFO - 1 downstream tasks scheduled from follow-on schedule check
[2025-03-14T11:19:42.061+0000] {taskinstance.py:1157} INFO - Dependencies all met for dep_context=non-requeueable deps ti=<TaskInstance: yfinance_ingestion_dag.fetch_data scheduled__2025-01-10T00:00:00+00:00 [queued]>
[2025-03-14T11:19:42.136+0000] {taskinstance.py:1157} INFO - Dependencies all met for dep_context=requeueable deps ti=<TaskInstance: yfinance_ingestion_dag.fetch_data scheduled__2025-01-10T00:00:00+00:00 [queued]>
[2025-03-14T11:19:42.152+0000] {taskinstance.py:1359} INFO - Starting attempt 1 of 1
[2025-03-14T11:19:42.318+0000] {taskinstance.py:1380} INFO - Executing <Task(PythonOperator): fetch_data> on 2025-01-10 00:00:00+00:00
[2025-03-14T11:19:42.367+0000] {standard_task_runner.py:57} INFO - Started process 341 to run task
[2025-03-14T11:19:42.383+0000] {standard_task_runner.py:84} INFO - Running: ['***', 'tasks', 'run', 'yfinance_ingestion_dag', 'fetch_data', 'scheduled__2025-01-10T00:00:00+00:00', '--job-id', '100', '--raw', '--subdir', 'DAGS_FOLDER/pipeline.py', '--cfg-path', '/tmp/tmph00sr2zb']
[2025-03-14T11:19:42.414+0000] {standard_task_runner.py:85} INFO - Job 100: Subtask fetch_data
[2025-03-14T11:19:42.807+0000] {task_command.py:415} INFO - Running <TaskInstance: yfinance_ingestion_dag.fetch_data scheduled__2025-01-10T00:00:00+00:00 [running]> on host 84d5e306d956
[2025-03-14T11:19:43.560+0000] {taskinstance.py:1660} INFO - Exporting env vars: AIRFLOW_CTX_DAG_OWNER='etudiant' AIRFLOW_CTX_DAG_ID='yfinance_ingestion_dag' AIRFLOW_CTX_TASK_ID='fetch_data' AIRFLOW_CTX_EXECUTION_DATE='2025-01-10T00:00:00+00:00' AIRFLOW_CTX_TRY_NUMBER='1' AIRFLOW_CTX_DAG_RUN_ID='scheduled__2025-01-10T00:00:00+00:00'
[2025-03-14T11:19:44.425+0000] {logging_mixin.py:151} INFO - [
    {
        "datetime": "2025-03-14T00:00:00.000Z",
        "open_price": 3001.39990234375,
        "high_price": 3017.10009765625,
        "low_price": 2994.300048828125,
        "close_price": 3008.199951171875,
        "volume": 72052.0,
        "asset": "GOLD"
    }
]
[2025-03-14T11:19:44.478+0000] {python.py:194} INFO - Done. Returned value was: None
[2025-03-14T11:19:44.515+0000] {taskinstance.py:1398} INFO - Marking task as SUCCESS. dag_id=yfinance_ingestion_dag, task_id=fetch_data, execution_date=20250110T000000, start_date=20250314T111942, end_date=20250314T111944
[2025-03-14T11:19:44.619+0000] {local_task_job_runner.py:228} INFO - Task exited with return code 0
[2025-03-14T11:19:44.693+0000] {taskinstance.py:2776} INFO - 1 downstream tasks scheduled from follow-on schedule check
