[2025-03-14T15:34:49.997+0000] {taskinstance.py:1157} INFO - Dependencies all met for dep_context=non-requeueable deps ti=<TaskInstance: yfinance_lstm_training_dag.prepare_data_for_lstm scheduled__2025-01-10T00:00:00+00:00 [queued]>
[2025-03-14T15:34:50.324+0000] {taskinstance.py:1157} INFO - Dependencies all met for dep_context=requeueable deps ti=<TaskInstance: yfinance_lstm_training_dag.prepare_data_for_lstm scheduled__2025-01-10T00:00:00+00:00 [queued]>
[2025-03-14T15:34:50.327+0000] {taskinstance.py:1359} INFO - Starting attempt 1 of 1
[2025-03-14T15:34:51.294+0000] {taskinstance.py:1380} INFO - Executing <Task(PythonOperator): prepare_data_for_lstm> on 2025-01-10 00:00:00+00:00
[2025-03-14T15:34:51.969+0000] {standard_task_runner.py:57} INFO - Started process 4075 to run task
[2025-03-14T15:34:52.076+0000] {standard_task_runner.py:84} INFO - Running: ['***', 'tasks', 'run', 'yfinance_lstm_training_dag', 'prepare_data_for_lstm', 'scheduled__2025-01-10T00:00:00+00:00', '--job-id', '372', '--raw', '--subdir', 'DAGS_FOLDER/re_entrainment_model.py', '--cfg-path', '/tmp/tmp7sabk6jj']
[2025-03-14T15:34:52.101+0000] {standard_task_runner.py:85} INFO - Job 372: Subtask prepare_data_for_lstm
[2025-03-14T15:34:53.152+0000] {task_command.py:415} INFO - Running <TaskInstance: yfinance_lstm_training_dag.prepare_data_for_lstm scheduled__2025-01-10T00:00:00+00:00 [running]> on host cc0110907453
[2025-03-14T15:34:54.257+0000] {taskinstance.py:1660} INFO - Exporting env vars: AIRFLOW_CTX_DAG_OWNER='etudiant' AIRFLOW_CTX_DAG_ID='yfinance_lstm_training_dag' AIRFLOW_CTX_TASK_ID='prepare_data_for_lstm' AIRFLOW_CTX_EXECUTION_DATE='2025-01-10T00:00:00+00:00' AIRFLOW_CTX_TRY_NUMBER='1' AIRFLOW_CTX_DAG_RUN_ID='scheduled__2025-01-10T00:00:00+00:00'
[2025-03-14T15:35:02.369+0000] {taskinstance.py:1935} ERROR - Task failed with exception
Traceback (most recent call last):
  File "/home/airflow/.local/lib/python3.8/site-packages/airflow/operators/python.py", line 192, in execute
    return_value = self.execute_callable()
  File "/home/airflow/.local/lib/python3.8/site-packages/airflow/operators/python.py", line 209, in execute_callable
    return self.python_callable(*self.op_args, **self.op_kwargs)
  File "/opt/airflow/dags/re_entrainment_model.py", line 24, in prepare_data_for_lstm
    cluster = Cluster(['cassandra'], port=9042)
  File "cassandra/cluster.py", line 1231, in cassandra.cluster.Cluster.__init__
cassandra.UnresolvableContactPoints: {}
[2025-03-14T15:35:02.429+0000] {taskinstance.py:1398} INFO - Marking task as FAILED. dag_id=yfinance_lstm_training_dag, task_id=prepare_data_for_lstm, execution_date=20250110T000000, start_date=20250314T153450, end_date=20250314T153502
[2025-03-14T15:35:02.464+0000] {standard_task_runner.py:104} ERROR - Failed to execute job 372 for task prepare_data_for_lstm ({}; 4075)
[2025-03-14T15:35:02.537+0000] {local_task_job_runner.py:228} INFO - Task exited with return code 1
[2025-03-14T15:35:02.644+0000] {taskinstance.py:2776} INFO - 0 downstream tasks scheduled from follow-on schedule check
