[2025-03-14T11:19:33.546+0000] {taskinstance.py:1157} INFO - Dependencies all met for dep_context=non-requeueable deps ti=<TaskInstance: yfinance_ingestion_dag.fetch_data manual__2025-03-14T11:19:15.250687+00:00 [queued]>
[2025-03-14T11:19:33.595+0000] {taskinstance.py:1157} INFO - Dependencies all met for dep_context=requeueable deps ti=<TaskInstance: yfinance_ingestion_dag.fetch_data manual__2025-03-14T11:19:15.250687+00:00 [queued]>
[2025-03-14T11:19:33.603+0000] {taskinstance.py:1359} INFO - Starting attempt 1 of 1
[2025-03-14T11:19:34.057+0000] {taskinstance.py:1380} INFO - Executing <Task(PythonOperator): fetch_data> on 2025-03-14 11:19:15.250687+00:00
[2025-03-14T11:19:34.192+0000] {standard_task_runner.py:57} INFO - Started process 314 to run task
[2025-03-14T11:19:34.235+0000] {standard_task_runner.py:84} INFO - Running: ['***', 'tasks', 'run', 'yfinance_ingestion_dag', 'fetch_data', 'manual__2025-03-14T11:19:15.250687+00:00', '--job-id', '94', '--raw', '--subdir', 'DAGS_FOLDER/pipeline.py', '--cfg-path', '/tmp/tmpond3qqg_']
[2025-03-14T11:19:34.330+0000] {standard_task_runner.py:85} INFO - Job 94: Subtask fetch_data
[2025-03-14T11:19:35.535+0000] {task_command.py:415} INFO - Running <TaskInstance: yfinance_ingestion_dag.fetch_data manual__2025-03-14T11:19:15.250687+00:00 [running]> on host 84d5e306d956
[2025-03-14T11:19:36.281+0000] {taskinstance.py:1660} INFO - Exporting env vars: AIRFLOW_CTX_DAG_OWNER='etudiant' AIRFLOW_CTX_DAG_ID='yfinance_ingestion_dag' AIRFLOW_CTX_TASK_ID='fetch_data' AIRFLOW_CTX_EXECUTION_DATE='2025-03-14T11:19:15.250687+00:00' AIRFLOW_CTX_TRY_NUMBER='1' AIRFLOW_CTX_DAG_RUN_ID='manual__2025-03-14T11:19:15.250687+00:00'
[2025-03-14T11:19:38.602+0000] {logging_mixin.py:151} INFO - [
    {
        "datetime": "2025-03-14T00:00:00.000Z",
        "open_price": 3001.39990234375,
        "high_price": 3017.10009765625,
        "low_price": 2994.300048828125,
        "close_price": 3008.300048828125,
        "volume": 71983.0,
        "asset": "GOLD"
    }
]
[2025-03-14T11:19:38.994+0000] {python.py:194} INFO - Done. Returned value was: None
[2025-03-14T11:19:39.189+0000] {taskinstance.py:1398} INFO - Marking task as SUCCESS. dag_id=yfinance_ingestion_dag, task_id=fetch_data, execution_date=20250314T111915, start_date=20250314T111933, end_date=20250314T111939
[2025-03-14T11:19:40.002+0000] {local_task_job_runner.py:228} INFO - Task exited with return code 0
[2025-03-14T11:19:40.209+0000] {taskinstance.py:2776} INFO - 1 downstream tasks scheduled from follow-on schedule check
