[2025-03-14T11:25:59.751+0000] {taskinstance.py:1157} INFO - Dependencies all met for dep_context=non-requeueable deps ti=<TaskInstance: yfinance_ingestion_dag.update_historic_file_in_hdfs scheduled__2025-01-22T00:00:00+00:00 [queued]>
[2025-03-14T11:25:59.998+0000] {taskinstance.py:1157} INFO - Dependencies all met for dep_context=requeueable deps ti=<TaskInstance: yfinance_ingestion_dag.update_historic_file_in_hdfs scheduled__2025-01-22T00:00:00+00:00 [queued]>
[2025-03-14T11:26:00.024+0000] {taskinstance.py:1359} INFO - Starting attempt 1 of 1
[2025-03-14T11:26:01.548+0000] {taskinstance.py:1380} INFO - Executing <Task(PythonOperator): update_historic_file_in_hdfs> on 2025-01-22 00:00:00+00:00
[2025-03-14T11:26:01.776+0000] {standard_task_runner.py:57} INFO - Started process 1202 to run task
[2025-03-14T11:26:01.948+0000] {standard_task_runner.py:84} INFO - Running: ['***', 'tasks', 'run', 'yfinance_ingestion_dag', 'update_historic_file_in_hdfs', 'scheduled__2025-01-22T00:00:00+00:00', '--job-id', '158', '--raw', '--subdir', 'DAGS_FOLDER/pipeline.py', '--cfg-path', '/tmp/tmp_gea64c2']
[2025-03-14T11:26:02.162+0000] {standard_task_runner.py:85} INFO - Job 158: Subtask update_historic_file_in_hdfs
[2025-03-14T11:26:02.842+0000] {task_command.py:415} INFO - Running <TaskInstance: yfinance_ingestion_dag.update_historic_file_in_hdfs scheduled__2025-01-22T00:00:00+00:00 [running]> on host 84d5e306d956
[2025-03-14T11:26:04.261+0000] {local_task_job_runner.py:115} ERROR - Received SIGTERM. Terminating subprocesses
[2025-03-14T11:26:04.329+0000] {process_utils.py:131} INFO - Sending 15 to group 1202. PIDs of all processes in the group: [1202]
[2025-03-14T11:26:04.426+0000] {process_utils.py:86} INFO - Sending the signal 15 to group 1202
[2025-03-14T11:26:04.581+0000] {taskinstance.py:1630} ERROR - Received SIGTERM. Terminating subprocesses.
[2025-03-14T11:26:04.757+0000] {taskinstance.py:1935} ERROR - Task failed with exception
Traceback (most recent call last):
  File "/home/airflow/.local/lib/python3.8/site-packages/airflow/models/taskinstance.py", line 1516, in _run_raw_task
    self._execute_task_with_callbacks(context, test_mode, session=session)
  File "/home/airflow/.local/lib/python3.8/site-packages/airflow/models/taskinstance.py", line 1649, in _execute_task_with_callbacks
    RenderedTaskInstanceFields.write(rtif)
  File "/home/airflow/.local/lib/python3.8/site-packages/airflow/utils/session.py", line 77, in wrapper
    return func(*args, session=session, **kwargs)
  File "/home/airflow/.local/lib/python3.8/site-packages/airflow/utils/retries.py", line 91, in wrapped_function
    for attempt in run_with_db_retries(max_retries=retries, logger=logger, **retry_kwargs):
  File "/home/airflow/.local/lib/python3.8/site-packages/tenacity/__init__.py", line 347, in __iter__
    do = self.iter(retry_state=retry_state)
  File "/home/airflow/.local/lib/python3.8/site-packages/tenacity/__init__.py", line 314, in iter
    return fut.result()
  File "/usr/local/lib/python3.8/concurrent/futures/_base.py", line 437, in result
    return self.__get_result()
  File "/usr/local/lib/python3.8/concurrent/futures/_base.py", line 389, in __get_result
    raise self._exception
  File "/home/airflow/.local/lib/python3.8/site-packages/airflow/utils/retries.py", line 100, in wrapped_function
    return func(*args, **kwargs)
  File "/home/airflow/.local/lib/python3.8/site-packages/airflow/models/renderedtifields.py", line 182, in write
    session.merge(self)
  File "/home/airflow/.local/lib/python3.8/site-packages/sqlalchemy/orm/session.py", line 3056, in merge
    return self._merge(
  File "/home/airflow/.local/lib/python3.8/site-packages/sqlalchemy/orm/session.py", line 3136, in _merge
    merged = self.get(
  File "/home/airflow/.local/lib/python3.8/site-packages/sqlalchemy/orm/session.py", line 2853, in get
    return self._get_impl(
  File "/home/airflow/.local/lib/python3.8/site-packages/sqlalchemy/orm/session.py", line 2975, in _get_impl
    return db_load_fn(
  File "/home/airflow/.local/lib/python3.8/site-packages/sqlalchemy/orm/loading.py", line 530, in load_on_pk_identity
    session.execute(
  File "/home/airflow/.local/lib/python3.8/site-packages/sqlalchemy/orm/session.py", line 1717, in execute
    result = conn._execute_20(statement, params or {}, execution_options)
  File "/home/airflow/.local/lib/python3.8/site-packages/sqlalchemy/engine/base.py", line 1710, in _execute_20
    return meth(self, args_10style, kwargs_10style, execution_options)
  File "/home/airflow/.local/lib/python3.8/site-packages/sqlalchemy/sql/elements.py", line 334, in _execute_on_connection
    return connection._execute_clauseelement(
  File "/home/airflow/.local/lib/python3.8/site-packages/sqlalchemy/engine/base.py", line 1569, in _execute_clauseelement
    compiled_sql, extracted_params, cache_hit = elem._compile_w_cache(
  File "/home/airflow/.local/lib/python3.8/site-packages/sqlalchemy/sql/elements.py", line 532, in _compile_w_cache
    compiled_sql = self._compiler(
  File "/home/airflow/.local/lib/python3.8/site-packages/sqlalchemy/sql/elements.py", line 567, in _compiler
    return dialect.statement_compiler(dialect, self, **kw)
  File "/home/airflow/.local/lib/python3.8/site-packages/sqlalchemy/sql/compiler.py", line 809, in __init__
    Compiled.__init__(self, dialect, statement, **kwargs)
  File "/home/airflow/.local/lib/python3.8/site-packages/sqlalchemy/sql/compiler.py", line 464, in __init__
    self.string = self.process(self.statement, **compile_kwargs)
  File "/home/airflow/.local/lib/python3.8/site-packages/sqlalchemy/sql/compiler.py", line 499, in process
    return obj._compiler_dispatch(self, **kwargs)
  File "/home/airflow/.local/lib/python3.8/site-packages/sqlalchemy/sql/visitors.py", line 82, in _compiler_dispatch
    return meth(self, **kw)
  File "/home/airflow/.local/lib/python3.8/site-packages/sqlalchemy/sql/compiler.py", line 3405, in visit_select
    compile_state = select_stmt._compile_state_factory(
  File "/home/airflow/.local/lib/python3.8/site-packages/sqlalchemy/sql/base.py", line 510, in create_for_statement
    return klass.create_for_statement(statement, compiler, **kw)
  File "/home/airflow/.local/lib/python3.8/site-packages/sqlalchemy/orm/context.py", line 765, in create_for_statement
    self._setup_for_generate()
  File "/home/airflow/.local/lib/python3.8/site-packages/sqlalchemy/orm/context.py", line 875, in _setup_for_generate
    entity.setup_compile_state(self)
  File "/home/airflow/.local/lib/python3.8/site-packages/sqlalchemy/orm/context.py", line 2661, in setup_compile_state
    loading._setup_entity_query(
  File "/home/airflow/.local/lib/python3.8/site-packages/sqlalchemy/orm/loading.py", line 612, in _setup_entity_query
    value.setup(
  File "/home/airflow/.local/lib/python3.8/site-packages/sqlalchemy/orm/interfaces.py", line 646, in setup
    strat.setup_query(
  File "/home/airflow/.local/lib/python3.8/site-packages/sqlalchemy/orm/strategies.py", line 2030, in setup_query
    loading._setup_entity_query(
  File "/home/airflow/.local/lib/python3.8/site-packages/sqlalchemy/orm/loading.py", line 612, in _setup_entity_query
    value.setup(
  File "/home/airflow/.local/lib/python3.8/site-packages/sqlalchemy/orm/interfaces.py", line 646, in setup
    strat.setup_query(
  File "/home/airflow/.local/lib/python3.8/site-packages/sqlalchemy/orm/strategies.py", line 208, in setup_query
    c = adapter.columns[c]
  File "/home/airflow/.local/lib/python3.8/site-packages/sqlalchemy/sql/util.py", line 991, in __getitem__
    return self.columns[key]
  File "/home/airflow/.local/lib/python3.8/site-packages/sqlalchemy/util/_collections.py", line 762, in __missing__
    self[key] = val = self.creator(self.weakself(), key)
  File "/home/airflow/.local/lib/python3.8/site-packages/sqlalchemy/sql/util.py", line 1030, in _locate_col
    c = vis.replace(col, _include_singleton_constants=True)
  File "/home/airflow/.local/lib/python3.8/site-packages/sqlalchemy/sql/util.py", line 914, in replace
    return self._corresponding_column(col, True)
  File "/home/airflow/.local/lib/python3.8/site-packages/sqlalchemy/sql/util.py", line 839, in _corresponding_column
    newcol = self.selectable.corresponding_column(
  File "/home/airflow/.local/lib/python3.8/site-packages/sqlalchemy/sql/selectable.py", line 226, in corresponding_column
    return self.exported_columns.corresponding_column(
  File "/home/airflow/.local/lib/python3.8/site-packages/sqlalchemy/sql/base.py", line 1397, in corresponding_column
    cols = [c for (k, c) in self._collection]
  File "/home/airflow/.local/lib/python3.8/site-packages/sqlalchemy/sql/base.py", line 1397, in <listcomp>
    cols = [c for (k, c) in self._collection]
  File "/home/airflow/.local/lib/python3.8/site-packages/airflow/models/taskinstance.py", line 1632, in signal_handler
    raise AirflowException("Task received SIGTERM signal")
airflow.exceptions.AirflowException: Task received SIGTERM signal
[2025-03-14T11:26:05.811+0000] {taskinstance.py:1398} INFO - Marking task as FAILED. dag_id=yfinance_ingestion_dag, task_id=update_historic_file_in_hdfs, execution_date=20250122T000000, start_date=20250314T112559, end_date=20250314T112605
[2025-03-14T11:26:05.979+0000] {standard_task_runner.py:104} ERROR - Failed to execute job 158 for task update_historic_file_in_hdfs (Task received SIGTERM signal; 1202)
[2025-03-14T11:26:06.198+0000] {process_utils.py:79} INFO - Process psutil.Process(pid=1202, status='terminated', exitcode=1, started='11:26:00') (1202) terminated with exit code 1
[2025-03-14T11:26:06.216+0000] {local_task_job_runner.py:228} INFO - Task exited with return code 143
[2025-03-14T11:26:12.232+0000] {taskinstance.py:2776} INFO - 0 downstream tasks scheduled from follow-on schedule check
