[2025-03-14T11:25:48.068+0000] {taskinstance.py:1157} INFO - Dependencies all met for dep_context=non-requeueable deps ti=<TaskInstance: yfinance_ingestion_dag.update_historic_file_in_hdfs scheduled__2025-01-16T00:00:00+00:00 [queued]>
[2025-03-14T11:25:48.223+0000] {taskinstance.py:1157} INFO - Dependencies all met for dep_context=requeueable deps ti=<TaskInstance: yfinance_ingestion_dag.update_historic_file_in_hdfs scheduled__2025-01-16T00:00:00+00:00 [queued]>
[2025-03-14T11:25:48.255+0000] {taskinstance.py:1359} INFO - Starting attempt 1 of 1
[2025-03-14T11:25:48.758+0000] {taskinstance.py:1380} INFO - Executing <Task(PythonOperator): update_historic_file_in_hdfs> on 2025-01-16 00:00:00+00:00
[2025-03-14T11:25:48.803+0000] {standard_task_runner.py:57} INFO - Started process 1133 to run task
[2025-03-14T11:25:48.883+0000] {standard_task_runner.py:84} INFO - Running: ['***', 'tasks', 'run', 'yfinance_ingestion_dag', 'update_historic_file_in_hdfs', 'scheduled__2025-01-16T00:00:00+00:00', '--job-id', '150', '--raw', '--subdir', 'DAGS_FOLDER/pipeline.py', '--cfg-path', '/tmp/tmpfz8io7zu']
[2025-03-14T11:25:48.917+0000] {standard_task_runner.py:85} INFO - Job 150: Subtask update_historic_file_in_hdfs
[2025-03-14T11:25:49.535+0000] {task_command.py:415} INFO - Running <TaskInstance: yfinance_ingestion_dag.update_historic_file_in_hdfs scheduled__2025-01-16T00:00:00+00:00 [running]> on host 84d5e306d956
[2025-03-14T11:25:50.277+0000] {taskinstance.py:1660} INFO - Exporting env vars: AIRFLOW_CTX_DAG_OWNER='etudiant' AIRFLOW_CTX_DAG_ID='yfinance_ingestion_dag' AIRFLOW_CTX_TASK_ID='update_historic_file_in_hdfs' AIRFLOW_CTX_EXECUTION_DATE='2025-01-16T00:00:00+00:00' AIRFLOW_CTX_TRY_NUMBER='1' AIRFLOW_CTX_DAG_RUN_ID='scheduled__2025-01-16T00:00:00+00:00'
[2025-03-14T11:25:50.389+0000] {client.py:192} INFO - Instantiated <InsecureClient(url='http://namenode:9870')>.
[2025-03-14T11:25:50.435+0000] {client.py:724} INFO - Reading file '/user/etudiant/crypto/raw/historique_gold/yfinance_raw_historique.json'.
[2025-03-14T11:26:04.328+0000] {local_task_job_runner.py:115} ERROR - Received SIGTERM. Terminating subprocesses
[2025-03-14T11:26:04.508+0000] {process_utils.py:131} INFO - Sending 15 to group 1133. PIDs of all processes in the group: [1149, 1133]
[2025-03-14T11:26:04.583+0000] {process_utils.py:86} INFO - Sending the signal 15 to group 1133
[2025-03-14T11:26:04.641+0000] {taskinstance.py:1630} ERROR - Received SIGTERM. Terminating subprocesses.
[2025-03-14T11:26:05.008+0000] {taskinstance.py:1935} ERROR - Task failed with exception
Traceback (most recent call last):
  File "/home/airflow/.local/lib/python3.8/site-packages/airflow/operators/python.py", line 192, in execute
    return_value = self.execute_callable()
  File "/home/airflow/.local/lib/python3.8/site-packages/airflow/operators/python.py", line 209, in execute_callable
    return self.python_callable(*self.op_args, **self.op_kwargs)
  File "/opt/airflow/dags/pipeline.py", line 95, in update_historic_file_in_hdfs
    subprocess.run(["docker", "exec", "-i", "-u", "root", "namenode", "hdfs", "dfs", "-mkdir", "-p", hdfs_historic_dir])
  File "/usr/local/lib/python3.8/subprocess.py", line 495, in run
    stdout, stderr = process.communicate(input, timeout=timeout)
  File "/usr/local/lib/python3.8/subprocess.py", line 1020, in communicate
    self.wait()
  File "/usr/local/lib/python3.8/subprocess.py", line 1083, in wait
    return self._wait(timeout=timeout)
  File "/usr/local/lib/python3.8/subprocess.py", line 1822, in _wait
    (pid, sts) = self._try_wait(0)
  File "/usr/local/lib/python3.8/subprocess.py", line 1780, in _try_wait
    (pid, sts) = os.waitpid(self.pid, wait_flags)
  File "/home/airflow/.local/lib/python3.8/site-packages/airflow/models/taskinstance.py", line 1632, in signal_handler
    raise AirflowException("Task received SIGTERM signal")
airflow.exceptions.AirflowException: Task received SIGTERM signal
[2025-03-14T11:26:05.156+0000] {taskinstance.py:1398} INFO - Marking task as FAILED. dag_id=yfinance_ingestion_dag, task_id=update_historic_file_in_hdfs, execution_date=20250116T000000, start_date=20250314T112548, end_date=20250314T112605
[2025-03-14T11:26:05.258+0000] {process_utils.py:79} INFO - Process psutil.Process(pid=1149, status='terminated', started='11:25:53') (1149) terminated with exit code None
[2025-03-14T11:26:12.242+0000] {standard_task_runner.py:104} ERROR - Failed to execute job 150 for task update_historic_file_in_hdfs (Task received SIGTERM signal; 1133)
[2025-03-14T11:26:12.374+0000] {process_utils.py:79} INFO - Process psutil.Process(pid=1133, status='terminated', exitcode=1, started='11:25:47') (1133) terminated with exit code 1
[2025-03-14T11:26:12.378+0000] {local_task_job_runner.py:228} INFO - Task exited with return code 143
[2025-03-14T11:26:12.709+0000] {taskinstance.py:2776} INFO - 0 downstream tasks scheduled from follow-on schedule check
