[2025-02-27T12:15:02.624+0000] {processor.py:157} INFO - Started process (PID=171) to work on /opt/airflow/dags/pipeline.py
[2025-02-27T12:15:02.626+0000] {processor.py:829} INFO - Processing file /opt/airflow/dags/pipeline.py for tasks to queue
[2025-02-27T12:15:02.631+0000] {logging_mixin.py:151} INFO - [2025-02-27T12:15:02.629+0000] {dagbag.py:539} INFO - Filling up the DagBag from /opt/airflow/dags/pipeline.py
[2025-02-27T12:15:02.667+0000] {logging_mixin.py:151} INFO - [2025-02-27T12:15:02.664+0000] {dagbag.py:347} ERROR - Failed to import: /opt/airflow/dags/pipeline.py
Traceback (most recent call last):
  File "/home/airflow/.local/lib/python3.8/site-packages/airflow/models/dagbag.py", line 343, in parse
    loader.exec_module(new_module)
  File "<frozen importlib._bootstrap_external>", line 843, in exec_module
  File "<frozen importlib._bootstrap>", line 219, in _call_with_frames_removed
  File "/opt/airflow/dags/pipeline.py", line 5, in <module>
    import yfinance as yf
ModuleNotFoundError: No module named 'yfinance'
[2025-02-27T12:15:02.669+0000] {processor.py:841} WARNING - No viable dags retrieved from /opt/airflow/dags/pipeline.py
[2025-02-27T12:15:02.692+0000] {processor.py:179} INFO - Processing /opt/airflow/dags/pipeline.py took 0.073 seconds
[2025-02-27T12:15:33.231+0000] {processor.py:157} INFO - Started process (PID=176) to work on /opt/airflow/dags/pipeline.py
[2025-02-27T12:15:33.233+0000] {processor.py:829} INFO - Processing file /opt/airflow/dags/pipeline.py for tasks to queue
[2025-02-27T12:15:33.235+0000] {logging_mixin.py:151} INFO - [2025-02-27T12:15:33.235+0000] {dagbag.py:539} INFO - Filling up the DagBag from /opt/airflow/dags/pipeline.py
[2025-02-27T12:15:33.295+0000] {logging_mixin.py:151} INFO - [2025-02-27T12:15:33.285+0000] {dagbag.py:347} ERROR - Failed to import: /opt/airflow/dags/pipeline.py
Traceback (most recent call last):
  File "/home/airflow/.local/lib/python3.8/site-packages/airflow/models/dagbag.py", line 343, in parse
    loader.exec_module(new_module)
  File "<frozen importlib._bootstrap_external>", line 843, in exec_module
  File "<frozen importlib._bootstrap>", line 219, in _call_with_frames_removed
  File "/opt/airflow/dags/pipeline.py", line 5, in <module>
    import yfinance as yf
ModuleNotFoundError: No module named 'yfinance'
[2025-02-27T12:15:33.299+0000] {processor.py:841} WARNING - No viable dags retrieved from /opt/airflow/dags/pipeline.py
[2025-02-27T12:15:33.323+0000] {processor.py:179} INFO - Processing /opt/airflow/dags/pipeline.py took 0.094 seconds
[2025-02-27T12:16:03.816+0000] {processor.py:157} INFO - Started process (PID=181) to work on /opt/airflow/dags/pipeline.py
[2025-02-27T12:16:03.818+0000] {processor.py:829} INFO - Processing file /opt/airflow/dags/pipeline.py for tasks to queue
[2025-02-27T12:16:03.820+0000] {logging_mixin.py:151} INFO - [2025-02-27T12:16:03.819+0000] {dagbag.py:539} INFO - Filling up the DagBag from /opt/airflow/dags/pipeline.py
[2025-02-27T12:16:02.137+0000] {logging_mixin.py:151} INFO - [2025-02-27T12:16:02.129+0000] {dagbag.py:347} ERROR - Failed to import: /opt/airflow/dags/pipeline.py
Traceback (most recent call last):
  File "/home/airflow/.local/lib/python3.8/site-packages/airflow/models/dagbag.py", line 343, in parse
    loader.exec_module(new_module)
  File "<frozen importlib._bootstrap_external>", line 843, in exec_module
  File "<frozen importlib._bootstrap>", line 219, in _call_with_frames_removed
  File "/opt/airflow/dags/pipeline.py", line 5, in <module>
    import yfinance as yf
ModuleNotFoundError: No module named 'yfinance'
[2025-02-27T12:16:02.140+0000] {processor.py:841} WARNING - No viable dags retrieved from /opt/airflow/dags/pipeline.py
[2025-02-27T12:16:02.171+0000] {processor.py:179} INFO - Processing /opt/airflow/dags/pipeline.py took 0.086 seconds
[2025-02-27T12:16:32.696+0000] {processor.py:157} INFO - Started process (PID=186) to work on /opt/airflow/dags/pipeline.py
[2025-02-27T12:16:32.697+0000] {processor.py:829} INFO - Processing file /opt/airflow/dags/pipeline.py for tasks to queue
[2025-02-27T12:16:32.698+0000] {logging_mixin.py:151} INFO - [2025-02-27T12:16:32.697+0000] {dagbag.py:539} INFO - Filling up the DagBag from /opt/airflow/dags/pipeline.py
[2025-02-27T12:16:32.722+0000] {logging_mixin.py:151} INFO - [2025-02-27T12:16:32.715+0000] {dagbag.py:347} ERROR - Failed to import: /opt/airflow/dags/pipeline.py
Traceback (most recent call last):
  File "/home/airflow/.local/lib/python3.8/site-packages/airflow/models/dagbag.py", line 343, in parse
    loader.exec_module(new_module)
  File "<frozen importlib._bootstrap_external>", line 843, in exec_module
  File "<frozen importlib._bootstrap>", line 219, in _call_with_frames_removed
  File "/opt/airflow/dags/pipeline.py", line 5, in <module>
    import yfinance as yf
ModuleNotFoundError: No module named 'yfinance'
[2025-02-27T12:16:32.724+0000] {processor.py:841} WARNING - No viable dags retrieved from /opt/airflow/dags/pipeline.py
[2025-02-27T12:16:32.743+0000] {processor.py:179} INFO - Processing /opt/airflow/dags/pipeline.py took 0.057 seconds
[2025-02-27T12:17:03.229+0000] {processor.py:157} INFO - Started process (PID=191) to work on /opt/airflow/dags/pipeline.py
[2025-02-27T12:17:03.231+0000] {processor.py:829} INFO - Processing file /opt/airflow/dags/pipeline.py for tasks to queue
[2025-02-27T12:17:03.232+0000] {logging_mixin.py:151} INFO - [2025-02-27T12:17:03.232+0000] {dagbag.py:539} INFO - Filling up the DagBag from /opt/airflow/dags/pipeline.py
[2025-02-27T12:17:03.254+0000] {logging_mixin.py:151} INFO - [2025-02-27T12:17:03.250+0000] {dagbag.py:347} ERROR - Failed to import: /opt/airflow/dags/pipeline.py
Traceback (most recent call last):
  File "/home/airflow/.local/lib/python3.8/site-packages/airflow/models/dagbag.py", line 343, in parse
    loader.exec_module(new_module)
  File "<frozen importlib._bootstrap_external>", line 843, in exec_module
  File "<frozen importlib._bootstrap>", line 219, in _call_with_frames_removed
  File "/opt/airflow/dags/pipeline.py", line 5, in <module>
    import yfinance as yf
ModuleNotFoundError: No module named 'yfinance'
[2025-02-27T12:17:03.255+0000] {processor.py:841} WARNING - No viable dags retrieved from /opt/airflow/dags/pipeline.py
[2025-02-27T12:17:03.275+0000] {processor.py:179} INFO - Processing /opt/airflow/dags/pipeline.py took 0.050 seconds
[2025-02-27T12:17:33.785+0000] {processor.py:157} INFO - Started process (PID=196) to work on /opt/airflow/dags/pipeline.py
[2025-02-27T12:17:33.786+0000] {processor.py:829} INFO - Processing file /opt/airflow/dags/pipeline.py for tasks to queue
[2025-02-27T12:17:33.788+0000] {logging_mixin.py:151} INFO - [2025-02-27T12:17:33.787+0000] {dagbag.py:539} INFO - Filling up the DagBag from /opt/airflow/dags/pipeline.py
[2025-02-27T12:17:33.824+0000] {logging_mixin.py:151} INFO - [2025-02-27T12:17:33.817+0000] {dagbag.py:347} ERROR - Failed to import: /opt/airflow/dags/pipeline.py
Traceback (most recent call last):
  File "/home/airflow/.local/lib/python3.8/site-packages/airflow/models/dagbag.py", line 343, in parse
    loader.exec_module(new_module)
  File "<frozen importlib._bootstrap_external>", line 843, in exec_module
  File "<frozen importlib._bootstrap>", line 219, in _call_with_frames_removed
  File "/opt/airflow/dags/pipeline.py", line 5, in <module>
    import yfinance as yf
ModuleNotFoundError: No module named 'yfinance'
[2025-02-27T12:17:33.826+0000] {processor.py:841} WARNING - No viable dags retrieved from /opt/airflow/dags/pipeline.py
[2025-02-27T12:17:33.846+0000] {processor.py:179} INFO - Processing /opt/airflow/dags/pipeline.py took 0.063 seconds
[2025-02-27T12:18:04.385+0000] {processor.py:157} INFO - Started process (PID=201) to work on /opt/airflow/dags/pipeline.py
[2025-02-27T12:18:04.387+0000] {processor.py:829} INFO - Processing file /opt/airflow/dags/pipeline.py for tasks to queue
[2025-02-27T12:18:04.388+0000] {logging_mixin.py:151} INFO - [2025-02-27T12:18:04.388+0000] {dagbag.py:539} INFO - Filling up the DagBag from /opt/airflow/dags/pipeline.py
[2025-02-27T12:18:04.431+0000] {logging_mixin.py:151} INFO - [2025-02-27T12:18:04.424+0000] {dagbag.py:347} ERROR - Failed to import: /opt/airflow/dags/pipeline.py
Traceback (most recent call last):
  File "/home/airflow/.local/lib/python3.8/site-packages/airflow/models/dagbag.py", line 343, in parse
    loader.exec_module(new_module)
  File "<frozen importlib._bootstrap_external>", line 843, in exec_module
  File "<frozen importlib._bootstrap>", line 219, in _call_with_frames_removed
  File "/opt/airflow/dags/pipeline.py", line 5, in <module>
    import yfinance as yf
ModuleNotFoundError: No module named 'yfinance'
[2025-02-27T12:18:04.434+0000] {processor.py:841} WARNING - No viable dags retrieved from /opt/airflow/dags/pipeline.py
[2025-02-27T12:18:04.462+0000] {processor.py:179} INFO - Processing /opt/airflow/dags/pipeline.py took 0.080 seconds
[2025-02-27T12:18:15.578+0000] {processor.py:157} INFO - Started process (PID=206) to work on /opt/airflow/dags/pipeline.py
[2025-02-27T12:18:15.579+0000] {processor.py:829} INFO - Processing file /opt/airflow/dags/pipeline.py for tasks to queue
[2025-02-27T12:18:15.581+0000] {logging_mixin.py:151} INFO - [2025-02-27T12:18:15.581+0000] {dagbag.py:539} INFO - Filling up the DagBag from /opt/airflow/dags/pipeline.py
[2025-02-27T12:18:15.654+0000] {logging_mixin.py:151} INFO - [2025-02-27T12:18:15.646+0000] {dagbag.py:347} ERROR - Failed to import: /opt/airflow/dags/pipeline.py
Traceback (most recent call last):
  File "/home/airflow/.local/lib/python3.8/site-packages/airflow/models/dagbag.py", line 343, in parse
    loader.exec_module(new_module)
  File "<frozen importlib._bootstrap_external>", line 843, in exec_module
  File "<frozen importlib._bootstrap>", line 219, in _call_with_frames_removed
  File "/opt/airflow/dags/pipeline.py", line 5, in <module>
    import yfinance as yf
ModuleNotFoundError: No module named 'yfinance'
[2025-02-27T12:18:15.659+0000] {processor.py:841} WARNING - No viable dags retrieved from /opt/airflow/dags/pipeline.py
[2025-02-27T12:18:15.715+0000] {processor.py:179} INFO - Processing /opt/airflow/dags/pipeline.py took 0.146 seconds
[2025-02-27T12:18:46.149+0000] {processor.py:157} INFO - Started process (PID=211) to work on /opt/airflow/dags/pipeline.py
[2025-02-27T12:18:46.151+0000] {processor.py:829} INFO - Processing file /opt/airflow/dags/pipeline.py for tasks to queue
[2025-02-27T12:18:46.153+0000] {logging_mixin.py:151} INFO - [2025-02-27T12:18:46.152+0000] {dagbag.py:539} INFO - Filling up the DagBag from /opt/airflow/dags/pipeline.py
[2025-02-27T12:18:46.192+0000] {logging_mixin.py:151} INFO - [2025-02-27T12:18:46.184+0000] {dagbag.py:347} ERROR - Failed to import: /opt/airflow/dags/pipeline.py
Traceback (most recent call last):
  File "/home/airflow/.local/lib/python3.8/site-packages/airflow/models/dagbag.py", line 343, in parse
    loader.exec_module(new_module)
  File "<frozen importlib._bootstrap_external>", line 843, in exec_module
  File "<frozen importlib._bootstrap>", line 219, in _call_with_frames_removed
  File "/opt/airflow/dags/pipeline.py", line 5, in <module>
    import yfinance as yf
ModuleNotFoundError: No module named 'yfinance'
[2025-02-27T12:18:46.195+0000] {processor.py:841} WARNING - No viable dags retrieved from /opt/airflow/dags/pipeline.py
[2025-02-27T12:18:46.230+0000] {processor.py:179} INFO - Processing /opt/airflow/dags/pipeline.py took 0.089 seconds
[2025-02-27T12:19:33.677+0000] {processor.py:157} INFO - Started process (PID=166) to work on /opt/airflow/dags/pipeline.py
[2025-02-27T12:19:33.679+0000] {processor.py:829} INFO - Processing file /opt/airflow/dags/pipeline.py for tasks to queue
[2025-02-27T12:19:33.680+0000] {logging_mixin.py:151} INFO - [2025-02-27T12:19:33.680+0000] {dagbag.py:539} INFO - Filling up the DagBag from /opt/airflow/dags/pipeline.py
[2025-02-27T12:19:35.574+0000] {processor.py:839} INFO - DAG(s) dict_keys(['yfinance_ingestion_dag']) retrieved from /opt/airflow/dags/pipeline.py
[2025-02-27T12:19:35.879+0000] {logging_mixin.py:151} INFO - [2025-02-27T12:19:35.879+0000] {manager.py:499} INFO - Created Permission View: %s
[2025-02-27T12:19:35.908+0000] {logging_mixin.py:151} INFO - [2025-02-27T12:19:35.908+0000] {manager.py:499} INFO - Created Permission View: %s
[2025-02-27T12:19:35.929+0000] {logging_mixin.py:151} INFO - [2025-02-27T12:19:35.927+0000] {manager.py:499} INFO - Created Permission View: %s
[2025-02-27T12:19:35.933+0000] {logging_mixin.py:151} INFO - [2025-02-27T12:19:35.932+0000] {security.py:708} INFO - Not syncing DAG-level permissions for DAG 'DAG:yfinance_ingestion_dag' as access control is unset.
[2025-02-27T12:19:35.934+0000] {logging_mixin.py:151} INFO - [2025-02-27T12:19:35.933+0000] {dag.py:2915} INFO - Sync 1 DAGs
[2025-02-27T12:19:35.978+0000] {logging_mixin.py:151} INFO - [2025-02-27T12:19:35.978+0000] {dag.py:2937} INFO - Creating ORM DAG for yfinance_ingestion_dag
[2025-02-27T12:19:35.994+0000] {logging_mixin.py:151} INFO - [2025-02-27T12:19:35.994+0000] {dag.py:3696} INFO - Setting next_dagrun for yfinance_ingestion_dag to 2025-01-01T00:00:00+00:00, run_after=2025-01-02T00:00:00+00:00
[2025-02-27T12:19:36.019+0000] {processor.py:179} INFO - Processing /opt/airflow/dags/pipeline.py took 2.345 seconds
[2025-02-27T12:20:06.248+0000] {processor.py:157} INFO - Started process (PID=173) to work on /opt/airflow/dags/pipeline.py
[2025-02-27T12:20:06.249+0000] {processor.py:829} INFO - Processing file /opt/airflow/dags/pipeline.py for tasks to queue
[2025-02-27T12:20:06.251+0000] {logging_mixin.py:151} INFO - [2025-02-27T12:20:06.251+0000] {dagbag.py:539} INFO - Filling up the DagBag from /opt/airflow/dags/pipeline.py
[2025-02-27T12:20:06.908+0000] {processor.py:839} INFO - DAG(s) dict_keys(['yfinance_ingestion_dag']) retrieved from /opt/airflow/dags/pipeline.py
[2025-02-27T12:20:06.955+0000] {logging_mixin.py:151} INFO - [2025-02-27T12:20:06.953+0000] {dag.py:2915} INFO - Sync 1 DAGs
[2025-02-27T12:20:07.003+0000] {logging_mixin.py:151} INFO - [2025-02-27T12:20:07.002+0000] {dag.py:3696} INFO - Setting next_dagrun for yfinance_ingestion_dag to 2025-01-01T00:00:00+00:00, run_after=2025-01-02T00:00:00+00:00
[2025-02-27T12:20:07.046+0000] {processor.py:179} INFO - Processing /opt/airflow/dags/pipeline.py took 0.801 seconds
[2025-02-27T12:20:37.601+0000] {processor.py:157} INFO - Started process (PID=179) to work on /opt/airflow/dags/pipeline.py
[2025-02-27T12:20:37.602+0000] {processor.py:829} INFO - Processing file /opt/airflow/dags/pipeline.py for tasks to queue
[2025-02-27T12:20:37.604+0000] {logging_mixin.py:151} INFO - [2025-02-27T12:20:37.603+0000] {dagbag.py:539} INFO - Filling up the DagBag from /opt/airflow/dags/pipeline.py
[2025-02-27T12:20:38.233+0000] {processor.py:839} INFO - DAG(s) dict_keys(['yfinance_ingestion_dag']) retrieved from /opt/airflow/dags/pipeline.py
[2025-02-27T12:20:38.270+0000] {logging_mixin.py:151} INFO - [2025-02-27T12:20:38.270+0000] {dag.py:2915} INFO - Sync 1 DAGs
[2025-02-27T12:20:38.298+0000] {logging_mixin.py:151} INFO - [2025-02-27T12:20:38.298+0000] {dag.py:3696} INFO - Setting next_dagrun for yfinance_ingestion_dag to 2025-01-01T00:00:00+00:00, run_after=2025-01-02T00:00:00+00:00
[2025-02-27T12:20:38.330+0000] {processor.py:179} INFO - Processing /opt/airflow/dags/pipeline.py took 0.734 seconds
[2025-02-27T12:21:08.600+0000] {processor.py:157} INFO - Started process (PID=185) to work on /opt/airflow/dags/pipeline.py
[2025-02-27T12:21:08.602+0000] {processor.py:829} INFO - Processing file /opt/airflow/dags/pipeline.py for tasks to queue
[2025-02-27T12:21:08.603+0000] {logging_mixin.py:151} INFO - [2025-02-27T12:21:08.603+0000] {dagbag.py:539} INFO - Filling up the DagBag from /opt/airflow/dags/pipeline.py
[2025-02-27T12:21:09.144+0000] {processor.py:839} INFO - DAG(s) dict_keys(['yfinance_ingestion_dag']) retrieved from /opt/airflow/dags/pipeline.py
[2025-02-27T12:21:09.171+0000] {logging_mixin.py:151} INFO - [2025-02-27T12:21:09.170+0000] {dag.py:2915} INFO - Sync 1 DAGs
[2025-02-27T12:21:09.195+0000] {logging_mixin.py:151} INFO - [2025-02-27T12:21:09.195+0000] {dag.py:3696} INFO - Setting next_dagrun for yfinance_ingestion_dag to 2025-01-01T00:00:00+00:00, run_after=2025-01-02T00:00:00+00:00
[2025-02-27T12:21:09.214+0000] {processor.py:179} INFO - Processing /opt/airflow/dags/pipeline.py took 0.616 seconds
[2025-02-27T12:21:39.382+0000] {processor.py:157} INFO - Started process (PID=191) to work on /opt/airflow/dags/pipeline.py
[2025-02-27T12:21:39.384+0000] {processor.py:829} INFO - Processing file /opt/airflow/dags/pipeline.py for tasks to queue
[2025-02-27T12:21:39.385+0000] {logging_mixin.py:151} INFO - [2025-02-27T12:21:39.385+0000] {dagbag.py:539} INFO - Filling up the DagBag from /opt/airflow/dags/pipeline.py
[2025-02-27T12:21:39.965+0000] {processor.py:839} INFO - DAG(s) dict_keys(['yfinance_ingestion_dag']) retrieved from /opt/airflow/dags/pipeline.py
[2025-02-27T12:21:39.991+0000] {logging_mixin.py:151} INFO - [2025-02-27T12:21:39.991+0000] {dag.py:2915} INFO - Sync 1 DAGs
[2025-02-27T12:21:40.012+0000] {logging_mixin.py:151} INFO - [2025-02-27T12:21:40.012+0000] {dag.py:3696} INFO - Setting next_dagrun for yfinance_ingestion_dag to 2025-01-01T00:00:00+00:00, run_after=2025-01-02T00:00:00+00:00
[2025-02-27T12:21:40.039+0000] {processor.py:179} INFO - Processing /opt/airflow/dags/pipeline.py took 0.660 seconds
[2025-02-27T12:22:10.446+0000] {processor.py:157} INFO - Started process (PID=203) to work on /opt/airflow/dags/pipeline.py
[2025-02-27T12:22:10.465+0000] {processor.py:829} INFO - Processing file /opt/airflow/dags/pipeline.py for tasks to queue
[2025-02-27T12:22:10.472+0000] {logging_mixin.py:151} INFO - [2025-02-27T12:22:10.471+0000] {dagbag.py:539} INFO - Filling up the DagBag from /opt/airflow/dags/pipeline.py
[2025-02-27T12:22:12.455+0000] {processor.py:839} INFO - DAG(s) dict_keys(['yfinance_ingestion_dag']) retrieved from /opt/airflow/dags/pipeline.py
[2025-02-27T12:22:12.562+0000] {logging_mixin.py:151} INFO - [2025-02-27T12:22:12.560+0000] {dag.py:2915} INFO - Sync 1 DAGs
[2025-02-27T12:22:12.932+0000] {logging_mixin.py:151} INFO - [2025-02-27T12:22:12.931+0000] {dag.py:3696} INFO - Setting next_dagrun for yfinance_ingestion_dag to 2025-01-15T00:00:00+00:00, run_after=2025-01-16T00:00:00+00:00
[2025-02-27T12:22:13.030+0000] {processor.py:179} INFO - Processing /opt/airflow/dags/pipeline.py took 4.399 seconds
[2025-02-27T12:22:43.625+0000] {processor.py:157} INFO - Started process (PID=325) to work on /opt/airflow/dags/pipeline.py
[2025-02-27T12:22:43.649+0000] {processor.py:829} INFO - Processing file /opt/airflow/dags/pipeline.py for tasks to queue
[2025-02-27T12:22:43.665+0000] {logging_mixin.py:151} INFO - [2025-02-27T12:22:43.653+0000] {dagbag.py:539} INFO - Filling up the DagBag from /opt/airflow/dags/pipeline.py
[2025-02-27T12:22:47.223+0000] {processor.py:839} INFO - DAG(s) dict_keys(['yfinance_ingestion_dag']) retrieved from /opt/airflow/dags/pipeline.py
[2025-02-27T12:22:47.399+0000] {logging_mixin.py:151} INFO - [2025-02-27T12:22:47.397+0000] {dag.py:2915} INFO - Sync 1 DAGs
[2025-02-27T12:22:47.805+0000] {processor.py:179} INFO - Processing /opt/airflow/dags/pipeline.py took 4.191 seconds
[2025-02-27T12:23:18.324+0000] {processor.py:157} INFO - Started process (PID=479) to work on /opt/airflow/dags/pipeline.py
[2025-02-27T12:23:18.331+0000] {processor.py:829} INFO - Processing file /opt/airflow/dags/pipeline.py for tasks to queue
[2025-02-27T12:23:18.346+0000] {logging_mixin.py:151} INFO - [2025-02-27T12:23:18.345+0000] {dagbag.py:539} INFO - Filling up the DagBag from /opt/airflow/dags/pipeline.py
[2025-02-27T12:23:20.453+0000] {processor.py:839} INFO - DAG(s) dict_keys(['yfinance_ingestion_dag']) retrieved from /opt/airflow/dags/pipeline.py
[2025-02-27T12:23:20.570+0000] {logging_mixin.py:151} INFO - [2025-02-27T12:23:20.566+0000] {dag.py:2915} INFO - Sync 1 DAGs
[2025-02-27T12:23:20.678+0000] {logging_mixin.py:151} INFO - [2025-02-27T12:23:20.678+0000] {dag.py:3696} INFO - Setting next_dagrun for yfinance_ingestion_dag to 2025-02-17T00:00:00+00:00, run_after=2025-02-18T00:00:00+00:00
[2025-02-27T12:23:20.830+0000] {processor.py:179} INFO - Processing /opt/airflow/dags/pipeline.py took 2.530 seconds
[2025-02-27T12:23:51.604+0000] {processor.py:157} INFO - Started process (PID=563) to work on /opt/airflow/dags/pipeline.py
[2025-02-27T12:23:51.607+0000] {processor.py:829} INFO - Processing file /opt/airflow/dags/pipeline.py for tasks to queue
[2025-02-27T12:23:51.611+0000] {logging_mixin.py:151} INFO - [2025-02-27T12:23:51.610+0000] {dagbag.py:539} INFO - Filling up the DagBag from /opt/airflow/dags/pipeline.py
[2025-02-27T12:23:52.223+0000] {processor.py:839} INFO - DAG(s) dict_keys(['yfinance_ingestion_dag']) retrieved from /opt/airflow/dags/pipeline.py
[2025-02-27T12:23:52.255+0000] {logging_mixin.py:151} INFO - [2025-02-27T12:23:52.255+0000] {dag.py:2915} INFO - Sync 1 DAGs
[2025-02-27T12:23:52.285+0000] {logging_mixin.py:151} INFO - [2025-02-27T12:23:52.285+0000] {dag.py:3696} INFO - Setting next_dagrun for yfinance_ingestion_dag to 2025-02-27T00:00:00+00:00, run_after=2025-02-28T00:00:00+00:00
[2025-02-27T12:23:52.320+0000] {processor.py:179} INFO - Processing /opt/airflow/dags/pipeline.py took 0.724 seconds
[2025-02-27T12:24:22.843+0000] {processor.py:157} INFO - Started process (PID=569) to work on /opt/airflow/dags/pipeline.py
[2025-02-27T12:24:22.845+0000] {processor.py:829} INFO - Processing file /opt/airflow/dags/pipeline.py for tasks to queue
[2025-02-27T12:24:22.846+0000] {logging_mixin.py:151} INFO - [2025-02-27T12:24:22.846+0000] {dagbag.py:539} INFO - Filling up the DagBag from /opt/airflow/dags/pipeline.py
[2025-02-27T12:24:23.444+0000] {processor.py:839} INFO - DAG(s) dict_keys(['yfinance_ingestion_dag']) retrieved from /opt/airflow/dags/pipeline.py
[2025-02-27T12:24:23.477+0000] {logging_mixin.py:151} INFO - [2025-02-27T12:24:23.476+0000] {dag.py:2915} INFO - Sync 1 DAGs
[2025-02-27T12:24:23.504+0000] {logging_mixin.py:151} INFO - [2025-02-27T12:24:23.503+0000] {dag.py:3696} INFO - Setting next_dagrun for yfinance_ingestion_dag to 2025-02-27T00:00:00+00:00, run_after=2025-02-28T00:00:00+00:00
[2025-02-27T12:24:23.529+0000] {processor.py:179} INFO - Processing /opt/airflow/dags/pipeline.py took 0.690 seconds
[2025-02-27T12:24:53.694+0000] {processor.py:157} INFO - Started process (PID=575) to work on /opt/airflow/dags/pipeline.py
[2025-02-27T12:24:53.695+0000] {processor.py:829} INFO - Processing file /opt/airflow/dags/pipeline.py for tasks to queue
[2025-02-27T12:24:53.696+0000] {logging_mixin.py:151} INFO - [2025-02-27T12:24:53.696+0000] {dagbag.py:539} INFO - Filling up the DagBag from /opt/airflow/dags/pipeline.py
[2025-02-27T12:24:54.338+0000] {processor.py:839} INFO - DAG(s) dict_keys(['yfinance_ingestion_dag']) retrieved from /opt/airflow/dags/pipeline.py
[2025-02-27T12:24:54.368+0000] {logging_mixin.py:151} INFO - [2025-02-27T12:24:54.367+0000] {dag.py:2915} INFO - Sync 1 DAGs
[2025-02-27T12:24:54.398+0000] {logging_mixin.py:151} INFO - [2025-02-27T12:24:54.398+0000] {dag.py:3696} INFO - Setting next_dagrun for yfinance_ingestion_dag to 2025-02-27T00:00:00+00:00, run_after=2025-02-28T00:00:00+00:00
[2025-02-27T12:24:54.427+0000] {processor.py:179} INFO - Processing /opt/airflow/dags/pipeline.py took 0.739 seconds
[2025-02-27T12:25:24.626+0000] {processor.py:157} INFO - Started process (PID=581) to work on /opt/airflow/dags/pipeline.py
[2025-02-27T12:25:24.628+0000] {processor.py:829} INFO - Processing file /opt/airflow/dags/pipeline.py for tasks to queue
[2025-02-27T12:25:24.632+0000] {logging_mixin.py:151} INFO - [2025-02-27T12:25:24.630+0000] {dagbag.py:539} INFO - Filling up the DagBag from /opt/airflow/dags/pipeline.py
[2025-02-27T12:25:25.366+0000] {processor.py:839} INFO - DAG(s) dict_keys(['yfinance_ingestion_dag']) retrieved from /opt/airflow/dags/pipeline.py
[2025-02-27T12:25:25.403+0000] {logging_mixin.py:151} INFO - [2025-02-27T12:25:25.403+0000] {dag.py:2915} INFO - Sync 1 DAGs
[2025-02-27T12:25:25.432+0000] {logging_mixin.py:151} INFO - [2025-02-27T12:25:25.432+0000] {dag.py:3696} INFO - Setting next_dagrun for yfinance_ingestion_dag to 2025-02-27T00:00:00+00:00, run_after=2025-02-28T00:00:00+00:00
[2025-02-27T12:25:25.463+0000] {processor.py:179} INFO - Processing /opt/airflow/dags/pipeline.py took 0.841 seconds
[2025-02-27T12:25:43.525+0000] {processor.py:157} INFO - Started process (PID=587) to work on /opt/airflow/dags/pipeline.py
[2025-02-27T12:25:43.527+0000] {processor.py:829} INFO - Processing file /opt/airflow/dags/pipeline.py for tasks to queue
[2025-02-27T12:25:43.529+0000] {logging_mixin.py:151} INFO - [2025-02-27T12:25:43.528+0000] {dagbag.py:539} INFO - Filling up the DagBag from /opt/airflow/dags/pipeline.py
[2025-02-27T12:25:44.331+0000] {processor.py:839} INFO - DAG(s) dict_keys(['yfinance_ingestion_dag']) retrieved from /opt/airflow/dags/pipeline.py
[2025-02-27T12:25:44.669+0000] {logging_mixin.py:151} INFO - [2025-02-27T12:25:44.668+0000] {security.py:708} INFO - Not syncing DAG-level permissions for DAG 'DAG:yfinance_ingestion_dag' as access control is unset.
[2025-02-27T12:25:44.670+0000] {logging_mixin.py:151} INFO - [2025-02-27T12:25:44.669+0000] {dag.py:2915} INFO - Sync 1 DAGs
[2025-02-27T12:25:44.705+0000] {logging_mixin.py:151} INFO - [2025-02-27T12:25:44.705+0000] {dag.py:3696} INFO - Setting next_dagrun for yfinance_ingestion_dag to 2025-02-27T00:00:00+00:00, run_after=2025-02-28T00:00:00+00:00
[2025-02-27T12:25:44.758+0000] {processor.py:179} INFO - Processing /opt/airflow/dags/pipeline.py took 1.238 seconds
[2025-02-27T12:26:15.044+0000] {processor.py:157} INFO - Started process (PID=621) to work on /opt/airflow/dags/pipeline.py
[2025-02-27T12:26:15.045+0000] {processor.py:829} INFO - Processing file /opt/airflow/dags/pipeline.py for tasks to queue
[2025-02-27T12:26:15.047+0000] {logging_mixin.py:151} INFO - [2025-02-27T12:26:15.046+0000] {dagbag.py:539} INFO - Filling up the DagBag from /opt/airflow/dags/pipeline.py
[2025-02-27T12:26:15.602+0000] {processor.py:839} INFO - DAG(s) dict_keys(['yfinance_ingestion_dag']) retrieved from /opt/airflow/dags/pipeline.py
[2025-02-27T12:26:15.632+0000] {logging_mixin.py:151} INFO - [2025-02-27T12:26:15.631+0000] {dag.py:2915} INFO - Sync 1 DAGs
[2025-02-27T12:26:15.656+0000] {logging_mixin.py:151} INFO - [2025-02-27T12:26:15.655+0000] {dag.py:3696} INFO - Setting next_dagrun for yfinance_ingestion_dag to 2025-02-27T00:00:00+00:00, run_after=2025-02-28T00:00:00+00:00
[2025-02-27T12:26:15.685+0000] {processor.py:179} INFO - Processing /opt/airflow/dags/pipeline.py took 0.646 seconds
[2025-02-27T12:26:45.855+0000] {processor.py:157} INFO - Started process (PID=627) to work on /opt/airflow/dags/pipeline.py
[2025-02-27T12:26:45.858+0000] {processor.py:829} INFO - Processing file /opt/airflow/dags/pipeline.py for tasks to queue
[2025-02-27T12:26:45.861+0000] {logging_mixin.py:151} INFO - [2025-02-27T12:26:45.861+0000] {dagbag.py:539} INFO - Filling up the DagBag from /opt/airflow/dags/pipeline.py
[2025-02-27T12:26:46.595+0000] {processor.py:839} INFO - DAG(s) dict_keys(['yfinance_ingestion_dag']) retrieved from /opt/airflow/dags/pipeline.py
[2025-02-27T12:26:46.631+0000] {logging_mixin.py:151} INFO - [2025-02-27T12:26:46.631+0000] {dag.py:2915} INFO - Sync 1 DAGs
[2025-02-27T12:26:46.669+0000] {logging_mixin.py:151} INFO - [2025-02-27T12:26:46.669+0000] {dag.py:3696} INFO - Setting next_dagrun for yfinance_ingestion_dag to 2025-02-27T00:00:00+00:00, run_after=2025-02-28T00:00:00+00:00
[2025-02-27T12:26:46.702+0000] {processor.py:179} INFO - Processing /opt/airflow/dags/pipeline.py took 0.854 seconds
[2025-02-27T12:27:12.753+0000] {processor.py:157} INFO - Started process (PID=633) to work on /opt/airflow/dags/pipeline.py
[2025-02-27T12:27:12.755+0000] {processor.py:829} INFO - Processing file /opt/airflow/dags/pipeline.py for tasks to queue
[2025-02-27T12:27:12.757+0000] {logging_mixin.py:151} INFO - [2025-02-27T12:27:12.756+0000] {dagbag.py:539} INFO - Filling up the DagBag from /opt/airflow/dags/pipeline.py
[2025-02-27T12:27:13.446+0000] {processor.py:839} INFO - DAG(s) dict_keys(['yfinance_ingestion_dag']) retrieved from /opt/airflow/dags/pipeline.py
[2025-02-27T12:27:13.503+0000] {logging_mixin.py:151} INFO - [2025-02-27T12:27:13.503+0000] {dag.py:2915} INFO - Sync 1 DAGs
[2025-02-27T12:27:13.557+0000] {logging_mixin.py:151} INFO - [2025-02-27T12:27:13.557+0000] {dag.py:3696} INFO - Setting next_dagrun for yfinance_ingestion_dag to 2025-02-27T00:00:00+00:00, run_after=2025-02-28T00:00:00+00:00
[2025-02-27T12:27:13.601+0000] {processor.py:179} INFO - Processing /opt/airflow/dags/pipeline.py took 0.854 seconds
[2025-02-27T12:27:43.872+0000] {processor.py:157} INFO - Started process (PID=666) to work on /opt/airflow/dags/pipeline.py
[2025-02-27T12:27:43.874+0000] {processor.py:829} INFO - Processing file /opt/airflow/dags/pipeline.py for tasks to queue
[2025-02-27T12:27:43.876+0000] {logging_mixin.py:151} INFO - [2025-02-27T12:27:43.875+0000] {dagbag.py:539} INFO - Filling up the DagBag from /opt/airflow/dags/pipeline.py
[2025-02-27T12:27:44.464+0000] {processor.py:839} INFO - DAG(s) dict_keys(['yfinance_ingestion_dag']) retrieved from /opt/airflow/dags/pipeline.py
[2025-02-27T12:27:44.495+0000] {logging_mixin.py:151} INFO - [2025-02-27T12:27:44.495+0000] {dag.py:2915} INFO - Sync 1 DAGs
[2025-02-27T12:27:44.520+0000] {logging_mixin.py:151} INFO - [2025-02-27T12:27:44.520+0000] {dag.py:3696} INFO - Setting next_dagrun for yfinance_ingestion_dag to 2025-02-27T00:00:00+00:00, run_after=2025-02-28T00:00:00+00:00
[2025-02-27T12:27:44.551+0000] {processor.py:179} INFO - Processing /opt/airflow/dags/pipeline.py took 0.684 seconds
[2025-02-27T12:28:14.677+0000] {processor.py:157} INFO - Started process (PID=672) to work on /opt/airflow/dags/pipeline.py
[2025-02-27T12:28:14.679+0000] {processor.py:829} INFO - Processing file /opt/airflow/dags/pipeline.py for tasks to queue
[2025-02-27T12:28:14.681+0000] {logging_mixin.py:151} INFO - [2025-02-27T12:28:14.680+0000] {dagbag.py:539} INFO - Filling up the DagBag from /opt/airflow/dags/pipeline.py
[2025-02-27T12:28:15.524+0000] {processor.py:839} INFO - DAG(s) dict_keys(['yfinance_ingestion_dag']) retrieved from /opt/airflow/dags/pipeline.py
[2025-02-27T12:28:15.551+0000] {logging_mixin.py:151} INFO - [2025-02-27T12:28:15.551+0000] {dag.py:2915} INFO - Sync 1 DAGs
[2025-02-27T12:28:15.593+0000] {logging_mixin.py:151} INFO - [2025-02-27T12:28:15.593+0000] {dag.py:3696} INFO - Setting next_dagrun for yfinance_ingestion_dag to 2025-02-27T00:00:00+00:00, run_after=2025-02-28T00:00:00+00:00
[2025-02-27T12:28:15.620+0000] {processor.py:179} INFO - Processing /opt/airflow/dags/pipeline.py took 0.948 seconds
[2025-02-27T12:28:46.273+0000] {processor.py:157} INFO - Started process (PID=678) to work on /opt/airflow/dags/pipeline.py
[2025-02-27T12:28:46.281+0000] {processor.py:829} INFO - Processing file /opt/airflow/dags/pipeline.py for tasks to queue
[2025-02-27T12:28:46.285+0000] {logging_mixin.py:151} INFO - [2025-02-27T12:28:46.284+0000] {dagbag.py:539} INFO - Filling up the DagBag from /opt/airflow/dags/pipeline.py
[2025-02-27T12:28:45.035+0000] {processor.py:839} INFO - DAG(s) dict_keys(['yfinance_ingestion_dag']) retrieved from /opt/airflow/dags/pipeline.py
[2025-02-27T12:28:45.076+0000] {logging_mixin.py:151} INFO - [2025-02-27T12:28:45.075+0000] {dag.py:2915} INFO - Sync 1 DAGs
[2025-02-27T12:28:45.111+0000] {logging_mixin.py:151} INFO - [2025-02-27T12:28:45.111+0000] {dag.py:3696} INFO - Setting next_dagrun for yfinance_ingestion_dag to 2025-02-27T00:00:00+00:00, run_after=2025-02-28T00:00:00+00:00
[2025-02-27T12:28:45.146+0000] {processor.py:179} INFO - Processing /opt/airflow/dags/pipeline.py took 0.682 seconds
[2025-02-27T12:29:15.447+0000] {processor.py:157} INFO - Started process (PID=684) to work on /opt/airflow/dags/pipeline.py
[2025-02-27T12:29:15.449+0000] {processor.py:829} INFO - Processing file /opt/airflow/dags/pipeline.py for tasks to queue
[2025-02-27T12:29:15.450+0000] {logging_mixin.py:151} INFO - [2025-02-27T12:29:15.450+0000] {dagbag.py:539} INFO - Filling up the DagBag from /opt/airflow/dags/pipeline.py
[2025-02-27T12:29:15.963+0000] {processor.py:839} INFO - DAG(s) dict_keys(['yfinance_ingestion_dag']) retrieved from /opt/airflow/dags/pipeline.py
[2025-02-27T12:29:15.998+0000] {logging_mixin.py:151} INFO - [2025-02-27T12:29:15.997+0000] {dag.py:2915} INFO - Sync 1 DAGs
[2025-02-27T12:29:16.030+0000] {logging_mixin.py:151} INFO - [2025-02-27T12:29:16.029+0000] {dag.py:3696} INFO - Setting next_dagrun for yfinance_ingestion_dag to 2025-02-27T00:00:00+00:00, run_after=2025-02-28T00:00:00+00:00
[2025-02-27T12:29:16.057+0000] {processor.py:179} INFO - Processing /opt/airflow/dags/pipeline.py took 0.613 seconds
[2025-02-27T12:29:46.241+0000] {processor.py:157} INFO - Started process (PID=690) to work on /opt/airflow/dags/pipeline.py
[2025-02-27T12:29:46.243+0000] {processor.py:829} INFO - Processing file /opt/airflow/dags/pipeline.py for tasks to queue
[2025-02-27T12:29:46.244+0000] {logging_mixin.py:151} INFO - [2025-02-27T12:29:46.244+0000] {dagbag.py:539} INFO - Filling up the DagBag from /opt/airflow/dags/pipeline.py
[2025-02-27T12:29:46.718+0000] {processor.py:839} INFO - DAG(s) dict_keys(['yfinance_ingestion_dag']) retrieved from /opt/airflow/dags/pipeline.py
[2025-02-27T12:29:46.754+0000] {logging_mixin.py:151} INFO - [2025-02-27T12:29:46.753+0000] {dag.py:2915} INFO - Sync 1 DAGs
[2025-02-27T12:29:46.794+0000] {logging_mixin.py:151} INFO - [2025-02-27T12:29:46.794+0000] {dag.py:3696} INFO - Setting next_dagrun for yfinance_ingestion_dag to 2025-02-27T00:00:00+00:00, run_after=2025-02-28T00:00:00+00:00
[2025-02-27T12:29:46.828+0000] {processor.py:179} INFO - Processing /opt/airflow/dags/pipeline.py took 0.591 seconds
[2025-02-27T12:30:17.145+0000] {processor.py:157} INFO - Started process (PID=696) to work on /opt/airflow/dags/pipeline.py
[2025-02-27T12:30:17.147+0000] {processor.py:829} INFO - Processing file /opt/airflow/dags/pipeline.py for tasks to queue
[2025-02-27T12:30:17.150+0000] {logging_mixin.py:151} INFO - [2025-02-27T12:30:17.149+0000] {dagbag.py:539} INFO - Filling up the DagBag from /opt/airflow/dags/pipeline.py
[2025-02-27T12:30:17.763+0000] {processor.py:839} INFO - DAG(s) dict_keys(['yfinance_ingestion_dag']) retrieved from /opt/airflow/dags/pipeline.py
[2025-02-27T12:30:17.798+0000] {logging_mixin.py:151} INFO - [2025-02-27T12:30:17.797+0000] {dag.py:2915} INFO - Sync 1 DAGs
[2025-02-27T12:30:17.825+0000] {logging_mixin.py:151} INFO - [2025-02-27T12:30:17.825+0000] {dag.py:3696} INFO - Setting next_dagrun for yfinance_ingestion_dag to 2025-02-27T00:00:00+00:00, run_after=2025-02-28T00:00:00+00:00
[2025-02-27T12:30:17.855+0000] {processor.py:179} INFO - Processing /opt/airflow/dags/pipeline.py took 0.717 seconds
[2025-02-27T12:30:48.381+0000] {processor.py:157} INFO - Started process (PID=702) to work on /opt/airflow/dags/pipeline.py
[2025-02-27T12:30:48.383+0000] {processor.py:829} INFO - Processing file /opt/airflow/dags/pipeline.py for tasks to queue
[2025-02-27T12:30:48.384+0000] {logging_mixin.py:151} INFO - [2025-02-27T12:30:48.384+0000] {dagbag.py:539} INFO - Filling up the DagBag from /opt/airflow/dags/pipeline.py
[2025-02-27T12:30:48.813+0000] {processor.py:839} INFO - DAG(s) dict_keys(['yfinance_ingestion_dag']) retrieved from /opt/airflow/dags/pipeline.py
[2025-02-27T12:30:48.839+0000] {logging_mixin.py:151} INFO - [2025-02-27T12:30:48.839+0000] {dag.py:2915} INFO - Sync 1 DAGs
[2025-02-27T12:30:48.862+0000] {logging_mixin.py:151} INFO - [2025-02-27T12:30:48.861+0000] {dag.py:3696} INFO - Setting next_dagrun for yfinance_ingestion_dag to 2025-02-27T00:00:00+00:00, run_after=2025-02-28T00:00:00+00:00
[2025-02-27T12:30:48.885+0000] {processor.py:179} INFO - Processing /opt/airflow/dags/pipeline.py took 0.507 seconds
[2025-02-27T12:31:17.473+0000] {processor.py:157} INFO - Started process (PID=708) to work on /opt/airflow/dags/pipeline.py
[2025-02-27T12:31:17.474+0000] {processor.py:829} INFO - Processing file /opt/airflow/dags/pipeline.py for tasks to queue
[2025-02-27T12:31:17.476+0000] {logging_mixin.py:151} INFO - [2025-02-27T12:31:17.476+0000] {dagbag.py:539} INFO - Filling up the DagBag from /opt/airflow/dags/pipeline.py
[2025-02-27T12:31:18.147+0000] {processor.py:839} INFO - DAG(s) dict_keys(['yfinance_ingestion_dag']) retrieved from /opt/airflow/dags/pipeline.py
[2025-02-27T12:31:18.307+0000] {logging_mixin.py:151} INFO - [2025-02-27T12:31:18.306+0000] {security.py:708} INFO - Not syncing DAG-level permissions for DAG 'DAG:yfinance_ingestion_dag' as access control is unset.
[2025-02-27T12:31:18.308+0000] {logging_mixin.py:151} INFO - [2025-02-27T12:31:18.307+0000] {dag.py:2915} INFO - Sync 1 DAGs
[2025-02-27T12:31:18.532+0000] {logging_mixin.py:151} INFO - [2025-02-27T12:31:18.532+0000] {dag.py:3696} INFO - Setting next_dagrun for yfinance_ingestion_dag to 2025-02-27T00:00:00+00:00, run_after=2025-02-28T00:00:00+00:00
[2025-02-27T12:31:18.576+0000] {processor.py:179} INFO - Processing /opt/airflow/dags/pipeline.py took 1.107 seconds
[2025-02-27T12:31:48.934+0000] {processor.py:157} INFO - Started process (PID=742) to work on /opt/airflow/dags/pipeline.py
[2025-02-27T12:31:48.936+0000] {processor.py:829} INFO - Processing file /opt/airflow/dags/pipeline.py for tasks to queue
[2025-02-27T12:31:48.937+0000] {logging_mixin.py:151} INFO - [2025-02-27T12:31:48.937+0000] {dagbag.py:539} INFO - Filling up the DagBag from /opt/airflow/dags/pipeline.py
[2025-02-27T12:31:49.417+0000] {processor.py:839} INFO - DAG(s) dict_keys(['yfinance_ingestion_dag']) retrieved from /opt/airflow/dags/pipeline.py
[2025-02-27T12:31:49.447+0000] {logging_mixin.py:151} INFO - [2025-02-27T12:31:49.447+0000] {dag.py:2915} INFO - Sync 1 DAGs
[2025-02-27T12:31:49.474+0000] {logging_mixin.py:151} INFO - [2025-02-27T12:31:49.474+0000] {dag.py:3696} INFO - Setting next_dagrun for yfinance_ingestion_dag to 2025-02-27T00:00:00+00:00, run_after=2025-02-28T00:00:00+00:00
[2025-02-27T12:31:49.499+0000] {processor.py:179} INFO - Processing /opt/airflow/dags/pipeline.py took 0.569 seconds
[2025-02-27T12:32:19.631+0000] {processor.py:157} INFO - Started process (PID=748) to work on /opt/airflow/dags/pipeline.py
[2025-02-27T12:32:19.632+0000] {processor.py:829} INFO - Processing file /opt/airflow/dags/pipeline.py for tasks to queue
[2025-02-27T12:32:19.634+0000] {logging_mixin.py:151} INFO - [2025-02-27T12:32:19.634+0000] {dagbag.py:539} INFO - Filling up the DagBag from /opt/airflow/dags/pipeline.py
[2025-02-27T12:32:20.138+0000] {processor.py:839} INFO - DAG(s) dict_keys(['yfinance_ingestion_dag']) retrieved from /opt/airflow/dags/pipeline.py
[2025-02-27T12:32:20.171+0000] {logging_mixin.py:151} INFO - [2025-02-27T12:32:20.170+0000] {dag.py:2915} INFO - Sync 1 DAGs
[2025-02-27T12:32:20.200+0000] {logging_mixin.py:151} INFO - [2025-02-27T12:32:20.200+0000] {dag.py:3696} INFO - Setting next_dagrun for yfinance_ingestion_dag to 2025-02-27T00:00:00+00:00, run_after=2025-02-28T00:00:00+00:00
[2025-02-27T12:32:20.230+0000] {processor.py:179} INFO - Processing /opt/airflow/dags/pipeline.py took 0.602 seconds
[2025-02-27T12:32:50.543+0000] {processor.py:157} INFO - Started process (PID=754) to work on /opt/airflow/dags/pipeline.py
[2025-02-27T12:32:50.545+0000] {processor.py:829} INFO - Processing file /opt/airflow/dags/pipeline.py for tasks to queue
[2025-02-27T12:32:50.546+0000] {logging_mixin.py:151} INFO - [2025-02-27T12:32:50.546+0000] {dagbag.py:539} INFO - Filling up the DagBag from /opt/airflow/dags/pipeline.py
[2025-02-27T12:32:51.007+0000] {processor.py:839} INFO - DAG(s) dict_keys(['yfinance_ingestion_dag']) retrieved from /opt/airflow/dags/pipeline.py
[2025-02-27T12:32:51.037+0000] {logging_mixin.py:151} INFO - [2025-02-27T12:32:51.037+0000] {dag.py:2915} INFO - Sync 1 DAGs
[2025-02-27T12:32:51.064+0000] {logging_mixin.py:151} INFO - [2025-02-27T12:32:51.064+0000] {dag.py:3696} INFO - Setting next_dagrun for yfinance_ingestion_dag to 2025-02-27T00:00:00+00:00, run_after=2025-02-28T00:00:00+00:00
[2025-02-27T12:32:51.091+0000] {processor.py:179} INFO - Processing /opt/airflow/dags/pipeline.py took 0.551 seconds
[2025-02-27T14:09:37.632+0000] {processor.py:157} INFO - Started process (PID=762) to work on /opt/airflow/dags/pipeline.py
[2025-02-27T14:09:37.636+0000] {processor.py:829} INFO - Processing file /opt/airflow/dags/pipeline.py for tasks to queue
[2025-02-27T14:09:37.646+0000] {logging_mixin.py:151} INFO - [2025-02-27T14:09:37.646+0000] {dagbag.py:539} INFO - Filling up the DagBag from /opt/airflow/dags/pipeline.py
[2025-02-27T14:09:40.332+0000] {processor.py:839} INFO - DAG(s) dict_keys(['yfinance_ingestion_dag']) retrieved from /opt/airflow/dags/pipeline.py
[2025-02-27T14:09:40.506+0000] {logging_mixin.py:151} INFO - [2025-02-27T14:09:40.505+0000] {dag.py:2915} INFO - Sync 1 DAGs
[2025-02-27T14:09:40.688+0000] {logging_mixin.py:151} INFO - [2025-02-27T14:09:40.688+0000] {dag.py:3696} INFO - Setting next_dagrun for yfinance_ingestion_dag to 2025-02-27T00:00:00+00:00, run_after=2025-02-28T00:00:00+00:00
[2025-02-27T14:09:40.786+0000] {processor.py:179} INFO - Processing /opt/airflow/dags/pipeline.py took 3.159 seconds
[2025-02-27T14:10:11.206+0000] {processor.py:157} INFO - Started process (PID=768) to work on /opt/airflow/dags/pipeline.py
[2025-02-27T14:10:11.208+0000] {processor.py:829} INFO - Processing file /opt/airflow/dags/pipeline.py for tasks to queue
[2025-02-27T14:10:11.212+0000] {logging_mixin.py:151} INFO - [2025-02-27T14:10:11.211+0000] {dagbag.py:539} INFO - Filling up the DagBag from /opt/airflow/dags/pipeline.py
[2025-02-27T14:10:11.776+0000] {processor.py:839} INFO - DAG(s) dict_keys(['yfinance_ingestion_dag']) retrieved from /opt/airflow/dags/pipeline.py
[2025-02-27T14:10:11.804+0000] {logging_mixin.py:151} INFO - [2025-02-27T14:10:11.803+0000] {dag.py:2915} INFO - Sync 1 DAGs
[2025-02-27T14:10:11.828+0000] {logging_mixin.py:151} INFO - [2025-02-27T14:10:11.828+0000] {dag.py:3696} INFO - Setting next_dagrun for yfinance_ingestion_dag to 2025-02-27T00:00:00+00:00, run_after=2025-02-28T00:00:00+00:00
[2025-02-27T14:10:11.856+0000] {processor.py:179} INFO - Processing /opt/airflow/dags/pipeline.py took 0.655 seconds
[2025-02-27T14:10:42.170+0000] {processor.py:157} INFO - Started process (PID=774) to work on /opt/airflow/dags/pipeline.py
[2025-02-27T14:10:42.172+0000] {processor.py:829} INFO - Processing file /opt/airflow/dags/pipeline.py for tasks to queue
[2025-02-27T14:10:42.173+0000] {logging_mixin.py:151} INFO - [2025-02-27T14:10:42.172+0000] {dagbag.py:539} INFO - Filling up the DagBag from /opt/airflow/dags/pipeline.py
[2025-02-27T14:10:42.618+0000] {processor.py:839} INFO - DAG(s) dict_keys(['yfinance_ingestion_dag']) retrieved from /opt/airflow/dags/pipeline.py
[2025-02-27T14:10:42.649+0000] {logging_mixin.py:151} INFO - [2025-02-27T14:10:42.648+0000] {dag.py:2915} INFO - Sync 1 DAGs
[2025-02-27T14:10:42.673+0000] {logging_mixin.py:151} INFO - [2025-02-27T14:10:42.673+0000] {dag.py:3696} INFO - Setting next_dagrun for yfinance_ingestion_dag to 2025-02-27T00:00:00+00:00, run_after=2025-02-28T00:00:00+00:00
[2025-02-27T14:10:42.701+0000] {processor.py:179} INFO - Processing /opt/airflow/dags/pipeline.py took 0.533 seconds
[2025-02-27T14:11:12.921+0000] {processor.py:157} INFO - Started process (PID=780) to work on /opt/airflow/dags/pipeline.py
[2025-02-27T14:11:12.923+0000] {processor.py:829} INFO - Processing file /opt/airflow/dags/pipeline.py for tasks to queue
[2025-02-27T14:11:12.924+0000] {logging_mixin.py:151} INFO - [2025-02-27T14:11:12.924+0000] {dagbag.py:539} INFO - Filling up the DagBag from /opt/airflow/dags/pipeline.py
[2025-02-27T14:11:13.338+0000] {processor.py:839} INFO - DAG(s) dict_keys(['yfinance_ingestion_dag']) retrieved from /opt/airflow/dags/pipeline.py
[2025-02-27T14:11:13.362+0000] {logging_mixin.py:151} INFO - [2025-02-27T14:11:13.361+0000] {dag.py:2915} INFO - Sync 1 DAGs
[2025-02-27T14:11:13.384+0000] {logging_mixin.py:151} INFO - [2025-02-27T14:11:13.384+0000] {dag.py:3696} INFO - Setting next_dagrun for yfinance_ingestion_dag to 2025-02-27T00:00:00+00:00, run_after=2025-02-28T00:00:00+00:00
[2025-02-27T14:11:13.407+0000] {processor.py:179} INFO - Processing /opt/airflow/dags/pipeline.py took 0.489 seconds
[2025-02-27T14:11:43.915+0000] {processor.py:157} INFO - Started process (PID=786) to work on /opt/airflow/dags/pipeline.py
[2025-02-27T14:11:43.916+0000] {processor.py:829} INFO - Processing file /opt/airflow/dags/pipeline.py for tasks to queue
[2025-02-27T14:11:43.918+0000] {logging_mixin.py:151} INFO - [2025-02-27T14:11:43.918+0000] {dagbag.py:539} INFO - Filling up the DagBag from /opt/airflow/dags/pipeline.py
[2025-02-27T14:11:44.608+0000] {processor.py:839} INFO - DAG(s) dict_keys(['yfinance_ingestion_dag']) retrieved from /opt/airflow/dags/pipeline.py
[2025-02-27T14:11:44.649+0000] {logging_mixin.py:151} INFO - [2025-02-27T14:11:44.649+0000] {dag.py:2915} INFO - Sync 1 DAGs
[2025-02-27T14:11:44.682+0000] {logging_mixin.py:151} INFO - [2025-02-27T14:11:44.682+0000] {dag.py:3696} INFO - Setting next_dagrun for yfinance_ingestion_dag to 2025-02-27T00:00:00+00:00, run_after=2025-02-28T00:00:00+00:00
[2025-02-27T14:11:44.724+0000] {processor.py:179} INFO - Processing /opt/airflow/dags/pipeline.py took 0.813 seconds
[2025-02-27T14:12:15.340+0000] {processor.py:157} INFO - Started process (PID=792) to work on /opt/airflow/dags/pipeline.py
[2025-02-27T14:12:15.342+0000] {processor.py:829} INFO - Processing file /opt/airflow/dags/pipeline.py for tasks to queue
[2025-02-27T14:12:15.343+0000] {logging_mixin.py:151} INFO - [2025-02-27T14:12:15.343+0000] {dagbag.py:539} INFO - Filling up the DagBag from /opt/airflow/dags/pipeline.py
[2025-02-27T14:12:15.971+0000] {processor.py:839} INFO - DAG(s) dict_keys(['yfinance_ingestion_dag']) retrieved from /opt/airflow/dags/pipeline.py
[2025-02-27T14:12:16.012+0000] {logging_mixin.py:151} INFO - [2025-02-27T14:12:16.011+0000] {dag.py:2915} INFO - Sync 1 DAGs
[2025-02-27T14:12:16.047+0000] {logging_mixin.py:151} INFO - [2025-02-27T14:12:16.046+0000] {dag.py:3696} INFO - Setting next_dagrun for yfinance_ingestion_dag to 2025-02-27T00:00:00+00:00, run_after=2025-02-28T00:00:00+00:00
[2025-02-27T14:12:16.084+0000] {processor.py:179} INFO - Processing /opt/airflow/dags/pipeline.py took 0.747 seconds
[2025-02-27T14:12:46.737+0000] {processor.py:157} INFO - Started process (PID=798) to work on /opt/airflow/dags/pipeline.py
[2025-02-27T14:12:46.739+0000] {processor.py:829} INFO - Processing file /opt/airflow/dags/pipeline.py for tasks to queue
[2025-02-27T14:12:46.741+0000] {logging_mixin.py:151} INFO - [2025-02-27T14:12:46.740+0000] {dagbag.py:539} INFO - Filling up the DagBag from /opt/airflow/dags/pipeline.py
[2025-02-27T14:12:47.218+0000] {processor.py:839} INFO - DAG(s) dict_keys(['yfinance_ingestion_dag']) retrieved from /opt/airflow/dags/pipeline.py
[2025-02-27T14:12:47.248+0000] {logging_mixin.py:151} INFO - [2025-02-27T14:12:47.248+0000] {dag.py:2915} INFO - Sync 1 DAGs
[2025-02-27T14:12:47.272+0000] {logging_mixin.py:151} INFO - [2025-02-27T14:12:47.271+0000] {dag.py:3696} INFO - Setting next_dagrun for yfinance_ingestion_dag to 2025-02-27T00:00:00+00:00, run_after=2025-02-28T00:00:00+00:00
[2025-02-27T14:12:47.294+0000] {processor.py:179} INFO - Processing /opt/airflow/dags/pipeline.py took 0.561 seconds
[2025-02-27T14:13:17.461+0000] {processor.py:157} INFO - Started process (PID=804) to work on /opt/airflow/dags/pipeline.py
[2025-02-27T14:13:17.463+0000] {processor.py:829} INFO - Processing file /opt/airflow/dags/pipeline.py for tasks to queue
[2025-02-27T14:13:17.464+0000] {logging_mixin.py:151} INFO - [2025-02-27T14:13:17.464+0000] {dagbag.py:539} INFO - Filling up the DagBag from /opt/airflow/dags/pipeline.py
[2025-02-27T14:13:17.904+0000] {processor.py:839} INFO - DAG(s) dict_keys(['yfinance_ingestion_dag']) retrieved from /opt/airflow/dags/pipeline.py
[2025-02-27T14:13:17.929+0000] {logging_mixin.py:151} INFO - [2025-02-27T14:13:17.928+0000] {dag.py:2915} INFO - Sync 1 DAGs
[2025-02-27T14:13:17.952+0000] {logging_mixin.py:151} INFO - [2025-02-27T14:13:17.952+0000] {dag.py:3696} INFO - Setting next_dagrun for yfinance_ingestion_dag to 2025-02-27T00:00:00+00:00, run_after=2025-02-28T00:00:00+00:00
[2025-02-27T14:13:17.979+0000] {processor.py:179} INFO - Processing /opt/airflow/dags/pipeline.py took 0.522 seconds
[2025-02-27T14:13:48.726+0000] {processor.py:157} INFO - Started process (PID=810) to work on /opt/airflow/dags/pipeline.py
[2025-02-27T14:13:48.742+0000] {processor.py:829} INFO - Processing file /opt/airflow/dags/pipeline.py for tasks to queue
[2025-02-27T14:13:48.749+0000] {logging_mixin.py:151} INFO - [2025-02-27T14:13:48.748+0000] {dagbag.py:539} INFO - Filling up the DagBag from /opt/airflow/dags/pipeline.py
[2025-02-27T14:13:49.010+0000] {processor.py:839} INFO - DAG(s) dict_keys(['yfinance_ingestion_dag']) retrieved from /opt/airflow/dags/pipeline.py
[2025-02-27T14:13:49.062+0000] {logging_mixin.py:151} INFO - [2025-02-27T14:13:49.060+0000] {dag.py:2915} INFO - Sync 1 DAGs
[2025-02-27T14:13:49.106+0000] {logging_mixin.py:151} INFO - [2025-02-27T14:13:49.106+0000] {dag.py:3696} INFO - Setting next_dagrun for yfinance_ingestion_dag to 2025-02-27T00:00:00+00:00, run_after=2025-02-28T00:00:00+00:00
[2025-02-27T14:13:49.142+0000] {processor.py:179} INFO - Processing /opt/airflow/dags/pipeline.py took 2.342 seconds
[2025-02-27T14:14:19.497+0000] {processor.py:157} INFO - Started process (PID=816) to work on /opt/airflow/dags/pipeline.py
[2025-02-27T14:14:19.499+0000] {processor.py:829} INFO - Processing file /opt/airflow/dags/pipeline.py for tasks to queue
[2025-02-27T14:14:19.501+0000] {logging_mixin.py:151} INFO - [2025-02-27T14:14:19.500+0000] {dagbag.py:539} INFO - Filling up the DagBag from /opt/airflow/dags/pipeline.py
[2025-02-27T14:14:20.215+0000] {processor.py:839} INFO - DAG(s) dict_keys(['yfinance_ingestion_dag']) retrieved from /opt/airflow/dags/pipeline.py
[2025-02-27T14:14:20.241+0000] {logging_mixin.py:151} INFO - [2025-02-27T14:14:20.240+0000] {dag.py:2915} INFO - Sync 1 DAGs
[2025-02-27T14:14:20.266+0000] {logging_mixin.py:151} INFO - [2025-02-27T14:14:20.266+0000] {dag.py:3696} INFO - Setting next_dagrun for yfinance_ingestion_dag to 2025-02-27T00:00:00+00:00, run_after=2025-02-28T00:00:00+00:00
[2025-02-27T14:14:20.295+0000] {processor.py:179} INFO - Processing /opt/airflow/dags/pipeline.py took 0.802 seconds
[2025-02-27T14:14:50.703+0000] {processor.py:157} INFO - Started process (PID=822) to work on /opt/airflow/dags/pipeline.py
[2025-02-27T14:14:50.705+0000] {processor.py:829} INFO - Processing file /opt/airflow/dags/pipeline.py for tasks to queue
[2025-02-27T14:14:50.706+0000] {logging_mixin.py:151} INFO - [2025-02-27T14:14:50.706+0000] {dagbag.py:539} INFO - Filling up the DagBag from /opt/airflow/dags/pipeline.py
[2025-02-27T14:14:51.437+0000] {processor.py:839} INFO - DAG(s) dict_keys(['yfinance_ingestion_dag']) retrieved from /opt/airflow/dags/pipeline.py
[2025-02-27T14:14:51.495+0000] {logging_mixin.py:151} INFO - [2025-02-27T14:14:51.494+0000] {dag.py:2915} INFO - Sync 1 DAGs
[2025-02-27T14:14:51.549+0000] {logging_mixin.py:151} INFO - [2025-02-27T14:14:51.549+0000] {dag.py:3696} INFO - Setting next_dagrun for yfinance_ingestion_dag to 2025-02-27T00:00:00+00:00, run_after=2025-02-28T00:00:00+00:00
[2025-02-27T14:14:51.573+0000] {processor.py:179} INFO - Processing /opt/airflow/dags/pipeline.py took 0.874 seconds
[2025-02-27T14:15:21.980+0000] {processor.py:157} INFO - Started process (PID=828) to work on /opt/airflow/dags/pipeline.py
[2025-02-27T14:15:21.981+0000] {processor.py:829} INFO - Processing file /opt/airflow/dags/pipeline.py for tasks to queue
[2025-02-27T14:15:21.982+0000] {logging_mixin.py:151} INFO - [2025-02-27T14:15:21.982+0000] {dagbag.py:539} INFO - Filling up the DagBag from /opt/airflow/dags/pipeline.py
[2025-02-27T14:15:22.468+0000] {processor.py:839} INFO - DAG(s) dict_keys(['yfinance_ingestion_dag']) retrieved from /opt/airflow/dags/pipeline.py
[2025-02-27T14:15:22.498+0000] {logging_mixin.py:151} INFO - [2025-02-27T14:15:22.498+0000] {dag.py:2915} INFO - Sync 1 DAGs
[2025-02-27T14:15:22.521+0000] {logging_mixin.py:151} INFO - [2025-02-27T14:15:22.521+0000] {dag.py:3696} INFO - Setting next_dagrun for yfinance_ingestion_dag to 2025-02-27T00:00:00+00:00, run_after=2025-02-28T00:00:00+00:00
[2025-02-27T14:15:22.548+0000] {processor.py:179} INFO - Processing /opt/airflow/dags/pipeline.py took 0.571 seconds
[2025-02-27T14:15:52.924+0000] {processor.py:157} INFO - Started process (PID=834) to work on /opt/airflow/dags/pipeline.py
[2025-02-27T14:15:52.925+0000] {processor.py:829} INFO - Processing file /opt/airflow/dags/pipeline.py for tasks to queue
[2025-02-27T14:15:52.927+0000] {logging_mixin.py:151} INFO - [2025-02-27T14:15:52.927+0000] {dagbag.py:539} INFO - Filling up the DagBag from /opt/airflow/dags/pipeline.py
[2025-02-27T14:15:53.472+0000] {processor.py:839} INFO - DAG(s) dict_keys(['yfinance_ingestion_dag']) retrieved from /opt/airflow/dags/pipeline.py
[2025-02-27T14:15:53.519+0000] {logging_mixin.py:151} INFO - [2025-02-27T14:15:53.518+0000] {dag.py:2915} INFO - Sync 1 DAGs
[2025-02-27T14:15:53.545+0000] {logging_mixin.py:151} INFO - [2025-02-27T14:15:53.545+0000] {dag.py:3696} INFO - Setting next_dagrun for yfinance_ingestion_dag to 2025-02-27T00:00:00+00:00, run_after=2025-02-28T00:00:00+00:00
[2025-02-27T14:15:53.745+0000] {processor.py:179} INFO - Processing /opt/airflow/dags/pipeline.py took 0.825 seconds
[2025-02-27T14:16:24.144+0000] {processor.py:157} INFO - Started process (PID=840) to work on /opt/airflow/dags/pipeline.py
[2025-02-27T14:16:24.146+0000] {processor.py:829} INFO - Processing file /opt/airflow/dags/pipeline.py for tasks to queue
[2025-02-27T14:16:24.147+0000] {logging_mixin.py:151} INFO - [2025-02-27T14:16:24.147+0000] {dagbag.py:539} INFO - Filling up the DagBag from /opt/airflow/dags/pipeline.py
[2025-02-27T14:16:24.711+0000] {processor.py:839} INFO - DAG(s) dict_keys(['yfinance_ingestion_dag']) retrieved from /opt/airflow/dags/pipeline.py
[2025-02-27T14:16:24.743+0000] {logging_mixin.py:151} INFO - [2025-02-27T14:16:24.742+0000] {dag.py:2915} INFO - Sync 1 DAGs
[2025-02-27T14:16:24.774+0000] {logging_mixin.py:151} INFO - [2025-02-27T14:16:24.774+0000] {dag.py:3696} INFO - Setting next_dagrun for yfinance_ingestion_dag to 2025-02-27T00:00:00+00:00, run_after=2025-02-28T00:00:00+00:00
[2025-02-27T14:16:24.806+0000] {processor.py:179} INFO - Processing /opt/airflow/dags/pipeline.py took 0.665 seconds
[2025-02-27T14:16:54.891+0000] {processor.py:157} INFO - Started process (PID=846) to work on /opt/airflow/dags/pipeline.py
[2025-02-27T14:16:54.892+0000] {processor.py:829} INFO - Processing file /opt/airflow/dags/pipeline.py for tasks to queue
[2025-02-27T14:16:54.893+0000] {logging_mixin.py:151} INFO - [2025-02-27T14:16:54.893+0000] {dagbag.py:539} INFO - Filling up the DagBag from /opt/airflow/dags/pipeline.py
[2025-02-27T14:16:55.392+0000] {processor.py:839} INFO - DAG(s) dict_keys(['yfinance_ingestion_dag']) retrieved from /opt/airflow/dags/pipeline.py
[2025-02-27T14:16:55.423+0000] {logging_mixin.py:151} INFO - [2025-02-27T14:16:55.423+0000] {dag.py:2915} INFO - Sync 1 DAGs
[2025-02-27T14:16:55.448+0000] {logging_mixin.py:151} INFO - [2025-02-27T14:16:55.448+0000] {dag.py:3696} INFO - Setting next_dagrun for yfinance_ingestion_dag to 2025-02-27T00:00:00+00:00, run_after=2025-02-28T00:00:00+00:00
[2025-02-27T14:16:55.474+0000] {processor.py:179} INFO - Processing /opt/airflow/dags/pipeline.py took 0.587 seconds
[2025-02-27T14:17:13.665+0000] {processor.py:157} INFO - Started process (PID=852) to work on /opt/airflow/dags/pipeline.py
[2025-02-27T14:17:13.667+0000] {processor.py:829} INFO - Processing file /opt/airflow/dags/pipeline.py for tasks to queue
[2025-02-27T14:17:13.669+0000] {logging_mixin.py:151} INFO - [2025-02-27T14:17:13.668+0000] {dagbag.py:539} INFO - Filling up the DagBag from /opt/airflow/dags/pipeline.py
[2025-02-27T14:17:14.333+0000] {processor.py:839} INFO - DAG(s) dict_keys(['yfinance_ingestion_dag']) retrieved from /opt/airflow/dags/pipeline.py
[2025-02-27T14:17:14.369+0000] {logging_mixin.py:151} INFO - [2025-02-27T14:17:14.368+0000] {dag.py:2915} INFO - Sync 1 DAGs
[2025-02-27T14:17:14.396+0000] {logging_mixin.py:151} INFO - [2025-02-27T14:17:14.396+0000] {dag.py:3696} INFO - Setting next_dagrun for yfinance_ingestion_dag to 2025-02-27T00:00:00+00:00, run_after=2025-02-28T00:00:00+00:00
[2025-02-27T14:17:14.428+0000] {processor.py:179} INFO - Processing /opt/airflow/dags/pipeline.py took 0.767 seconds
[2025-02-27T14:17:44.563+0000] {processor.py:157} INFO - Started process (PID=886) to work on /opt/airflow/dags/pipeline.py
[2025-02-27T14:17:44.565+0000] {processor.py:829} INFO - Processing file /opt/airflow/dags/pipeline.py for tasks to queue
[2025-02-27T14:17:44.567+0000] {logging_mixin.py:151} INFO - [2025-02-27T14:17:44.566+0000] {dagbag.py:539} INFO - Filling up the DagBag from /opt/airflow/dags/pipeline.py
[2025-02-27T14:17:45.104+0000] {processor.py:839} INFO - DAG(s) dict_keys(['yfinance_ingestion_dag']) retrieved from /opt/airflow/dags/pipeline.py
[2025-02-27T14:17:45.135+0000] {logging_mixin.py:151} INFO - [2025-02-27T14:17:45.134+0000] {dag.py:2915} INFO - Sync 1 DAGs
[2025-02-27T14:17:45.162+0000] {logging_mixin.py:151} INFO - [2025-02-27T14:17:45.161+0000] {dag.py:3696} INFO - Setting next_dagrun for yfinance_ingestion_dag to 2025-02-27T00:00:00+00:00, run_after=2025-02-28T00:00:00+00:00
[2025-02-27T14:17:45.187+0000] {processor.py:179} INFO - Processing /opt/airflow/dags/pipeline.py took 0.629 seconds
[2025-02-27T14:18:15.687+0000] {processor.py:157} INFO - Started process (PID=892) to work on /opt/airflow/dags/pipeline.py
[2025-02-27T14:18:15.688+0000] {processor.py:829} INFO - Processing file /opt/airflow/dags/pipeline.py for tasks to queue
[2025-02-27T14:18:15.690+0000] {logging_mixin.py:151} INFO - [2025-02-27T14:18:15.690+0000] {dagbag.py:539} INFO - Filling up the DagBag from /opt/airflow/dags/pipeline.py
[2025-02-27T14:18:16.212+0000] {processor.py:839} INFO - DAG(s) dict_keys(['yfinance_ingestion_dag']) retrieved from /opt/airflow/dags/pipeline.py
[2025-02-27T14:18:16.242+0000] {logging_mixin.py:151} INFO - [2025-02-27T14:18:16.241+0000] {dag.py:2915} INFO - Sync 1 DAGs
[2025-02-27T14:18:16.273+0000] {logging_mixin.py:151} INFO - [2025-02-27T14:18:16.273+0000] {dag.py:3696} INFO - Setting next_dagrun for yfinance_ingestion_dag to 2025-02-27T00:00:00+00:00, run_after=2025-02-28T00:00:00+00:00
[2025-02-27T14:18:16.301+0000] {processor.py:179} INFO - Processing /opt/airflow/dags/pipeline.py took 0.617 seconds
[2025-02-27T14:18:46.561+0000] {processor.py:157} INFO - Started process (PID=898) to work on /opt/airflow/dags/pipeline.py
[2025-02-27T14:18:46.562+0000] {processor.py:829} INFO - Processing file /opt/airflow/dags/pipeline.py for tasks to queue
[2025-02-27T14:18:46.563+0000] {logging_mixin.py:151} INFO - [2025-02-27T14:18:46.563+0000] {dagbag.py:539} INFO - Filling up the DagBag from /opt/airflow/dags/pipeline.py
[2025-02-27T14:18:46.959+0000] {processor.py:839} INFO - DAG(s) dict_keys(['yfinance_ingestion_dag']) retrieved from /opt/airflow/dags/pipeline.py
[2025-02-27T14:18:46.984+0000] {logging_mixin.py:151} INFO - [2025-02-27T14:18:46.984+0000] {dag.py:2915} INFO - Sync 1 DAGs
[2025-02-27T14:18:47.006+0000] {logging_mixin.py:151} INFO - [2025-02-27T14:18:47.005+0000] {dag.py:3696} INFO - Setting next_dagrun for yfinance_ingestion_dag to 2025-02-27T00:00:00+00:00, run_after=2025-02-28T00:00:00+00:00
[2025-02-27T14:18:47.029+0000] {processor.py:179} INFO - Processing /opt/airflow/dags/pipeline.py took 0.473 seconds
[2025-02-27T14:19:17.560+0000] {processor.py:157} INFO - Started process (PID=904) to work on /opt/airflow/dags/pipeline.py
[2025-02-27T14:19:17.561+0000] {processor.py:829} INFO - Processing file /opt/airflow/dags/pipeline.py for tasks to queue
[2025-02-27T14:19:17.562+0000] {logging_mixin.py:151} INFO - [2025-02-27T14:19:17.562+0000] {dagbag.py:539} INFO - Filling up the DagBag from /opt/airflow/dags/pipeline.py
[2025-02-27T14:19:18.102+0000] {processor.py:839} INFO - DAG(s) dict_keys(['yfinance_ingestion_dag']) retrieved from /opt/airflow/dags/pipeline.py
[2025-02-27T14:19:18.134+0000] {logging_mixin.py:151} INFO - [2025-02-27T14:19:18.133+0000] {dag.py:2915} INFO - Sync 1 DAGs
[2025-02-27T14:19:18.159+0000] {logging_mixin.py:151} INFO - [2025-02-27T14:19:18.159+0000] {dag.py:3696} INFO - Setting next_dagrun for yfinance_ingestion_dag to 2025-02-27T00:00:00+00:00, run_after=2025-02-28T00:00:00+00:00
[2025-02-27T14:19:18.184+0000] {processor.py:179} INFO - Processing /opt/airflow/dags/pipeline.py took 0.628 seconds
[2025-02-27T14:19:48.367+0000] {processor.py:157} INFO - Started process (PID=910) to work on /opt/airflow/dags/pipeline.py
[2025-02-27T14:19:48.370+0000] {processor.py:829} INFO - Processing file /opt/airflow/dags/pipeline.py for tasks to queue
[2025-02-27T14:19:48.371+0000] {logging_mixin.py:151} INFO - [2025-02-27T14:19:48.370+0000] {dagbag.py:539} INFO - Filling up the DagBag from /opt/airflow/dags/pipeline.py
[2025-02-27T14:19:48.868+0000] {processor.py:839} INFO - DAG(s) dict_keys(['yfinance_ingestion_dag']) retrieved from /opt/airflow/dags/pipeline.py
[2025-02-27T14:19:48.910+0000] {logging_mixin.py:151} INFO - [2025-02-27T14:19:48.909+0000] {dag.py:2915} INFO - Sync 1 DAGs
[2025-02-27T14:19:48.959+0000] {logging_mixin.py:151} INFO - [2025-02-27T14:19:48.958+0000] {dag.py:3696} INFO - Setting next_dagrun for yfinance_ingestion_dag to 2025-02-27T00:00:00+00:00, run_after=2025-02-28T00:00:00+00:00
[2025-02-27T14:19:48.999+0000] {processor.py:179} INFO - Processing /opt/airflow/dags/pipeline.py took 0.634 seconds
[2025-02-27T14:20:19.466+0000] {processor.py:157} INFO - Started process (PID=916) to work on /opt/airflow/dags/pipeline.py
[2025-02-27T14:20:19.468+0000] {processor.py:829} INFO - Processing file /opt/airflow/dags/pipeline.py for tasks to queue
[2025-02-27T14:20:19.469+0000] {logging_mixin.py:151} INFO - [2025-02-27T14:20:19.469+0000] {dagbag.py:539} INFO - Filling up the DagBag from /opt/airflow/dags/pipeline.py
[2025-02-27T14:20:19.925+0000] {processor.py:839} INFO - DAG(s) dict_keys(['yfinance_ingestion_dag']) retrieved from /opt/airflow/dags/pipeline.py
[2025-02-27T14:20:19.953+0000] {logging_mixin.py:151} INFO - [2025-02-27T14:20:19.952+0000] {dag.py:2915} INFO - Sync 1 DAGs
[2025-02-27T14:20:19.977+0000] {logging_mixin.py:151} INFO - [2025-02-27T14:20:19.976+0000] {dag.py:3696} INFO - Setting next_dagrun for yfinance_ingestion_dag to 2025-02-27T00:00:00+00:00, run_after=2025-02-28T00:00:00+00:00
[2025-02-27T14:20:20.003+0000] {processor.py:179} INFO - Processing /opt/airflow/dags/pipeline.py took 0.540 seconds
[2025-02-27T14:20:50.259+0000] {processor.py:157} INFO - Started process (PID=922) to work on /opt/airflow/dags/pipeline.py
[2025-02-27T14:20:50.261+0000] {processor.py:829} INFO - Processing file /opt/airflow/dags/pipeline.py for tasks to queue
[2025-02-27T14:20:50.265+0000] {logging_mixin.py:151} INFO - [2025-02-27T14:20:50.264+0000] {dagbag.py:539} INFO - Filling up the DagBag from /opt/airflow/dags/pipeline.py
[2025-02-27T14:20:50.823+0000] {processor.py:839} INFO - DAG(s) dict_keys(['yfinance_ingestion_dag']) retrieved from /opt/airflow/dags/pipeline.py
[2025-02-27T14:20:50.852+0000] {logging_mixin.py:151} INFO - [2025-02-27T14:20:50.852+0000] {dag.py:2915} INFO - Sync 1 DAGs
[2025-02-27T14:20:50.876+0000] {logging_mixin.py:151} INFO - [2025-02-27T14:20:50.876+0000] {dag.py:3696} INFO - Setting next_dagrun for yfinance_ingestion_dag to 2025-02-27T00:00:00+00:00, run_after=2025-02-28T00:00:00+00:00
[2025-02-27T14:20:50.899+0000] {processor.py:179} INFO - Processing /opt/airflow/dags/pipeline.py took 0.645 seconds
