[2025-03-13T21:06:52.867+0000] {taskinstance.py:1157} INFO - Dependencies all met for dep_context=non-requeueable deps ti=<TaskInstance: yfinance_ingestion_historique_gold.store_raw_data_in_hdfs manual__2025-03-13T21:06:46.973826+00:00 [queued]>
[2025-03-13T21:06:52.885+0000] {taskinstance.py:1157} INFO - Dependencies all met for dep_context=requeueable deps ti=<TaskInstance: yfinance_ingestion_historique_gold.store_raw_data_in_hdfs manual__2025-03-13T21:06:46.973826+00:00 [queued]>
[2025-03-13T21:06:52.887+0000] {taskinstance.py:1359} INFO - Starting attempt 1 of 1
[2025-03-13T21:06:52.918+0000] {taskinstance.py:1380} INFO - Executing <Task(PythonOperator): store_raw_data_in_hdfs> on 2025-03-13 21:06:46.973826+00:00
[2025-03-13T21:06:52.928+0000] {standard_task_runner.py:57} INFO - Started process 1630 to run task
[2025-03-13T21:06:52.932+0000] {standard_task_runner.py:84} INFO - Running: ['***', 'tasks', 'run', 'yfinance_ingestion_historique_gold', 'store_raw_data_in_hdfs', 'manual__2025-03-13T21:06:46.973826+00:00', '--job-id', '75', '--raw', '--subdir', 'DAGS_FOLDER/ingest_historique.py', '--cfg-path', '/tmp/tmpqku02uzc']
[2025-03-13T21:06:52.938+0000] {standard_task_runner.py:85} INFO - Job 75: Subtask store_raw_data_in_hdfs
[2025-03-13T21:06:53.007+0000] {task_command.py:415} INFO - Running <TaskInstance: yfinance_ingestion_historique_gold.store_raw_data_in_hdfs manual__2025-03-13T21:06:46.973826+00:00 [running]> on host 6947d18d7453
[2025-03-13T21:06:53.133+0000] {taskinstance.py:1660} INFO - Exporting env vars: AIRFLOW_CTX_DAG_OWNER='etudiant' AIRFLOW_CTX_DAG_ID='yfinance_ingestion_historique_gold' AIRFLOW_CTX_TASK_ID='store_raw_data_in_hdfs' AIRFLOW_CTX_EXECUTION_DATE='2025-03-13T21:06:46.973826+00:00' AIRFLOW_CTX_TRY_NUMBER='1' AIRFLOW_CTX_DAG_RUN_ID='manual__2025-03-13T21:06:46.973826+00:00'
[2025-03-13T21:06:53.223+0000] {taskinstance.py:1935} ERROR - Task failed with exception
Traceback (most recent call last):
  File "/home/airflow/.local/lib/python3.8/site-packages/airflow/operators/python.py", line 192, in execute
    return_value = self.execute_callable()
  File "/home/airflow/.local/lib/python3.8/site-packages/airflow/operators/python.py", line 209, in execute_callable
    return self.python_callable(*self.op_args, **self.op_kwargs)
  File "/opt/airflow/dags/ingest_historique.py", line 86, in store_raw_data_in_hdfs
    with open(local_file, 'w') as f:
PermissionError: [Errno 13] Permission denied: '/mnt/hadoop_data/yfinance_raw_historique.json'
[2025-03-13T21:06:53.239+0000] {taskinstance.py:1398} INFO - Marking task as FAILED. dag_id=yfinance_ingestion_historique_gold, task_id=store_raw_data_in_hdfs, execution_date=20250313T210646, start_date=20250313T210652, end_date=20250313T210653
[2025-03-13T21:06:53.257+0000] {standard_task_runner.py:104} ERROR - Failed to execute job 75 for task store_raw_data_in_hdfs ([Errno 13] Permission denied: '/mnt/hadoop_data/yfinance_raw_historique.json'; 1630)
[2025-03-13T21:06:53.310+0000] {local_task_job_runner.py:228} INFO - Task exited with return code 1
[2025-03-13T21:06:53.334+0000] {taskinstance.py:2776} INFO - 0 downstream tasks scheduled from follow-on schedule check
