[2025-02-27T12:22:23.319+0000] {taskinstance.py:1157} INFO - Dependencies all met for dep_context=non-requeueable deps ti=<TaskInstance: yfinance_ingestion_dag.fetch_data scheduled__2025-01-12T00:00:00+00:00 [queued]>
[2025-02-27T12:22:23.346+0000] {taskinstance.py:1157} INFO - Dependencies all met for dep_context=requeueable deps ti=<TaskInstance: yfinance_ingestion_dag.fetch_data scheduled__2025-01-12T00:00:00+00:00 [queued]>
[2025-02-27T12:22:23.350+0000] {taskinstance.py:1359} INFO - Starting attempt 1 of 1
[2025-02-27T12:22:23.656+0000] {taskinstance.py:1380} INFO - Executing <Task(PythonOperator): fetch_data> on 2025-01-12 00:00:00+00:00
[2025-02-27T12:22:23.691+0000] {standard_task_runner.py:57} INFO - Started process 256 to run task
[2025-02-27T12:22:23.700+0000] {standard_task_runner.py:84} INFO - Running: ['***', 'tasks', 'run', 'yfinance_ingestion_dag', 'fetch_data', 'scheduled__2025-01-12T00:00:00+00:00', '--job-id', '21', '--raw', '--subdir', 'DAGS_FOLDER/pipeline.py', '--cfg-path', '/tmp/tmpnspamfgy']
[2025-02-27T12:22:23.716+0000] {standard_task_runner.py:85} INFO - Job 21: Subtask fetch_data
[2025-02-27T12:22:23.939+0000] {task_command.py:415} INFO - Running <TaskInstance: yfinance_ingestion_dag.fetch_data scheduled__2025-01-12T00:00:00+00:00 [running]> on host 37788710213d
[2025-02-27T12:22:24.278+0000] {taskinstance.py:1660} INFO - Exporting env vars: AIRFLOW_CTX_DAG_OWNER='etudiant' AIRFLOW_CTX_DAG_ID='yfinance_ingestion_dag' AIRFLOW_CTX_TASK_ID='fetch_data' AIRFLOW_CTX_EXECUTION_DATE='2025-01-12T00:00:00+00:00' AIRFLOW_CTX_TRY_NUMBER='1' AIRFLOW_CTX_DAG_RUN_ID='scheduled__2025-01-12T00:00:00+00:00'
[2025-02-27T12:22:25.592+0000] {logging_mixin.py:151} INFO - [
    {
        "datetime": "2025-01-28T12:00:00.000Z",
        "open_price": 2766.300048828125,
        "high_price": 2768.89990234375,
        "low_price": 2764.800048828125,
        "close_price": 2767.10009765625,
        "volume": 0,
        "asset": "GOLD"
    },
    {
        "datetime": "2025-01-28T13:00:00.000Z",
        "open_price": 2767.10009765625,
        "high_price": 2772.800048828125,
        "low_price": 2766.800048828125,
        "close_price": 2772.199951171875,
        "volume": 12432,
        "asset": "GOLD"
    },
    {
        "datetime": "2025-01-28T14:00:00.000Z",
        "open_price": 2772.10009765625,
        "high_price": 2774.0,
        "low_price": 2771.300048828125,
        "close_price": 2773.199951171875,
        "volume": 5824,
        "asset": "GOLD"
    },
    {
        "datetime": "2025-01-28T15:00:00.000Z",
        "open_price": 2773.199951171875,
        "high_price": 2773.60009765625,
        "low_price": 2770.10009765625,
        "close_price": 2771.89990234375,
        "volume": 4794,
        "asset": "GOLD"
    },
    {
        "datetime": "2025-01-28T16:00:00.000Z",
        "open_price": 2771.800048828125,
        "high_price": 2772.0,
        "low_price": 2770.5,
        "close_price": 2771.5,
        "volume": 2576,
        "asset": "GOLD"
    }
]
[2025-02-27T12:22:25.718+0000] {python.py:194} INFO - Done. Returned value was: None
[2025-02-27T12:22:25.775+0000] {taskinstance.py:1398} INFO - Marking task as SUCCESS. dag_id=yfinance_ingestion_dag, task_id=fetch_data, execution_date=20250112T000000, start_date=20250227T122223, end_date=20250227T122225
[2025-02-27T12:22:26.010+0000] {local_task_job_runner.py:228} INFO - Task exited with return code 0
[2025-02-27T12:22:26.227+0000] {taskinstance.py:2776} INFO - 1 downstream tasks scheduled from follow-on schedule check
[2025-03-14T11:19:41.993+0000] {taskinstance.py:1157} INFO - Dependencies all met for dep_context=non-requeueable deps ti=<TaskInstance: yfinance_ingestion_dag.fetch_data scheduled__2025-01-12T00:00:00+00:00 [queued]>
[2025-03-14T11:19:42.031+0000] {taskinstance.py:1157} INFO - Dependencies all met for dep_context=requeueable deps ti=<TaskInstance: yfinance_ingestion_dag.fetch_data scheduled__2025-01-12T00:00:00+00:00 [queued]>
[2025-03-14T11:19:42.046+0000] {taskinstance.py:1359} INFO - Starting attempt 1 of 1
[2025-03-14T11:19:42.120+0000] {taskinstance.py:1380} INFO - Executing <Task(PythonOperator): fetch_data> on 2025-01-12 00:00:00+00:00
[2025-03-14T11:19:42.154+0000] {standard_task_runner.py:57} INFO - Started process 339 to run task
[2025-03-14T11:19:42.170+0000] {standard_task_runner.py:84} INFO - Running: ['***', 'tasks', 'run', 'yfinance_ingestion_dag', 'fetch_data', 'scheduled__2025-01-12T00:00:00+00:00', '--job-id', '98', '--raw', '--subdir', 'DAGS_FOLDER/pipeline.py', '--cfg-path', '/tmp/tmpll4s9sef']
[2025-03-14T11:19:42.187+0000] {standard_task_runner.py:85} INFO - Job 98: Subtask fetch_data
[2025-03-14T11:19:42.753+0000] {task_command.py:415} INFO - Running <TaskInstance: yfinance_ingestion_dag.fetch_data scheduled__2025-01-12T00:00:00+00:00 [running]> on host 84d5e306d956
[2025-03-14T11:19:43.573+0000] {taskinstance.py:1660} INFO - Exporting env vars: AIRFLOW_CTX_DAG_OWNER='etudiant' AIRFLOW_CTX_DAG_ID='yfinance_ingestion_dag' AIRFLOW_CTX_TASK_ID='fetch_data' AIRFLOW_CTX_EXECUTION_DATE='2025-01-12T00:00:00+00:00' AIRFLOW_CTX_TRY_NUMBER='1' AIRFLOW_CTX_DAG_RUN_ID='scheduled__2025-01-12T00:00:00+00:00'
[2025-03-14T11:19:44.998+0000] {logging_mixin.py:151} INFO - [
    {
        "datetime": "2025-03-14T00:00:00.000Z",
        "open_price": 3001.39990234375,
        "high_price": 3017.10009765625,
        "low_price": 2994.300048828125,
        "close_price": 3008.199951171875,
        "volume": 72052.0,
        "asset": "GOLD"
    }
]
[2025-03-14T11:19:45.050+0000] {python.py:194} INFO - Done. Returned value was: None
[2025-03-14T11:19:45.100+0000] {taskinstance.py:1398} INFO - Marking task as SUCCESS. dag_id=yfinance_ingestion_dag, task_id=fetch_data, execution_date=20250112T000000, start_date=20250314T111941, end_date=20250314T111945
[2025-03-14T11:19:45.799+0000] {local_task_job_runner.py:228} INFO - Task exited with return code 0
[2025-03-14T11:19:45.963+0000] {taskinstance.py:2776} INFO - 1 downstream tasks scheduled from follow-on schedule check
