[2025-03-14T11:26:03.074+0000] {taskinstance.py:1157} INFO - Dependencies all met for dep_context=non-requeueable deps ti=<TaskInstance: yfinance_ingestion_dag.update_historic_file_in_hdfs scheduled__2025-01-23T00:00:00+00:00 [queued]>
[2025-03-14T11:26:03.321+0000] {taskinstance.py:1157} INFO - Dependencies all met for dep_context=requeueable deps ti=<TaskInstance: yfinance_ingestion_dag.update_historic_file_in_hdfs scheduled__2025-01-23T00:00:00+00:00 [queued]>
[2025-03-14T11:26:03.344+0000] {taskinstance.py:1359} INFO - Starting attempt 1 of 1
[2025-03-14T11:26:11.983+0000] {local_task_job_runner.py:115} ERROR - Received SIGTERM. Terminating subprocesses
[2025-03-14T11:26:11.989+0000] {local_task_job_runner.py:228} INFO - Task exited with return code 143
[2025-03-14T11:26:12.162+0000] {taskinstance.py:2776} INFO - 0 downstream tasks scheduled from follow-on schedule check
[2025-03-14T11:27:12.317+0000] {taskinstance.py:1157} INFO - Dependencies all met for dep_context=non-requeueable deps ti=<TaskInstance: yfinance_ingestion_dag.update_historic_file_in_hdfs scheduled__2025-01-23T00:00:00+00:00 [queued]>
[2025-03-14T11:27:12.362+0000] {taskinstance.py:1157} INFO - Dependencies all met for dep_context=requeueable deps ti=<TaskInstance: yfinance_ingestion_dag.update_historic_file_in_hdfs scheduled__2025-01-23T00:00:00+00:00 [queued]>
[2025-03-14T11:27:12.364+0000] {taskinstance.py:1359} INFO - Starting attempt 1 of 1
[2025-03-14T11:27:12.443+0000] {taskinstance.py:1380} INFO - Executing <Task(PythonOperator): update_historic_file_in_hdfs> on 2025-01-23 00:00:00+00:00
[2025-03-14T11:27:12.480+0000] {standard_task_runner.py:57} INFO - Started process 202 to run task
[2025-03-14T11:27:12.582+0000] {standard_task_runner.py:84} INFO - Running: ['***', 'tasks', 'run', 'yfinance_ingestion_dag', 'update_historic_file_in_hdfs', 'scheduled__2025-01-23T00:00:00+00:00', '--job-id', '167', '--raw', '--subdir', 'DAGS_FOLDER/pipeline.py', '--cfg-path', '/tmp/tmpebtjqt4s']
[2025-03-14T11:27:12.607+0000] {standard_task_runner.py:85} INFO - Job 167: Subtask update_historic_file_in_hdfs
[2025-03-14T11:27:13.177+0000] {task_command.py:415} INFO - Running <TaskInstance: yfinance_ingestion_dag.update_historic_file_in_hdfs scheduled__2025-01-23T00:00:00+00:00 [running]> on host b54835a3049d
[2025-03-14T11:27:13.606+0000] {taskinstance.py:1660} INFO - Exporting env vars: AIRFLOW_CTX_DAG_OWNER='etudiant' AIRFLOW_CTX_DAG_ID='yfinance_ingestion_dag' AIRFLOW_CTX_TASK_ID='update_historic_file_in_hdfs' AIRFLOW_CTX_EXECUTION_DATE='2025-01-23T00:00:00+00:00' AIRFLOW_CTX_TRY_NUMBER='1' AIRFLOW_CTX_DAG_RUN_ID='scheduled__2025-01-23T00:00:00+00:00'
[2025-03-14T11:27:13.671+0000] {client.py:192} INFO - Instantiated <InsecureClient(url='http://namenode:9870')>.
[2025-03-14T11:27:13.677+0000] {client.py:724} INFO - Reading file '/user/etudiant/crypto/raw/historique_gold/yfinance_raw_historique.json'.
[2025-03-14T11:28:09.761+0000] {python.py:194} INFO - Done. Returned value was: None
[2025-03-14T11:28:10.499+0000] {taskinstance.py:1398} INFO - Marking task as SUCCESS. dag_id=yfinance_ingestion_dag, task_id=update_historic_file_in_hdfs, execution_date=20250123T000000, start_date=20250314T112712, end_date=20250314T112810
[2025-03-14T11:28:10.141+0000] {local_task_job_runner.py:228} INFO - Task exited with return code 0
[2025-03-14T11:28:12.369+0000] {taskinstance.py:2776} INFO - 0 downstream tasks scheduled from follow-on schedule check
