[2025-03-14T12:12:10.256+0000] {taskinstance.py:1157} INFO - Dependencies all met for dep_context=non-requeueable deps ti=<TaskInstance: yfinance_ingestion_dag.update_historic_file_in_hdfs manual__2025-03-14T12:11:01.426890+00:00 [queued]>
[2025-03-14T12:12:10.272+0000] {taskinstance.py:1157} INFO - Dependencies all met for dep_context=requeueable deps ti=<TaskInstance: yfinance_ingestion_dag.update_historic_file_in_hdfs manual__2025-03-14T12:11:01.426890+00:00 [queued]>
[2025-03-14T12:12:10.273+0000] {taskinstance.py:1359} INFO - Starting attempt 2 of 4
[2025-03-14T12:12:10.298+0000] {taskinstance.py:1380} INFO - Executing <Task(PythonOperator): update_historic_file_in_hdfs> on 2025-03-14 12:11:01.426890+00:00
[2025-03-14T12:12:10.307+0000] {standard_task_runner.py:57} INFO - Started process 1229 to run task
[2025-03-14T12:12:10.311+0000] {standard_task_runner.py:84} INFO - Running: ['***', 'tasks', 'run', 'yfinance_ingestion_dag', 'update_historic_file_in_hdfs', 'manual__2025-03-14T12:11:01.426890+00:00', '--job-id', '359', '--raw', '--subdir', 'DAGS_FOLDER/pipeline.py', '--cfg-path', '/tmp/tmprdjra3i5']
[2025-03-14T12:12:10.317+0000] {standard_task_runner.py:85} INFO - Job 359: Subtask update_historic_file_in_hdfs
[2025-03-14T12:12:10.385+0000] {task_command.py:415} INFO - Running <TaskInstance: yfinance_ingestion_dag.update_historic_file_in_hdfs manual__2025-03-14T12:11:01.426890+00:00 [running]> on host f8c11d6f9983
[2025-03-14T12:12:10.487+0000] {taskinstance.py:1660} INFO - Exporting env vars: AIRFLOW_CTX_DAG_OWNER='etudiant' AIRFLOW_CTX_DAG_ID='yfinance_ingestion_dag' AIRFLOW_CTX_TASK_ID='update_historic_file_in_hdfs' AIRFLOW_CTX_EXECUTION_DATE='2025-03-14T12:11:01.426890+00:00' AIRFLOW_CTX_TRY_NUMBER='2' AIRFLOW_CTX_DAG_RUN_ID='manual__2025-03-14T12:11:01.426890+00:00'
[2025-03-14T12:12:10.503+0000] {client.py:192} INFO - Instantiated <InsecureClient(url='http://namenode:9870')>.
[2025-03-14T12:12:10.505+0000] {client.py:724} INFO - Reading file '/user/etudiant/crypto/raw/historique_gold/yfinance_raw_historique.json'.
[2025-03-14T12:12:10.629+0000] {logging_mixin.py:151} INFO - Fichier historique chargé, 5825 lignes existantes.
[2025-03-14T12:12:10.632+0000] {logging_mixin.py:151} INFO - La ligne pour 2025-03-14T00:00:00.000Z existe déjà, pas d'ajout.
[2025-03-14T12:12:10.645+0000] {logging_mixin.py:151} INFO - Erreur lors de la création du fichier temporaire : Command '['chmod', '775', '/mnt/hadoop_data/']' returned non-zero exit status 1.
[2025-03-14T12:12:10.647+0000] {taskinstance.py:1935} ERROR - Task failed with exception
Traceback (most recent call last):
  File "/opt/airflow/dags/pipeline.py", line 96, in update_historic_file_in_hdfs
    subprocess.run(["chmod", "775", "/mnt/hadoop_data/"], check=True)
  File "/usr/local/lib/python3.8/subprocess.py", line 516, in run
    raise CalledProcessError(retcode, process.args,
subprocess.CalledProcessError: Command '['chmod', '775', '/mnt/hadoop_data/']' returned non-zero exit status 1.

During handling of the above exception, another exception occurred:

Traceback (most recent call last):
  File "/home/airflow/.local/lib/python3.8/site-packages/airflow/operators/python.py", line 192, in execute
    return_value = self.execute_callable()
  File "/home/airflow/.local/lib/python3.8/site-packages/airflow/operators/python.py", line 209, in execute_callable
    return self.python_callable(*self.op_args, **self.op_kwargs)
  File "/opt/airflow/dags/pipeline.py", line 103, in update_historic_file_in_hdfs
    raise ValueError(f"Échec de la création du fichier temporaire : {e}")
ValueError: Échec de la création du fichier temporaire : Command '['chmod', '775', '/mnt/hadoop_data/']' returned non-zero exit status 1.
[2025-03-14T12:12:10.670+0000] {taskinstance.py:1398} INFO - Marking task as UP_FOR_RETRY. dag_id=yfinance_ingestion_dag, task_id=update_historic_file_in_hdfs, execution_date=20250314T121101, start_date=20250314T121210, end_date=20250314T121210
[2025-03-14T12:12:10.688+0000] {standard_task_runner.py:104} ERROR - Failed to execute job 359 for task update_historic_file_in_hdfs (Échec de la création du fichier temporaire : Command '['chmod', '775', '/mnt/hadoop_data/']' returned non-zero exit status 1.; 1229)
[2025-03-14T12:12:10.732+0000] {local_task_job_runner.py:228} INFO - Task exited with return code 1
[2025-03-14T12:12:10.769+0000] {taskinstance.py:2776} INFO - 0 downstream tasks scheduled from follow-on schedule check
